Archive member included because of file (symbol)

d:/gcc-arm-embed/bin/../lib/gcc/arm-none-eabi/4.7.3/armv7-m\libgcc.a(_arm_addsubdf3.o)
                              build\components\libc\minilibc\math.o (__aeabi_dsub)
d:/gcc-arm-embed/bin/../lib/gcc/arm-none-eabi/4.7.3/armv7-m\libgcc.a(_arm_muldivdf3.o)
                              build\components\libc\minilibc\math.o (__aeabi_dmul)
d:/gcc-arm-embed/bin/../lib/gcc/arm-none-eabi/4.7.3/armv7-m\libgcc.a(_arm_fixdfsi.o)
                              build\components\libc\minilibc\math.o (__aeabi_d2iz)
d:/gcc-arm-embed/bin/../lib/gcc/arm-none-eabi/4.7.3/../../../../arm-none-eabi/lib/armv7-m\libc.a(lib_a-__atexit.o)
                              d:/gcc-arm-embed/bin/../lib/gcc/arm-none-eabi/4.7.3/../../../../arm-none-eabi/lib/armv7-m/crt0.o (__register_exitproc)
d:/gcc-arm-embed/bin/../lib/gcc/arm-none-eabi/4.7.3/../../../../arm-none-eabi/lib/armv7-m\libc.a(lib_a-exit.o)
                              d:/gcc-arm-embed/bin/../lib/gcc/arm-none-eabi/4.7.3/../../../../arm-none-eabi/lib/armv7-m/crt0.o (exit)
d:/gcc-arm-embed/bin/../lib/gcc/arm-none-eabi/4.7.3/../../../../arm-none-eabi/lib/armv7-m\libc.a(lib_a-fini.o)
                              d:/gcc-arm-embed/bin/../lib/gcc/arm-none-eabi/4.7.3/../../../../arm-none-eabi/lib/armv7-m/crt0.o (__libc_fini_array)
d:/gcc-arm-embed/bin/../lib/gcc/arm-none-eabi/4.7.3/../../../../arm-none-eabi/lib/armv7-m\libc.a(lib_a-impure.o)
                              d:/gcc-arm-embed/bin/../lib/gcc/arm-none-eabi/4.7.3/../../../../arm-none-eabi/lib/armv7-m\libc.a(lib_a-__atexit.o) (_global_impure_ptr)
d:/gcc-arm-embed/bin/../lib/gcc/arm-none-eabi/4.7.3/../../../../arm-none-eabi/lib/armv7-m\libc.a(lib_a-init.o)
                              d:/gcc-arm-embed/bin/../lib/gcc/arm-none-eabi/4.7.3/../../../../arm-none-eabi/lib/armv7-m/crt0.o (__libc_init_array)
d:/gcc-arm-embed/bin/../lib/gcc/arm-none-eabi/4.7.3/../../../../arm-none-eabi/lib/armv7-m\libc.a(lib_a-__call_atexit.o)
                              d:/gcc-arm-embed/bin/../lib/gcc/arm-none-eabi/4.7.3/../../../../arm-none-eabi/lib/armv7-m\libc.a(lib_a-exit.o) (__call_exitprocs)
d:/gcc-arm-embed/bin/../lib/gcc/arm-none-eabi/4.7.3/../../../../arm-none-eabi/lib/armv7-m\libc.a(lib_a-atexit.o)
                              d:/gcc-arm-embed/bin/../lib/gcc/arm-none-eabi/4.7.3/../../../../arm-none-eabi/lib/armv7-m\libc.a(lib_a-__call_atexit.o) (atexit)

Allocating common symbols
Common symbol       size              file

SaveRState          0x2               build\usb_hid\src\usb_int.o
rt_interrupt_to_thread
                    0x4               build\libcpu\arm\cortex-m3\cpuport.o
rt_interrupt_from_thread
                    0x4               build\libcpu\arm\cortex-m3\cpuport.o
SaveState           0x2               build\usb_hid\src\usb_init.o
ProtocolValue       0x4               build\usb_hid\src\usb_prop.o
gConsole            0x8               build\motor\src\cmd.o
rt_thread_switch_interrupt_flag
                    0x4               build\libcpu\arm\cortex-m3\cpuport.o
wIstr               0x2               build\usb_hid\src\usb_istr.o
pProperty           0x4               build\usb_hid\src\usb_init.o
uart3_int_rx        0x44              build\drivers\usart.o
EPindex             0x1               build\usb_hid\src\usb_init.o
Report_Buf          0x40              build\usb_hid\src\usb_prop.o
cmd_thread          0x78              build\motor\src\cmd.o
rt_thread_priority_table
                    0x100             build\src\scheduler.o
serial1             0x7c              build\drivers\usart.o
rt_object_put_hook  0x4               build\src\object.o
SaveTState          0x2               build\usb_hid\src\usb_int.o
gData               0xbc              build\motor\src\adc.o
gCmd_dealer         0x424             build\motor\src\cmd.o
Device_Info         0x1c              build\usb_hid\src\usb_init.o
rt_current_priority
                    0x1               build\src\scheduler.o
pUser_Standard_Requests
                    0x4               build\usb_hid\src\usb_init.o
ad_sample_thread    0x78              build\motor\src\adc.o
event_thread        0x78              build\motor\src\pwm.o
EXTI_Enable         0x1               build\usb_hid\src\usb_prop.o
uart2_int_rx        0x44              build\drivers\usart.o
cmd_stack           0x200             build\motor\src\cmd.o
StatusInfo          0x2               build\usb_hid\src\usb_core.o
pInformation        0x4               build\usb_hid\src\usb_init.o
ResumeS             0x2               build\usb_hid\src\usb_pwr.o
rt_interrupt_nest   0x1               build\src\irq.o
serial3             0x7c              build\drivers\usart.o
rt_object_take_hook
                    0x4               build\src\object.o
rt_current_thread   0x4               build\src\scheduler.o
rt_thread_ready_priority_group
                    0x4               build\src\scheduler.o
rt_thread_defunct   0x8               build\src\scheduler.o
[...]
Memory Configuration

Name             Origin             Length             Attributes
CODE             0x08000000         0x00010000         xr
DATA             0x20000000         0x00005000         rw
*default*        0x00000000         0xffffffff

Linker script and memory map

LOAD d:/gcc-arm-embed/bin/../lib/gcc/arm-none-eabi/4.7.3/armv7-m/crti.o
LOAD d:/gcc-arm-embed/bin/../lib/gcc/arm-none-eabi/4.7.3/armv7-m/crtbegin.o
LOAD d:/gcc-arm-embed/bin/../lib/gcc/arm-none-eabi/4.7.3/../../../../arm-none-eabi/lib/armv7-m/crt0.o
LOAD build\applications\application.o
LOAD build\applications\startup.o
LOAD build\drivers\board.o
LOAD build\drivers\stm32f10x_it.o
LOAD build\drivers\led.o
LOAD build\drivers\usart.o
LOAD build\Libraries\CMSIS\CM3\DeviceSupport\ST\STM32F10x\system_stm32f10x.o
LOAD build\Libraries\STM32F10x_StdPeriph_Driver\src\stm32f10x_crc.o
LOAD build\Libraries\STM32F10x_StdPeriph_Driver\src\stm32f10x_rcc.o
LOAD build\Libraries\STM32F10x_StdPeriph_Driver\src\stm32f10x_wwdg.o
LOAD build\Libraries\STM32F10x_StdPeriph_Driver\src\stm32f10x_pwr.o
LOAD build\Libraries\STM32F10x_StdPeriph_Driver\src\stm32f10x_exti.o
LOAD build\Libraries\STM32F10x_StdPeriph_Driver\src\stm32f10x_bkp.o
LOAD build\Libraries\STM32F10x_StdPeriph_Driver\src\stm32f10x_i2c.o
LOAD build\Libraries\STM32F10x_StdPeriph_Driver\src\stm32f10x_adc.o
LOAD build\Libraries\STM32F10x_StdPeriph_Driver\src\stm32f10x_dac.o
LOAD build\Libraries\STM32F10x_StdPeriph_Driver\src\stm32f10x_rtc.o
LOAD build\Libraries\STM32F10x_StdPeriph_Driver\src\stm32f10x_fsmc.o
LOAD build\Libraries\STM32F10x_StdPeriph_Driver\src\stm32f10x_tim.o
LOAD build\Libraries\STM32F10x_StdPeriph_Driver\src\stm32f10x_iwdg.o
LOAD build\Libraries\STM32F10x_StdPeriph_Driver\src\stm32f10x_spi.o
LOAD build\Libraries\STM32F10x_StdPeriph_Driver\src\stm32f10x_flash.o
LOAD build\Libraries\STM32F10x_StdPeriph_Driver\src\stm32f10x_sdio.o
LOAD build\Libraries\STM32F10x_StdPeriph_Driver\src\stm32f10x_gpio.o
LOAD build\Libraries\STM32F10x_StdPeriph_Driver\src\stm32f10x_usart.o
LOAD build\Libraries\STM32F10x_StdPeriph_Driver\src\stm32f10x_dbgmcu.o
LOAD build\Libraries\STM32F10x_StdPeriph_Driver\src\stm32f10x_dma.o
LOAD build\Libraries\STM32F10x_StdPeriph_Driver\src\stm32f10x_can.o
LOAD build\Libraries\STM32F10x_StdPeriph_Driver\src\stm32f10x_cec.o
LOAD build\Libraries\STM32F10x_StdPeriph_Driver\src\misc.o
LOAD build\Libraries\CMSIS\CM3\DeviceSupport\ST\STM32F10x\startup\gcc_ride7\startup_stm32f10x_md.o
LOAD build\motor\src\adc.o
LOAD build\motor\src\cmd.o
LOAD build\motor\src\counter.o
LOAD build\motor\src\entry.o
LOAD build\motor\src\flash.o
LOAD build\motor\src\pwm.o
LOAD build\motor\src\vout.o
LOAD build\motor\src\pga.o
LOAD build\motor\src\ds18b20.o
LOAD build\usb_hid\src\entry.o
LOAD build\usb_hid\src\hw_config.o
LOAD build\usb_hid\src\stm3210b_eval.o
LOAD build\usb_hid\src\stm32_it.o
LOAD build\usb_hid\src\usb_core.o
LOAD build\usb_hid\src\usb_desc.o
LOAD build\usb_hid\src\usb_endp.o
LOAD build\usb_hid\src\usb_init.o
LOAD build\usb_hid\src\usb_int.o
LOAD build\usb_hid\src\usb_istr.o
LOAD build\usb_hid\src\usb_mem.o
LOAD build\usb_hid\src\usb_prop.o
LOAD build\usb_hid\src\usb_pwr.o
LOAD build\usb_hid\src\usb_regs.o
LOAD build\usb_hid\src\usb_sil.o
LOAD build\src\clock.o
LOAD build\src\device.o
LOAD build\src\idle.o
LOAD build\src\ipc.o
LOAD build\src\irq.o
LOAD build\src\kservice.o
LOAD build\src\mem.o
LOAD build\src\mempool.o
LOAD build\src\object.o
LOAD build\src\scheduler.o
LOAD build\src\thread.o
LOAD build\src\timer.o
LOAD build\libcpu\arm\cortex-m3\cpuport.o
LOAD build\libcpu\arm\cortex-m3\context_gcc.o
LOAD build\libcpu\arm\common\backtrace.o
LOAD build\libcpu\arm\common\div0.o
LOAD build\libcpu\arm\common\showmem.o
LOAD build\components\drivers\serial\serial.o
LOAD build\components\drivers\src\completion.o
LOAD build\components\drivers\src\dataqueue.o
LOAD build\components\drivers\src\pipe.o
LOAD build\components\drivers\src\portal.o
LOAD build\components\drivers\src\ringbuffer.o
LOAD build\components\libc\minilibc\ctype.o
LOAD build\components\libc\minilibc\math.o
LOAD build\components\libc\minilibc\qsort.o
LOAD build\components\libc\minilibc\rand.o
LOAD build\components\libc\minilibc\stdlib.o
LOAD build\components\libc\minilibc\string.o
LOAD build\components\libc\minilibc\time.o
START GROUP
LOAD d:/gcc-arm-embed/bin/../lib/gcc/arm-none-eabi/4.7.3/armv7-m\libgcc.a
LOAD d:/gcc-arm-embed/bin/../lib/gcc/arm-none-eabi/4.7.3/../../../../arm-none-eabi/lib/armv7-m\libc.a
END GROUP
LOAD d:/gcc-arm-embed/bin/../lib/gcc/arm-none-eabi/4.7.3/armv7-m/crtend.o
LOAD d:/gcc-arm-embed/bin/../lib/gcc/arm-none-eabi/4.7.3/armv7-m/crtn.o
                0x00000400                _system_stack_size = 0x400

.text           0x08000000     0x9cc0
                0x08000000                . = ALIGN (0x4)
                0x08000000                _stext = .
 *(.isr_vector)
 .isr_vector    0x08000000      0x10c build\Libraries\CMSIS\CM3\DeviceSupport\ST\STM32F10x\startup\gcc_ride7\startup_stm32f10x_md.o
                0x08000000                g_pfnVectors
                0x0800010c                . = ALIGN (0x4)
 *(.text)
 .text          0x0800010c      0x100 build\libcpu\arm\cortex-m3\context_gcc.o
                0x0800010c                rt_hw_interrupt_disable
                0x08000114                rt_hw_interrupt_enable
                0x0800011a                rt_hw_context_switch_interrupt
                0x0800011a                rt_hw_context_switch
                0x0800013a                PendSV_Handler
                0x08000176                rt_hw_context_switch_to
                0x080001ac                rt_hw_interrupt_thread_switch
                0x080001b0                HardFault_Handler
                0x080001e4                rt_hw_interrupt_check
 *(.text.*)
 .text.rt_init_thread_entry
                0x0800020c        0x4 build\applications\application.o
                0x0800020c                rt_init_thread_entry
 .text.rt_application_init
                0x08000210       0xd8 build\applications\application.o
                0x08000210                rt_application_init
 .text.assert_failed
                0x080002e8       0x2c build\applications\startup.o
                0x080002e8                assert_failed
 .text.rtthread_startup
                0x08000314       0x3c build\applications\startup.o
                0x08000314                rtthread_startup
 .text.startup.main
                0x08000350       0x10 build\applications\startup.o
                0x08000350                main
 .text.NVIC_Configuration
                0x08000360        0xc build\drivers\board.o
                0x08000360                NVIC_Configuration
 .text.SysTick_Handler
                0x0800036c       0x14 build\drivers\board.o
                0x0800036c                SysTick_Handler
 .text.rt_hw_board_init
                0x08000380       0x54 build\drivers\board.o
                0x08000380                rt_hw_board_init
 .text.NMI_Handler
                0x080003d4        0x4 build\drivers\stm32f10x_it.o
                0x080003d4                NMI_Handler
 .text.MemManage_Handler
                0x080003d8        0x4 build\drivers\stm32f10x_it.o
                0x080003d8                MemManage_Handler
 .text.BusFault_Handler
                0x080003dc        0x4 build\drivers\stm32f10x_it.o
                0x080003dc                BusFault_Handler
 .text.UsageFault_Handler
                0x080003e0        0x4 build\drivers\stm32f10x_it.o
                0x080003e0                UsageFault_Handler
 .text.SVC_Handler
                0x080003e4        0x4 build\drivers\stm32f10x_it.o
                0x080003e4                SVC_Handler
 .text.DebugMon_Handler
                0x080003e8        0x4 build\drivers\stm32f10x_it.o
                0x080003e8                DebugMon_Handler
 .text.rt_hw_led_on
                0x080003ec       0x28 build\drivers\led.o
                0x080003ec                rt_hw_led_on
 .text.rt_hw_led_off
                0x08000414       0x28 build\drivers\led.o
                0x08000414                rt_hw_led_off
 .text.stm32_getc
                0x0800043c       0x48 build\drivers\usart.o
 .text.stm32_putc
                0x08000484       0x48 build\drivers\usart.o
 .text.stm32_control
                0x080004cc       0x7c build\drivers\usart.o
 .text.stm32_configure
                0x08000548       0xb4 build\drivers\usart.o
 .text.NVIC_Configuration.isra.0
                0x080005fc       0x24 build\drivers\usart.o
 .text.USART1_IRQHandler
                0x08000620       0x50 build\drivers\usart.o
                0x08000620                USART1_IRQHandler
 .text.USART2_IRQHandler
                0x08000670       0x50 build\drivers\usart.o
                0x08000670                USART2_IRQHandler
 .text.USART3_IRQHandler
                0x080006c0       0x50 build\drivers\usart.o
                0x080006c0                USART3_IRQHandler
 .text.rt_hw_usart_init
                0x08000710      0x1c0 build\drivers\usart.o
                0x08000710                rt_hw_usart_init
 .text.SystemInit
                0x080008d0      0x120 build\Libraries\CMSIS\CM3\DeviceSupport\ST\STM32F10x\system_stm32f10x.o
                0x080008d0                SystemInit
 .text.RCC_USBCLKConfig
                0x080009f0       0x20 build\Libraries\STM32F10x_StdPeriph_Driver\src\stm32f10x_rcc.o
                0x080009f0                RCC_USBCLKConfig
 .text.RCC_ADCCLKConfig
                0x08000a10       0x3c build\Libraries\STM32F10x_StdPeriph_Driver\src\stm32f10x_rcc.o
                0x08000a10                RCC_ADCCLKConfig
 .text.RCC_GetClocksFreq
                0x08000a4c       0xa8 build\Libraries\STM32F10x_StdPeriph_Driver\src\stm32f10x_rcc.o
                0x08000a4c                RCC_GetClocksFreq
 .text.RCC_AHBPeriphClockCmd
                0x08000af4       0x58 build\Libraries\STM32F10x_StdPeriph_Driver\src\stm32f10x_rcc.o
                0x08000af4                RCC_AHBPeriphClockCmd
 .text.RCC_APB2PeriphClockCmd
                0x08000b4c       0x58 build\Libraries\STM32F10x_StdPeriph_Driver\src\stm32f10x_rcc.o
                0x08000b4c                RCC_APB2PeriphClockCmd
 .text.RCC_APB1PeriphClockCmd
                0x08000ba4       0x5c build\Libraries\STM32F10x_StdPeriph_Driver\src\stm32f10x_rcc.o
                0x08000ba4                RCC_APB1PeriphClockCmd
 .text.RCC_APB2PeriphResetCmd
                0x08000c00       0x58 build\Libraries\STM32F10x_StdPeriph_Driver\src\stm32f10x_rcc.o
                0x08000c00                RCC_APB2PeriphResetCmd
 .text.RCC_APB1PeriphResetCmd
                0x08000c58       0x5c build\Libraries\STM32F10x_StdPeriph_Driver\src\stm32f10x_rcc.o
                0x08000c58                RCC_APB1PeriphResetCmd
 .text.EXTI_ClearITPendingBit
                0x08000cb4       0x24 build\Libraries\STM32F10x_StdPeriph_Driver\src\stm32f10x_exti.o
                0x08000cb4                EXTI_ClearITPendingBit
 .text.ADC_Init
                0x08000cd8      0x138 build\Libraries\STM32F10x_StdPeriph_Driver\src\stm32f10x_adc.o
                0x08000cd8                ADC_Init
 .text.ADC_Cmd  0x08000e10       0x60 build\Libraries\STM32F10x_StdPeriph_Driver\src\stm32f10x_adc.o
                0x08000e10                ADC_Cmd
 .text.ADC_DMACmd
                0x08000e70       0x54 build\Libraries\STM32F10x_StdPeriph_Driver\src\stm32f10x_adc.o
                0x08000e70                ADC_DMACmd
 .text.ADC_ResetCalibration
                0x08000ec4       0x40 build\Libraries\STM32F10x_StdPeriph_Driver\src\stm32f10x_adc.o
                0x08000ec4                ADC_ResetCalibration
 .text.ADC_GetResetCalibrationStatus
                0x08000f04       0x40 build\Libraries\STM32F10x_StdPeriph_Driver\src\stm32f10x_adc.o
                0x08000f04                ADC_GetResetCalibrationStatus
 .text.ADC_StartCalibration
                0x08000f44       0x40 build\Libraries\STM32F10x_StdPeriph_Driver\src\stm32f10x_adc.o
                0x08000f44                ADC_StartCalibration
 .text.ADC_GetCalibrationStatus
                0x08000f84       0x40 build\Libraries\STM32F10x_StdPeriph_Driver\src\stm32f10x_adc.o
                0x08000f84                ADC_GetCalibrationStatus
 .text.ADC_SoftwareStartConvCmd
                0x08000fc4       0x60 build\Libraries\STM32F10x_StdPeriph_Driver\src\stm32f10x_adc.o
                0x08000fc4                ADC_SoftwareStartConvCmd
 .text.ADC_RegularChannelConfig
                0x08001024      0x10c build\Libraries\STM32F10x_StdPeriph_Driver\src\stm32f10x_adc.o
                0x08001024                ADC_RegularChannelConfig
 .text.TIM_DeInit
                0x08001130      0x26c build\Libraries\STM32F10x_StdPeriph_Driver\src\stm32f10x_tim.o
                0x08001130                TIM_DeInit
 .text.TIM_TimeBaseInit
                0x0800139c      0x1e0 build\Libraries\STM32F10x_StdPeriph_Driver\src\stm32f10x_tim.o
                0x0800139c                TIM_TimeBaseInit
 .text.TIM_OC1Init
                0x0800157c      0x210 build\Libraries\STM32F10x_StdPeriph_Driver\src\stm32f10x_tim.o
                0x0800157c                TIM_OC1Init
 .text.TIM_Cmd  0x0800178c      0x108 build\Libraries\STM32F10x_StdPeriph_Driver\src\stm32f10x_tim.o
                0x0800178c                TIM_Cmd
 .text.TIM_OC1NPolarityConfig
                0x08001894       0x74 build\Libraries\STM32F10x_StdPeriph_Driver\src\stm32f10x_tim.o
                0x08001894                TIM_OC1NPolarityConfig
 .text.TIM_CCxCmd
                0x08001908      0x108 build\Libraries\STM32F10x_StdPeriph_Driver\src\stm32f10x_tim.o
                0x08001908                TIM_CCxCmd
 .text.TIM_SetCounter
                0x08001a10       0xe0 build\Libraries\STM32F10x_StdPeriph_Driver\src\stm32f10x_tim.o
                0x08001a10                TIM_SetCounter
 .text.TIM_SetAutoreload
                0x08001af0       0xe0 build\Libraries\STM32F10x_StdPeriph_Driver\src\stm32f10x_tim.o
                0x08001af0                TIM_SetAutoreload
 .text.TIM_SetCompare1
                0x08001bd0       0xc8 build\Libraries\STM32F10x_StdPeriph_Driver\src\stm32f10x_tim.o
                0x08001bd0                TIM_SetCompare1
 .text.TIM_ClearFlag
                0x08001c98       0xf4 build\Libraries\STM32F10x_StdPeriph_Driver\src\stm32f10x_tim.o
                0x08001c98                TIM_ClearFlag
 .text.FLASH_UnlockBank1
                0x08001d8c       0x20 build\Libraries\STM32F10x_StdPeriph_Driver\src\stm32f10x_flash.o
                0x08001d8c                FLASH_UnlockBank1
 .text.FLASH_LockBank1
                0x08001dac       0x14 build\Libraries\STM32F10x_StdPeriph_Driver\src\stm32f10x_flash.o
                0x08001dac                FLASH_LockBank1
 .text.FLASH_GetBank1Status
                0x08001dc0       0x2c build\Libraries\STM32F10x_StdPeriph_Driver\src\stm32f10x_flash.o
                0x08001dc0                FLASH_GetBank1Status
 .text.FLASH_WaitForLastOperation
                0x08001dec       0x40 build\Libraries\STM32F10x_StdPeriph_Driver\src\stm32f10x_flash.o
                0x08001dec                FLASH_WaitForLastOperation
 .text.FLASH_ProgramWord
                0x08001e2c       0x90 build\Libraries\STM32F10x_StdPeriph_Driver\src\stm32f10x_flash.o
                0x08001e2c                FLASH_ProgramWord
 .text.GPIO_Init
                0x08001ebc      0x338 build\Libraries\STM32F10x_StdPeriph_Driver\src\stm32f10x_gpio.o
                0x08001ebc                GPIO_Init
 .text.GPIO_ReadInputDataBit
                0x080021f4       0xcc build\Libraries\STM32F10x_StdPeriph_Driver\src\stm32f10x_gpio.o
                0x080021f4                GPIO_ReadInputDataBit
 .text.GPIO_SetBits
                0x080022c0       0x78 build\Libraries\STM32F10x_StdPeriph_Driver\src\stm32f10x_gpio.o
                0x080022c0                GPIO_SetBits
 .text.GPIO_ResetBits
                0x08002338       0x78 build\Libraries\STM32F10x_StdPeriph_Driver\src\stm32f10x_gpio.o
                0x08002338                GPIO_ResetBits
 .text.USART_Init
                0x080023b0      0x1e8 build\Libraries\STM32F10x_StdPeriph_Driver\src\stm32f10x_usart.o
                0x080023b0                USART_Init
 .text.USART_Cmd
                0x08002598       0x7c build\Libraries\STM32F10x_StdPeriph_Driver\src\stm32f10x_usart.o
                0x08002598                USART_Cmd
 .text.USART_ITConfig
                0x08002614      0x118 build\Libraries\STM32F10x_StdPeriph_Driver\src\stm32f10x_usart.o
                0x08002614                USART_ITConfig
 .text.USART_GetITStatus
                0x0800272c      0x144 build\Libraries\STM32F10x_StdPeriph_Driver\src\stm32f10x_usart.o
                0x0800272c                USART_GetITStatus
 .text.USART_ClearITPendingBit
                0x08002870       0xbc build\Libraries\STM32F10x_StdPeriph_Driver\src\stm32f10x_usart.o
                0x08002870                USART_ClearITPendingBit
 .text.DMA_DeInit
                0x0800292c      0x224 build\Libraries\STM32F10x_StdPeriph_Driver\src\stm32f10x_dma.o
                0x0800292c                DMA_DeInit
 .text.DMA_Init
                0x08002b50      0x1a0 build\Libraries\STM32F10x_StdPeriph_Driver\src\stm32f10x_dma.o
                0x08002b50                DMA_Init
 .text.DMA_Cmd  0x08002cf0       0xc0 build\Libraries\STM32F10x_StdPeriph_Driver\src\stm32f10x_dma.o
                0x08002cf0                DMA_Cmd
 .text.NVIC_PriorityGroupConfig
                0x08002db0       0x44 build\Libraries\STM32F10x_StdPeriph_Driver\src\misc.o
                0x08002db0                NVIC_PriorityGroupConfig
 .text.NVIC_Init
                0x08002df4       0xb0 build\Libraries\STM32F10x_StdPeriph_Driver\src\misc.o
                0x08002df4                NVIC_Init
 .text.NVIC_SetVectorTable
                0x08002ea4       0x48 build\Libraries\STM32F10x_StdPeriph_Driver\src\misc.o
                0x08002ea4                NVIC_SetVectorTable
 .text.Reset_Handler
                0x08002eec       0x4c build\Libraries\CMSIS\CM3\DeviceSupport\ST\STM32F10x\startup\gcc_ride7\startup_stm32f10x_md.o
                0x08002eec                Reset_Handler
 .text.Default_Handler
                0x08002f38        0x4 build\Libraries\CMSIS\CM3\DeviceSupport\ST\STM32F10x\startup\gcc_ride7\startup_stm32f10x_md.o
                0x08002f38                EXTI2_IRQHandler
                0x08002f38                TIM1_CC_IRQHandler
                0x08002f38                PVD_IRQHandler
                0x08002f38                EXTI3_IRQHandler
                0x08002f38                EXTI0_IRQHandler
                0x08002f38                I2C2_EV_IRQHandler
                0x08002f38                ADC1_2_IRQHandler
                0x08002f38                SPI1_IRQHandler
                0x08002f38                TAMPER_IRQHandler
                0x08002f38                DMA1_Channel4_IRQHandler
                0x08002f38                RTC_IRQHandler
                0x08002f38                DMA1_Channel7_IRQHandler
                0x08002f38                CAN1_RX1_IRQHandler
                0x08002f38                TIM4_IRQHandler
                0x08002f38                I2C1_EV_IRQHandler
                0x08002f38                DMA1_Channel6_IRQHandler
                0x08002f38                RCC_IRQHandler
                0x08002f38                TIM1_TRG_COM_IRQHandler
                0x08002f38                DMA1_Channel1_IRQHandler
                0x08002f38                Default_Handler
                0x08002f38                EXTI9_5_IRQHandler
                0x08002f38                SPI2_IRQHandler
                0x08002f38                DMA1_Channel5_IRQHandler
                0x08002f38                USB_HP_CAN1_TX_IRQHandler
                0x08002f38                DMA1_Channel3_IRQHandler
                0x08002f38                TIM1_UP_IRQHandler
                0x08002f38                WWDG_IRQHandler
                0x08002f38                TIM2_IRQHandler
                0x08002f38                TIM1_BRK_IRQHandler
                0x08002f38                EXTI1_IRQHandler
                0x08002f38                RTCAlarm_IRQHandler
                0x08002f38                I2C2_ER_IRQHandler
                0x08002f38                DMA1_Channel2_IRQHandler
                0x08002f38                CAN1_SCE_IRQHandler
                0x08002f38                FLASH_IRQHandler
                0x08002f38                I2C1_ER_IRQHandler
 .text.data_t_run
                0x08002f3c       0x10 build\motor\src\adc.o
                0x08002f3c                data_t_run
 .text.data_t_stop
                0x08002f4c       0x10 build\motor\src\adc.o
                0x08002f4c                data_t_stop
 .text.data_t_set_manual
                0x08002f5c       0x2c build\motor\src\adc.o
                0x08002f5c                data_t_set_manual
 .text.data_t_sample
                0x08002f88       0xd8 build\motor\src\adc.o
                0x08002f88                data_t_sample
 .text.data_t_format
                0x08003060       0x44 build\motor\src\adc.o
                0x08003060                data_t_format
 .text.get_temp
                0x080030a4       0x2c build\motor\src\adc.o
                0x080030a4                get_temp
 .text.data_t_upload
                0x080030d0        0xc build\motor\src\adc.o
                0x080030d0                data_t_upload
 .text.data_t_reset
                0x080030dc       0x1c build\motor\src\adc.o
                0x080030dc                data_t_reset
 .text.data_t_init
                0x080030f8       0x94 build\motor\src\adc.o
                0x080030f8                data_t_init
 .text.data_t_set_channel
                0x0800318c       0x14 build\motor\src\adc.o
                0x0800318c                data_t_set_channel
 .text.data_t_set_interval
                0x080031a0       0x1c build\motor\src\adc.o
                0x080031a0                data_t_set_interval
 .text.data_t_cfg
                0x080031bc        0xc build\motor\src\adc.o
                0x080031bc                data_t_cfg
 .text.data_t_service
                0x080031c8       0x30 build\motor\src\adc.o
                0x080031c8                data_t_service
 .text.delay_loop
                0x080031f8       0x24 build\motor\src\adc.o
                0x080031f8                delay_loop
 .text.set_SW   0x0800321c       0x34 build\motor\src\adc.o
                0x0800321c                set_SW
 .text.switch_485
                0x08003250       0x20 build\motor\src\adc.o
                0x08003250                switch_485
 .text.switch_232
                0x08003270       0x20 build\motor\src\adc.o
                0x08003270                switch_232
 .text.switch_CAN
                0x08003290       0x20 build\motor\src\adc.o
                0x08003290                switch_CAN
 .text.switch_NTC
                0x080032b0       0x28 build\motor\src\adc.o
                0x080032b0                switch_NTC
 .text.switch_R
                0x080032d8       0x38 build\motor\src\adc.o
                0x080032d8                switch_R
 .text.switch_UI
                0x08003310       0x38 build\motor\src\adc.o
                0x08003310                switch_UI
 .text.switch_RAT
                0x08003348       0xb4 build\motor\src\adc.o
                0x08003348                switch_RAT
 .text.RCC_ADC_init
                0x080033fc       0x24 build\motor\src\adc.o
                0x080033fc                RCC_ADC_init
 .text.swR_init
                0x08003420       0x34 build\motor\src\adc.o
                0x08003420                swR_init
 .text.GPIO_ADC_init
                0x08003454       0x28 build\motor\src\adc.o
                0x08003454                GPIO_ADC_init
 .text.DMA_ADC_init
                0x0800347c       0x5c build\motor\src\adc.o
                0x0800347c                DMA_ADC_init
 .text.adc_config
                0x080034d8      0x10c build\motor\src\adc.o
                0x080034d8                adc_config
 .text.ad_sample_thread_entry
                0x080035e4       0x24 build\motor\src\adc.o
                0x080035e4                ad_sample_thread_entry
 .text.has_cmd_
                0x08003608       0x14 build\motor\src\cmd.o
                0x08003608                has_cmd_
 .text.append_  0x0800361c       0x7c build\motor\src\cmd.o
                0x0800361c                append_
 .text.get_calibr
                0x08003698       0x38 build\motor\src\cmd.o
                0x08003698                get_calibr
 .text.flash    0x080036d0       0x34 build\motor\src\cmd.o
                0x080036d0                flash
 .text.set_calibr
                0x08003704       0x4c build\motor\src\cmd.o
                0x08003704                set_calibr
 .text.console_srv
                0x08003750       0x6c build\motor\src\cmd.o
                0x08003750                console_srv
 .text.deal_cmd__
                0x080037bc       0x5c build\motor\src\cmd.o
                0x080037bc                deal_cmd__
 .text.deal_cmd_
                0x08003818       0xa8 build\motor\src\cmd.o
                0x08003818                deal_cmd_
 .text.vout_srv
                0x080038c0        0xc build\motor\src\cmd.o
                0x080038c0                vout_srv
 .text.adc_srv  0x080038cc        0xc build\motor\src\cmd.o
                0x080038cc                adc_srv
 .text.motor_srv
                0x080038d8        0xc build\motor\src\cmd.o
                0x080038d8                motor_srv
 .text.calib_srv
                0x080038e4        0xc build\motor\src\cmd.o
                0x080038e4                calib_srv
 .text.cmd_dealer_init
                0x080038f0       0x4c build\motor\src\cmd.o
                0x080038f0                cmd_dealer_init
 .text.cmd_thread_entry
                0x0800393c       0x38 build\motor\src\cmd.o
                0x0800393c                cmd_thread_entry
 .text.TIM3_IRQHandler
                0x08003974       0x4c build\motor\src\counter.o
                0x08003974                TIM3_IRQHandler
 .text.RCC_Configuration_motor
                0x080039c0        0x8 build\motor\src\entry.o
                0x080039c0                RCC_Configuration_motor
 .text.NVIC_Configuration_motor
                0x080039c8       0x2c build\motor\src\entry.o
                0x080039c8                NVIC_Configuration_motor
 .text.hardware_init
                0x080039f4       0x28 build\motor\src\entry.o
                0x080039f4                hardware_init
 .text.motor_set_auto
                0x08003a1c       0x34 build\motor\src\pwm.o
                0x08003a1c                motor_set_auto
 .text.motor_setup
                0x08003a50       0x14 build\motor\src\pwm.o
                0x08003a50                motor_setup
 .text.middle_Y_led
                0x08003a64        0x8 build\motor\src\pwm.o
                0x08003a64                middle_Y_led
 .text.middle_N_led
                0x08003a6c        0x8 build\motor\src\pwm.o
                0x08003a6c                middle_N_led
 .text.middle_status_update
                0x08003a74       0x34 build\motor\src\pwm.o
                0x08003a74                middle_status_update
 .text.EXTI15_10_IRQHandler
                0x08003aa8       0x38 build\motor\src\pwm.o
                0x08003aa8                EXTI15_10_IRQHandler
 .text.EXTI4_IRQHandler
                0x08003ae0       0x38 build\motor\src\pwm.o
                0x08003ae0                EXTI4_IRQHandler
 .text.pwm_accl
                0x08003b18       0x2c build\motor\src\pwm.o
                0x08003b18                pwm_accl
 .text.pwm_dccl
                0x08003b44       0x24 build\motor\src\pwm.o
                0x08003b44                pwm_dccl
 .text.motor_accl
                0x08003b68       0x38 build\motor\src\pwm.o
                0x08003b68                motor_accl
 .text.pwm_stop
                0x08003ba0       0x44 build\motor\src\pwm.o
                0x08003ba0                pwm_stop
 .text.motor_stop
                0x08003be4       0x18 build\motor\src\pwm.o
                0x08003be4                motor_stop
 .text.pollar_service
                0x08003bfc       0x8c build\motor\src\pwm.o
                0x08003bfc                pollar_service
 .text.event_thread_entry
                0x08003c88       0x1c build\motor\src\pwm.o
                0x08003c88                event_thread_entry
 .text.pwm_run  0x08003ca4       0x34 build\motor\src\pwm.o
                0x08003ca4                pwm_run
 .text.pwm_set_forward
                0x08003cd8       0x14 build\motor\src\pwm.o
                0x08003cd8                pwm_set_forward
 .text.pwm_set_backward
                0x08003cec       0x14 build\motor\src\pwm.o
                0x08003cec                pwm_set_backward
 .text.motor_run
                0x08003d00       0x5c build\motor\src\pwm.o
                0x08003d00                motor_run
 .text.motor_move
                0x08003d5c       0x80 build\motor\src\pwm.o
                0x08003d5c                motor_move
 .text.vout_set
                0x08003ddc       0x28 build\motor\src\vout.o
                0x08003ddc                vout_set
 .text.RCC_vout_init
                0x08003e04       0x18 build\motor\src\vout.o
                0x08003e04                RCC_vout_init
 .text.GPIO_vout_init
                0x08003e1c       0x2c build\motor\src\vout.o
                0x08003e1c                GPIO_vout_init
 .text.t1c1_init
                0x08003e48       0x88 build\motor\src\vout.o
                0x08003e48                t1c1_init
 .text.vout_init
                0x08003ed0       0x14 build\motor\src\vout.o
                0x08003ed0                vout_init
 .text.delay    0x08003ee4        0x4 build\motor\src\vout.o
                0x08003ee4                delay
 .text.vout_adj
                0x08003ee8       0x3c build\motor\src\vout.o
                0x08003ee8                vout_adj
 .text.vout_decrease
                0x08003f24       0x24 build\motor\src\vout.o
                0x08003f24                vout_decrease
 .text.vout_increase
                0x08003f48       0x24 build\motor\src\vout.o
                0x08003f48                vout_increase
 .text.RCC_pga_init
                0x08003f6c        0x8 build\motor\src\pga.o
                0x08003f6c                RCC_pga_init
 .text.GPIO_pga_init
                0x08003f74       0xc4 build\motor\src\pga.o
                0x08003f74                GPIO_pga_init
 .text.pga_init
                0x08004038       0x10 build\motor\src\pga.o
                0x08004038                pga_init
 .text.write_sport
                0x08004048      0x1d8 build\motor\src\pga.o
                0x08004048                write_sport
 .text.pga_set  0x08004220       0x8c build\motor\src\pga.o
                0x08004220                pga_set
 .text.RCC_ds18b20_setup_out
                0x080042ac        0x8 build\motor\src\ds18b20.o
                0x080042ac                RCC_ds18b20_setup_out
 .text.GPIO_ds18b20_setup_out
                0x080042b4       0x2c build\motor\src\ds18b20.o
                0x080042b4                GPIO_ds18b20_setup_out
 .text.GPIO_ds18b20_setup_in
                0x080042e0       0x2c build\motor\src\ds18b20.o
                0x080042e0                GPIO_ds18b20_setup_in
 .text.ds18b20_init
                0x0800430c       0x10 build\motor\src\ds18b20.o
                0x0800430c                ds18b20_init
 .text.ds18b20_reset
                0x0800431c       0x64 build\motor\src\ds18b20.o
                0x0800431c                ds18b20_reset
 .text.read_bit
                0x08004380       0x4c build\motor\src\ds18b20.o
                0x08004380                read_bit
 .text.temp_read_byte
                0x080043cc       0x68 build\motor\src\ds18b20.o
                0x080043cc                temp_read_byte
 .text.temp_write_byte
                0x08004434      0x248 build\motor\src\ds18b20.o
                0x08004434                temp_write_byte
 .text.temp_trig
                0x0800467c       0x24 build\motor\src\ds18b20.o
                0x0800467c                temp_trig
 .text.get_temp_
                0x080046a0       0x28 build\motor\src\ds18b20.o
                0x080046a0                get_temp_
 .text.usb_init
                0x080046c8       0x30 build\usb_hid\src\entry.o
                0x080046c8                usb_init
 .text.Delay    0x080046f8       0x24 build\usb_hid\src\entry.o
                0x080046f8                Delay
 .text.IntToUnicode
                0x0800471c       0x78 build\usb_hid\src\hw_config.o
 .text.Set_USBClock
                0x08004794       0x18 build\usb_hid\src\hw_config.o
                0x08004794                Set_USBClock
 .text.USB_Interrupts_Config
                0x080047ac       0x40 build\usb_hid\src\hw_config.o
                0x080047ac                USB_Interrupts_Config
 .text.USB_Cable_Config
                0x080047ec       0x24 build\usb_hid\src\hw_config.o
                0x080047ec                USB_Cable_Config
 .text.GPIO_Configuration
                0x08004810       0x34 build\usb_hid\src\hw_config.o
                0x08004810                GPIO_Configuration
 .text.Set_System
                0x08004844       0x1c build\usb_hid\src\hw_config.o
                0x08004844                Set_System
 .text.Get_SerialNum
                0x08004860       0x44 build\usb_hid\src\hw_config.o
                0x08004860                Get_SerialNum
 .text.STM_EVAL_LEDOn
                0x080048a4       0x1c build\usb_hid\src\stm3210b_eval.o
                0x080048a4                STM_EVAL_LEDOn
 .text.STM_EVAL_LEDOff
                0x080048c0       0x1c build\usb_hid\src\stm3210b_eval.o
                0x080048c0                STM_EVAL_LEDOff
 .text.USB_LP_CAN1_RX0_IRQHandler
                0x080048dc        0x4 build\usb_hid\src\stm32_it.o
                0x080048dc                USB_LP_CAN1_RX0_IRQHandler
 .text.USBWakeUp_IRQHandler
                0x080048e0        0x8 build\usb_hid\src\stm32_it.o
                0x080048e0                USBWakeUp_IRQHandler
 .text.Standard_GetConfiguration
                0x080048e8       0x28 build\usb_hid\src\usb_core.o
                0x080048e8                Standard_GetConfiguration
 .text.Standard_GetInterface
                0x08004910       0x28 build\usb_hid\src\usb_core.o
                0x08004910                Standard_GetInterface
 .text.Standard_GetStatus
                0x08004938       0xa0 build\usb_hid\src\usb_core.o
                0x08004938                Standard_GetStatus
 .text.DataStageIn
                0x080049d8       0xb4 build\usb_hid\src\usb_core.o
 .text.Standard_SetConfiguration
                0x08004a8c       0x3c build\usb_hid\src\usb_core.o
                0x08004a8c                Standard_SetConfiguration
 .text.Standard_SetInterface
                0x08004ac8       0x50 build\usb_hid\src\usb_core.o
                0x08004ac8                Standard_SetInterface
 .text.Standard_ClearFeature
                0x08004b18       0xe8 build\usb_hid\src\usb_core.o
                0x08004b18                Standard_ClearFeature
 .text.Standard_SetEndPointFeature
                0x08004c00       0x98 build\usb_hid\src\usb_core.o
                0x08004c00                Standard_SetEndPointFeature
 .text.Standard_GetDescriptorData
                0x08004c98       0x1c build\usb_hid\src\usb_core.o
                0x08004c98                Standard_GetDescriptorData
 .text.Post0_Process
                0x08004cb4       0x44 build\usb_hid\src\usb_core.o
                0x08004cb4                Post0_Process
 .text.Out0_Process
                0x08004cf8       0xe4 build\usb_hid\src\usb_core.o
                0x08004cf8                Out0_Process
 .text.Setup0_Process
                0x08004ddc      0x370 build\usb_hid\src\usb_core.o
                0x08004ddc                Setup0_Process
 .text.SetDeviceAddress
                0x0800514c       0xa8 build\usb_hid\src\usb_core.o
                0x0800514c                SetDeviceAddress
 .text.In0_Process
                0x080051f4       0x60 build\usb_hid\src\usb_core.o
                0x080051f4                In0_Process
 .text.NOP_Process
                0x08005254        0x4 build\usb_hid\src\usb_core.o
                0x08005254                NOP_Process
 .text.print2usb
                0x08005258       0x74 build\usb_hid\src\usb_endp.o
                0x08005258                print2usb
 .text.EP1_OUT_Callback
                0x080052cc       0x38 build\usb_hid\src\usb_endp.o
                0x080052cc                EP1_OUT_Callback
 .text.EP2_IN_Callback
                0x08005304       0x10 build\usb_hid\src\usb_endp.o
                0x08005304                EP2_IN_Callback
 .text.USB_Init
                0x08005314       0x44 build\usb_hid\src\usb_init.o
                0x08005314                USB_Init
 .text.CTR_LP   0x08005358      0x1b4 build\usb_hid\src\usb_int.o
                0x08005358                CTR_LP
 .text.USB_Istr
                0x0800550c       0x58 build\usb_hid\src\usb_istr.o
                0x0800550c                USB_Istr
 .text.UserToPMABufferCopy
                0x08005564       0x78 build\usb_hid\src\usb_mem.o
                0x08005564                UserToPMABufferCopy
 .text.PMAToUserBufferCopy
                0x080055dc       0x50 build\usb_hid\src\usb_mem.o
                0x080055dc                PMAToUserBufferCopy
 .text.CustomHID_SetDeviceAddress
                0x0800562c       0x10 build\usb_hid\src\usb_prop.o
                0x0800562c                CustomHID_SetDeviceAddress
 .text.CustomHID_Status_Out
                0x0800563c        0x4 build\usb_hid\src\usb_prop.o
                0x0800563c                CustomHID_Status_Out
 .text.CustomHID_Data_Setup
                0x08005640       0x6c build\usb_hid\src\usb_prop.o
                0x08005640                CustomHID_Data_Setup
 .text.CustomHID_SetReport_Feature
                0x080056ac       0x18 build\usb_hid\src\usb_prop.o
                0x080056ac                CustomHID_SetReport_Feature
 .text.CustomHID_NoData_Setup
                0x080056c4       0x28 build\usb_hid\src\usb_prop.o
                0x080056c4                CustomHID_NoData_Setup
 .text.CustomHID_Get_Interface_Setting
                0x080056ec        0xc build\usb_hid\src\usb_prop.o
                0x080056ec                CustomHID_Get_Interface_Setting
 .text.CustomHID_GetProtocolValue
                0x080056f8       0x18 build\usb_hid\src\usb_prop.o
                0x080056f8                CustomHID_GetProtocolValue
 .text.CustomHID_GetHIDDescriptor
                0x08005710        0xc build\usb_hid\src\usb_prop.o
                0x08005710                CustomHID_GetHIDDescriptor
 .text.CustomHID_GetReportDescriptor
                0x0800571c        0xc build\usb_hid\src\usb_prop.o
                0x0800571c                CustomHID_GetReportDescriptor
 .text.CustomHID_GetStringDescriptor
                0x08005728       0x20 build\usb_hid\src\usb_prop.o
                0x08005728                CustomHID_GetStringDescriptor
 .text.CustomHID_GetConfigDescriptor
                0x08005748        0xc build\usb_hid\src\usb_prop.o
                0x08005748                CustomHID_GetConfigDescriptor
 .text.CustomHID_GetDeviceDescriptor
                0x08005754        0xc build\usb_hid\src\usb_prop.o
                0x08005754                CustomHID_GetDeviceDescriptor
 .text.CustomHID_Status_In
                0x08005760       0x88 build\usb_hid\src\usb_prop.o
                0x08005760                CustomHID_Status_In
 .text.CustomHID_Reset
                0x080057e8       0xc0 build\usb_hid\src\usb_prop.o
                0x080057e8                CustomHID_Reset
 .text.CustomHID_init
                0x080058a8       0x28 build\usb_hid\src\usb_prop.o
                0x080058a8                CustomHID_init
 .text.CustomHID_SetConfiguration
                0x080058d0       0x28 build\usb_hid\src\usb_prop.o
                0x080058d0                CustomHID_SetConfiguration
 .text.PowerOn  0x080058f8       0x40 build\usb_hid\src\usb_pwr.o
                0x080058f8                PowerOn
 .text.SetBTABLE
                0x08005938       0x14 build\usb_hid\src\usb_regs.o
                0x08005938                SetBTABLE
 .text.SetEPType
                0x0800594c       0x18 build\usb_hid\src\usb_regs.o
                0x0800594c                SetEPType
 .text.SetEPTxStatus
                0x08005964       0x40 build\usb_hid\src\usb_regs.o
                0x08005964                SetEPTxStatus
 .text.SetEPRxStatus
                0x080059a4       0x40 build\usb_hid\src\usb_regs.o
                0x080059a4                SetEPRxStatus
 .text.SetEPTxValid
                0x080059e4       0x24 build\usb_hid\src\usb_regs.o
                0x080059e4                SetEPTxValid
 .text.SetEPRxValid
                0x08005a08       0x24 build\usb_hid\src\usb_regs.o
                0x08005a08                SetEPRxValid
 .text.Clear_Status_Out
                0x08005a2c       0x20 build\usb_hid\src\usb_regs.o
                0x08005a2c                Clear_Status_Out
 .text.ClearDTOG_RX
                0x08005a4c       0x24 build\usb_hid\src\usb_regs.o
                0x08005a4c                ClearDTOG_RX
 .text.ClearDTOG_TX
                0x08005a70       0x24 build\usb_hid\src\usb_regs.o
                0x08005a70                ClearDTOG_TX
 .text.SetEPTxAddr
                0x08005a94       0x24 build\usb_hid\src\usb_regs.o
                0x08005a94                SetEPTxAddr
 .text.SetEPRxAddr
                0x08005ab8       0x28 build\usb_hid\src\usb_regs.o
                0x08005ab8                SetEPRxAddr
 .text.GetEPTxAddr
                0x08005ae0       0x20 build\usb_hid\src\usb_regs.o
                0x08005ae0                GetEPTxAddr
 .text.GetEPRxAddr
                0x08005b00       0x20 build\usb_hid\src\usb_regs.o
                0x08005b00                GetEPRxAddr
 .text.SetEPTxCount
                0x08005b20       0x20 build\usb_hid\src\usb_regs.o
                0x08005b20                SetEPTxCount
 .text.SetEPRxCount
                0x08005b40       0x44 build\usb_hid\src\usb_regs.o
                0x08005b40                SetEPRxCount
 .text.GetEPRxCount
                0x08005b84       0x24 build\usb_hid\src\usb_regs.o
                0x08005b84                GetEPRxCount
 .text.ByteSwap
                0x08005ba8        0xc build\usb_hid\src\usb_regs.o
                0x08005ba8                ByteSwap
 .text.USB_SIL_Init
                0x08005bb4       0x2c build\usb_hid\src\usb_sil.o
                0x08005bb4                USB_SIL_Init
 .text.USB_SIL_Read
                0x08005be0       0x24 build\usb_hid\src\usb_sil.o
                0x08005be0                USB_SIL_Read
 .text.rt_tick_get
                0x08005c04        0xc build\src\clock.o
                0x08005c04                rt_tick_get
 .text.rt_tick_increase
                0x08005c10       0x2c build\src\clock.o
                0x08005c10                rt_tick_increase
 .text.rt_device_find
                0x08005c3c       0x5c build\src\device.o
                0x08005c3c                rt_device_find
 .text.rt_device_register
                0x08005c98       0x2c build\src\device.o
                0x08005c98                rt_device_register
 .text.rt_device_open
                0x08005cc4       0xc4 build\src\device.o
                0x08005cc4                rt_device_open
 .text.rt_device_close
                0x08005d88       0x64 build\src\device.o
                0x08005d88                rt_device_close
 .text.rt_device_write
                0x08005dec       0x68 build\src\device.o
                0x08005dec                rt_device_write
 .text.rt_thread_idle_excute
                0x08005e54       0xb0 build\src\idle.o
                0x08005e54                rt_thread_idle_excute
 .text.rt_thread_idle_entry
                0x08005f04       0x14 build\src\idle.o
 .text.rt_thread_idle_init
                0x08005f18       0x48 build\src\idle.o
                0x08005f18                rt_thread_idle_init
 .text.rt_sem_init
                0x08005f60       0x50 build\src\ipc.o
                0x08005f60                rt_sem_init
 .text.rt_sem_create
                0x08005fb0       0x70 build\src\ipc.o
                0x08005fb0                rt_sem_create
 .text.rt_sem_take
                0x08006020      0x1a0 build\src\ipc.o
                0x08006020                rt_sem_take
 .text.rt_sem_release
                0x080061c0       0x44 build\src\ipc.o
                0x080061c0                rt_sem_release
 .text.rt_interrupt_enter
                0x08006204       0x20 build\src\irq.o
                0x08006204                rt_interrupt_enter
 .text.rt_interrupt_leave
                0x08006224       0x20 build\src\irq.o
                0x08006224                rt_interrupt_leave
 .text.rt_interrupt_get_nest
                0x08006244        0xc build\src\irq.o
                0x08006244                rt_interrupt_get_nest
 .text.print_number
                0x08006250      0x278 build\src\kservice.o
 .text.rt_set_errno
                0x080064c8       0x20 build\src\kservice.o
                0x080064c8                rt_set_errno
 .text.rt_memset
                0x080064e8       0xf0 build\src\kservice.o
                0x080064e8                rt_memset
                0x080064e8                memset
 .text.rt_strncpy
                0x080065d8       0x84 build\src\kservice.o
                0x080065d8                rt_strncpy
 .text.rt_strncmp
                0x0800665c       0x5c build\src\kservice.o
                0x0800665c                rt_strncmp
 .text.rt_strlen
                0x080066b8       0x18 build\src\kservice.o
                0x080066b8                strlen
                0x080066b8                rt_strlen
 .text.rt_vsnprintf
                0x080066d0      0x4ac build\src\kservice.o
                0x080066d0                rt_vsnprintf
 .text.rt_vsprintf
                0x08006b7c       0x14 build\src\kservice.o
                0x08006b7c                rt_vsprintf
                0x08006b7c                vsprintf
 .text.rt_sprintf
                0x08006b90       0x20 build\src\kservice.o
                0x08006b90                sprintf
                0x08006b90                rt_sprintf
 .text.rt_console_set_device
                0x08006bb0       0x28 build\src\kservice.o
                0x08006bb0                rt_console_set_device
 .text.rt_hw_console_output
                0x08006bd8        0x4 build\src\kservice.o
                0x08006bd8                rt_hw_console_output
 .text.rt_kprintf
                0x08006bdc       0x58 build\src\kservice.o
                0x08006bdc                rt_kprintf
 .text.rt_show_version
                0x08006c34       0x4c build\src\kservice.o
                0x08006c34                rt_show_version
 .text.__rt_ffs
                0x08006c80       0x40 build\src\kservice.o
                0x08006c80                __rt_ffs
 .text.plug_holes
                0x08006cc0       0xe4 build\src\mem.o
 .text.rt_system_heap_init
                0x08006da4       0xd4 build\src\mem.o
                0x08006da4                rt_system_heap_init
 .text.rt_malloc
                0x08006e78      0x224 build\src\mem.o
                0x08006e78                rt_malloc
 .text.rt_free  0x0800709c      0x174 build\src\mem.o
                0x0800709c                rt_free
 .text.rt_object_init
                0x08007210       0x4c build\src\object.o
                0x08007210                rt_object_init
 .text.rt_object_detach
                0x0800725c       0x5c build\src\object.o
                0x0800725c                rt_object_detach
 .text.rt_object_allocate
                0x080072b8       0xa0 build\src\object.o
                0x080072b8                rt_object_allocate
 .text.rt_object_delete
                0x08007358       0x90 build\src\object.o
                0x08007358                rt_object_delete
 .text.rt_object_is_systemobject
                0x080073e8       0x3c build\src\object.o
                0x080073e8                rt_object_is_systemobject
 .text.rt_system_scheduler_init
                0x08007424       0x58 build\src\scheduler.o
                0x08007424                rt_system_scheduler_init
 .text.rt_system_scheduler_start
                0x0800747c       0x38 build\src\scheduler.o
                0x0800747c                rt_system_scheduler_start
 .text.rt_schedule
                0x080074b4       0xe0 build\src\scheduler.o
                0x080074b4                rt_schedule
 .text.rt_schedule_insert_thread
                0x08007594       0x6c build\src\scheduler.o
                0x08007594                rt_schedule_insert_thread
 .text.rt_schedule_remove_thread
                0x08007600       0x78 build\src\scheduler.o
                0x08007600                rt_schedule_remove_thread
 .text.rt_enter_critical
                0x08007678       0x1c build\src\scheduler.o
                0x08007678                rt_enter_critical
 .text.rt_exit_critical
                0x08007694       0x34 build\src\scheduler.o
                0x08007694                rt_exit_critical
 .text.rt_thread_timeout
                0x080076c8       0x80 build\src\thread.o
                0x080076c8                rt_thread_timeout
 .text.rt_thread_exit
                0x08007748       0x60 build\src\thread.o
 .text._rt_thread_init.isra.0
                0x080077a8       0xa0 build\src\thread.o
 .text.rt_thread_init
                0x08007848       0x88 build\src\thread.o
                0x08007848                rt_thread_init
 .text.rt_thread_self
                0x080078d0        0xc build\src\thread.o
                0x080078d0                rt_thread_self
 .text.rt_thread_create
                0x080078dc       0x4c build\src\thread.o
                0x080078dc                rt_thread_create
 .text.rt_thread_yield
                0x08007928       0x5c build\src\thread.o
                0x08007928                rt_thread_yield
 .text.rt_thread_suspend
                0x08007984       0x5c build\src\thread.o
                0x08007984                rt_thread_suspend
 .text.rt_thread_sleep
                0x080079e0       0x74 build\src\thread.o
                0x080079e0                rt_thread_sleep
 .text.rt_thread_delay
                0x08007a54        0x4 build\src\thread.o
                0x08007a54                rt_thread_delay
 .text.rt_thread_resume
                0x08007a58       0x70 build\src\thread.o
                0x08007a58                rt_thread_resume
 .text.rt_thread_startup
                0x08007ac8       0x88 build\src\thread.o
                0x08007ac8                rt_thread_startup
 .text.rt_timer_init
                0x08007b50       0x60 build\src\timer.o
                0x08007b50                rt_timer_init
 .text.rt_timer_detach
                0x08007bb0       0x54 build\src\timer.o
                0x08007bb0                rt_timer_detach
 .text.rt_timer_start
                0x08007c04       0xe0 build\src\timer.o
                0x08007c04                rt_timer_start
 .text.rt_timer_stop
                0x08007ce4       0x74 build\src\timer.o
                0x08007ce4                rt_timer_stop
 .text.rt_timer_control
                0x08007d58       0x64 build\src\timer.o
                0x08007d58                rt_timer_control
 .text.rt_timer_check
                0x08007dbc       0x90 build\src\timer.o
                0x08007dbc                rt_timer_check
 .text.rt_system_timer_init
                0x08007e4c       0x10 build\src\timer.o
                0x08007e4c                rt_system_timer_init
 .text.rt_system_timer_thread_init
                0x08007e5c        0x4 build\src\timer.o
                0x08007e5c                rt_system_timer_thread_init
 .text.rt_hw_stack_init
                0x08007e60       0x60 build\libcpu\arm\cortex-m3\cpuport.o
                0x08007e60                rt_hw_stack_init
 .text.rt_hw_hard_fault_exception
                0x08007ec0       0xfc build\libcpu\arm\cortex-m3\cpuport.o
                0x08007ec0                rt_hw_hard_fault_exception
 .text.rt_serial_close
                0x08007fbc       0x58 build\components\drivers\serial\serial.o
 .text.rt_serial_open
                0x08008014       0x58 build\components\drivers\serial\serial.o
 .text.rt_serial_init
                0x0800806c       0x98 build\components\drivers\serial\serial.o
 .text.rt_serial_control
                0x08008104       0x68 build\components\drivers\serial\serial.o
 .text.rt_serial_write
                0x0800816c      0x26c build\components\drivers\serial\serial.o
 .text.rt_serial_read
                0x080083d8      0x1a0 build\components\drivers\serial\serial.o
 .text.rt_hw_serial_register
                0x08008578       0x80 build\components\drivers\serial\serial.o
                0x08008578                rt_hw_serial_register
 .text.rt_hw_serial_isr
                0x080085f8       0x9c build\components\drivers\serial\serial.o
                0x080085f8                rt_hw_serial_isr
 .text.rt_data_queue_init
                0x08008694       0x70 build\components\drivers\src\dataqueue.o
                0x08008694                rt_data_queue_init
 .text.rt_data_queue_push
                0x08008704      0x158 build\components\drivers\src\dataqueue.o
                0x08008704                rt_data_queue_push
 .text.atoi     0x0800885c       0x5c build\components\libc\minilibc\stdlib.o
                0x0800885c                atoi
 .text.strncpy  0x080088b8        0x4 build\components\libc\minilibc\string.o
                0x080088b8                strncpy
 .text.strcmp   0x080088bc       0x24 build\components\libc\minilibc\string.o
                0x080088bc                strcmp
 .text.strncmp  0x080088e0       0x5c build\components\libc\minilibc\string.o
                0x080088e0                strncmp
 .text.strchr   0x0800893c       0x28 build\components\libc\minilibc\string.o
                0x0800893c                strchr
 *(.rodata)
 .rodata        0x08008964        0x8 build\drivers\usart.o
 .rodata        0x0800896c       0x28 build\motor\src\pwm.o
 *(.rodata*)
 .rodata.str1.4
                0x08008994       0x1d build\applications\application.o
                                 0x20 (size before relaxing)
 *fill*         0x080089b1        0x3 00000000
 .rodata.str1.4
                0x080089b4       0x4e build\applications\startup.o
                                 0x50 (size before relaxing)
 *fill*         0x08008a02        0x2 00000000
 .rodata.str1.4
                0x08008a04        0x6 build\drivers\board.o
                                  0x8 (size before relaxing)
 *fill*         0x08008a0a        0x2 00000000
 .rodata.__FUNCTION__.7400
                0x08008a0c       0x10 build\drivers\usart.o
 .rodata.__FUNCTION__.7413
                0x08008a1c        0xc build\drivers\usart.o
 .rodata.__FUNCTION__.7426
                0x08008a28        0xc build\drivers\usart.o
 .rodata.stm32_uart_ops
                0x08008a34       0x14 build\drivers\usart.o
 .rodata.str1.4
                0x08008a48       0x52 build\drivers\usart.o
                                 0x5c (size before relaxing)
 *fill*         0x08008a9a        0x2 00000000
 .rodata.__FUNCTION__.7385
                0x08008a9c       0x10 build\drivers\usart.o
 .rodata.str1.4
                0x08008aac       0x39 build\Libraries\STM32F10x_StdPeriph_Driver\src\stm32f10x_rcc.o
                                 0x3c (size before relaxing)
 *fill*         0x08008ae5        0x3 00000000
 .rodata.str1.4
                0x08008ae8       0x3a build\Libraries\STM32F10x_StdPeriph_Driver\src\stm32f10x_exti.o
                                 0x3c (size before relaxing)
 *fill*         0x08008b22        0x2 00000000
 .rodata.str1.4
                0x08008b24       0x39 build\Libraries\STM32F10x_StdPeriph_Driver\src\stm32f10x_adc.o
                                 0x3c (size before relaxing)
 *fill*         0x08008b5d        0x3 00000000
 .rodata.str1.4
                0x08008b60       0x39 build\Libraries\STM32F10x_StdPeriph_Driver\src\stm32f10x_tim.o
                                 0x3c (size before relaxing)
 *fill*         0x08008b99        0x3 00000000
 .rodata.str1.4
                0x08008b9c       0x3b build\Libraries\STM32F10x_StdPeriph_Driver\src\stm32f10x_flash.o
                                 0x3c (size before relaxing)
 *fill*         0x08008bd7        0x1 00000000
 .rodata.str1.4
                0x08008bd8       0x3a build\Libraries\STM32F10x_StdPeriph_Driver\src\stm32f10x_gpio.o
                                 0x3c (size before relaxing)
 *fill*         0x08008c12        0x2 00000000
 .rodata.str1.4
                0x08008c14       0x3b build\Libraries\STM32F10x_StdPeriph_Driver\src\stm32f10x_usart.o
                                 0x3c (size before relaxing)
 *fill*         0x08008c4f        0x1 00000000
 .rodata.str1.4
                0x08008c50       0x39 build\Libraries\STM32F10x_StdPeriph_Driver\src\stm32f10x_dma.o
                                 0x3c (size before relaxing)
 *fill*         0x08008c89        0x3 00000000
 .rodata.str1.4
                0x08008c8c       0x30 build\Libraries\STM32F10x_StdPeriph_Driver\src\misc.o
 .rodata.str1.4
                0x08008cbc       0x94 build\motor\src\adc.o
                                 0x9c (size before relaxing)
 .rodata.str1.4
                0x08008d50      0x108 build\motor\src\cmd.o
 .rodata.str1.4
                0x08008e58       0x1a build\motor\src\entry.o
                                 0x1c (size before relaxing)
 *fill*         0x08008e72        0x2 00000000
 .rodata.str1.4
                0x08008e74      0x171 build\motor\src\pwm.o
                                0x17c (size before relaxing)
 *fill*         0x08008fe5        0x3 00000000
 .rodata.str1.4
                0x08008fe8       0x54 build\motor\src\vout.o
                                 0x58 (size before relaxing)
 .rodata.str1.4
                0x0800903c       0x8a build\motor\src\pga.o
                                 0x8c (size before relaxing)
 *fill*         0x080090c6        0x2 00000000
 .rodata.str1.4
                0x080090c8        0x4 build\usb_hid\src\entry.o
 .rodata.GPIO_PIN
                0x080090cc        0x8 build\usb_hid\src\stm3210b_eval.o
                0x080090cc                GPIO_PIN
 .rodata.CustomHID_DeviceDescriptor
                0x080090d4       0x14 build\usb_hid\src\usb_desc.o
                0x080090d4                CustomHID_DeviceDescriptor
 .rodata.CustomHID_StringProduct
                0x080090e8       0x20 build\usb_hid\src\usb_desc.o
                0x080090e8                CustomHID_StringProduct
 .rodata.CustomHID_StringVendor
                0x08009108       0x28 build\usb_hid\src\usb_desc.o
                0x08009108                CustomHID_StringVendor
 .rodata.CustomHID_ReportDescriptor
                0x08009130       0xa4 build\usb_hid\src\usb_desc.o
                0x08009130                CustomHID_ReportDescriptor
 .rodata.CustomHID_ConfigDescriptor
                0x080091d4       0x2c build\usb_hid\src\usb_desc.o
                0x080091d4                CustomHID_ConfigDescriptor
 .rodata.CustomHID_StringLangID
                0x08009200        0x4 build\usb_hid\src\usb_desc.o
                0x08009200                CustomHID_StringLangID
 .rodata.__FUNCTION__.4689
                0x08009204       0x10 build\src\device.o
 .rodata.str1.4
                0x08009214       0x5c build\src\device.o
                                 0x7c (size before relaxing)
 .rodata.__FUNCTION__.4711
                0x08009270       0x10 build\src\device.o
 .rodata.__FUNCTION__.4676
                0x08009280       0x10 build\src\device.o
 .rodata.__FUNCTION__.4698
                0x08009290       0x18 build\src\idle.o
 .rodata.str1.4
                0x080092a8       0x2a build\src\idle.o
                                 0x50 (size before relaxing)
 *fill*         0x080092d2        0x2 00000000
 .rodata.__FUNCTION__.4744
                0x080092d4       0x10 build\src\ipc.o
 .rodata.str1.4
                0x080092e4       0x47 build\src\ipc.o
                                 0x90 (size before relaxing)
 *fill*         0x0800932b        0x1 00000000
 .rodata.__FUNCTION__.4769
                0x0800932c        0xc build\src\ipc.o
 .rodata.__FUNCTION__.4725
                0x08009338        0xc build\src\ipc.o
 .rodata.small_digits.4848
                0x08009344       0x14 build\src\kservice.o
 .rodata.large_digits.4849
                0x08009358       0x14 build\src\kservice.o
 .rodata.str1.4
                0x0800936c       0x8e build\src\kservice.o
                                 0x90 (size before relaxing)
 *fill*         0x080093fa        0x2 00000000
 .rodata.__lowest_bit_bitmap
                0x080093fc      0x100 build\src\kservice.o
                0x080093fc                __lowest_bit_bitmap
 .rodata.__FUNCTION__.4736
                0x080094fc       0x14 build\src\mem.o
 .rodata.__FUNCTION__.4749
                0x08009510        0xc build\src\mem.o
 .rodata.__FUNCTION__.4808
                0x0800951c        0x8 build\src\mem.o
 .rodata.str1.4
                0x08009524      0x215 build\src\mem.o
                                0x260 (size before relaxing)
 *fill*         0x08009739        0x3 00000000
 .rodata.__FUNCTION__.4716
                0x0800973c        0xc build\src\mem.o
 .rodata.__FUNCTION__.4745
                0x08009748       0x14 build\src\object.o
 .rodata.__FUNCTION__.4755
                0x0800975c       0x14 build\src\object.o
 .rodata.str1.4
                0x08009770       0x3d build\src\object.o
                                 0x88 (size before relaxing)
 *fill*         0x080097ad        0x3 00000000
 .rodata.__FUNCTION__.4767
                0x080097b0       0x1c build\src\object.o
 .rodata.__FUNCTION__.4733
                0x080097cc       0x14 build\src\object.o
 .rodata.__FUNCTION__.4737
                0x080097e0       0x1c build\src\scheduler.o
 .rodata.__FUNCTION__.4746
                0x080097fc       0x1c build\src\scheduler.o
 .rodata.__FUNCTION__.4705
                0x08009818       0x1c build\src\scheduler.o
 .rodata.str1.4
                0x08009834       0x65 build\src\scheduler.o
                                 0x88 (size before relaxing)
 *fill*         0x08009899        0x3 00000000
 .rodata.__FUNCTION__.4735
                0x0800989c       0x14 build\src\thread.o
 .rodata.__FUNCTION__.4811
                0x080098b0       0x14 build\src\thread.o
 .rodata.__FUNCTION__.4704
                0x080098c4       0x10 build\src\thread.o
 .rodata.str1.4
                0x080098d4       0x7f build\src\thread.o
                                 0xb4 (size before relaxing)
 *fill*         0x08009953        0x1 00000000
 .rodata.__FUNCTION__.4720
                0x08009954       0x10 build\src\thread.o
 .rodata.__FUNCTION__.4783
                0x08009964       0x10 build\src\thread.o
 .rodata.__FUNCTION__.4829
                0x08009974       0x14 build\src\thread.o
 .rodata.__FUNCTION__.4820
                0x08009988       0x14 build\src\thread.o
 .rodata.__FUNCTION__.4744
                0x0800999c       0x10 build\src\timer.o
 .rodata.__FUNCTION__.4753
                0x080099ac       0x10 build\src\timer.o
 .rodata.__FUNCTION__.4810
                0x080099bc       0x10 build\src\timer.o
 .rodata.__FUNCTION__.4820
                0x080099cc       0x14 build\src\timer.o
 .rodata.str1.4
                0x080099e0       0x3b build\src\timer.o
                                 0x60 (size before relaxing)
 *fill*         0x08009a1b        0x1 00000000
 .rodata.__FUNCTION__.4785
                0x08009a1c       0x10 build\src\timer.o
 .rodata.str1.4
                0x08009a2c      0x149 build\libcpu\arm\cortex-m3\cpuport.o
                                0x170 (size before relaxing)
 *fill*         0x08009b75        0x3 00000000
 .rodata.__FUNCTION__.4963
                0x08009b78       0x10 build\components\drivers\serial\serial.o
 .rodata.__FUNCTION__.4907
                0x08009b88       0x10 build\components\drivers\serial\serial.o
 .rodata.__FUNCTION__.4918
                0x08009b98       0x10 build\components\drivers\serial\serial.o
 .rodata.__FUNCTION__.4986
                0x08009ba8       0x14 build\components\drivers\serial\serial.o
 .rodata.str1.4
                0x08009bbc       0x58 build\components\drivers\serial\serial.o
                                 0x9c (size before relaxing)
 .rodata.__FUNCTION__.4942
                0x08009c14       0x10 build\components\drivers\serial\serial.o
 .rodata.__FUNCTION__.5002
                0x08009c24       0x18 build\components\drivers\serial\serial.o
 .rodata.__FUNCTION__.5011
                0x08009c3c       0x14 build\components\drivers\serial\serial.o
 .rodata.__FUNCTION__.4928
                0x08009c50       0x10 build\components\drivers\serial\serial.o
 .rodata.__FUNCTION__.4903
                0x08009c60       0x14 build\components\drivers\src\dataqueue.o
 .rodata.str1.4
                0x08009c74       0x38 build\components\drivers\src\dataqueue.o
                                 0x80 (size before relaxing)
 .rodata.__FUNCTION__.4888
                0x08009cac       0x14 build\components\drivers\src\dataqueue.o
 *(.glue_7)
 .glue_7        0x00000000        0x0 linker stubs
 *(.glue_7t)
 .glue_7t       0x00000000        0x0 linker stubs
 *(.gnu.linkonce.t*)
                0x08009cc0                . = ALIGN (0x4)
                0x08009cc0                __fsymtab_start = .
 *(FSymTab)
                0x08009cc0                __fsymtab_end = .
                0x08009cc0                . = ALIGN (0x4)
                0x08009cc0                __vsymtab_start = .
 *(VSymTab)
                0x08009cc0                __vsymtab_end = .
                0x08009cc0                . = ALIGN (0x4)
                0x08009cc0                . = ALIGN (0x4)
                0x08009cc0                __rt_init_start = .
 *(SORT(.rti_fn*))
                0x08009cc0                __rt_init_end = .
                0x08009cc0                . = ALIGN (0x4)
                0x08009cc0                . = ALIGN (0x4)
                0x08009cc0                _etext = .
                0x08009cc0                __exidx_start = .

.vfp11_veneer   0x08009cc0        0x0
 .vfp11_veneer  0x00000000        0x0 linker stubs

.v4_bx          0x08009cc0        0x0
 .v4_bx         0x00000000        0x0 linker stubs

.iplt           0x08009cc0        0x0
 .iplt          0x00000000        0x0 d:/gcc-arm-embed/bin/../lib/gcc/arm-none-eabi/4.7.3/armv7-m/crtbegin.o

.rel.dyn        0x08009cc0        0x0
 .rel.iplt      0x00000000        0x0 d:/gcc-arm-embed/bin/../lib/gcc/arm-none-eabi/4.7.3/armv7-m/crtbegin.o

.ARM.exidx      0x08009cc0        0x0
 *(.ARM.exidx* .gnu.linkonce.armexidx.*)
                0x08009cc0                _sidata = .
                0x08009cc0                __exidx_end = .

.data           0x20000000      0x300 load address 0x08009cc0
                0x20000000                . = ALIGN (0x4)
                0x20000000                _sdata = .
 *(.data)
 *(.data.*)
 .data.uart2    0x20000000        0x8 build\drivers\usart.o
                0x20000000                uart2
 .data.uart3    0x20000008        0x8 build\drivers\usart.o
                0x20000008                uart3
 .data.uart1    0x20000010        0x8 build\drivers\usart.o
                0x20000010                uart1
 .data.SystemCoreClock
                0x20000018        0x4 build\Libraries\CMSIS\CM3\DeviceSupport\ST\STM32F10x\system_stm32f10x.o
                0x20000018                SystemCoreClock
 .data.ADCPrescTable
                0x2000001c        0x4 build\Libraries\STM32F10x_StdPeriph_Driver\src\stm32f10x_rcc.o
 .data.APBAHBPrescTable
                0x20000020       0x10 build\Libraries\STM32F10x_StdPeriph_Driver\src\stm32f10x_rcc.o
 .data.gAdc     0x20000030       0x40 build\motor\src\adc.o
                0x20000030                gAdc
 .data.gAdc_cfg
                0x20000070       0x20 build\motor\src\adc.o
                0x20000070                gAdc_cfg
 .data.gSW      0x20000090        0x8 build\motor\src\adc.o
                0x20000090                gSW
 .data.SW_status.7370
                0x20000098        0x1 build\motor\src\adc.o
 *fill*         0x20000099        0x3 00
 .data.gCalibr  0x2000009c       0x18 build\motor\src\cmd.o
                0x2000009c                gCalibr
 .data.gF103    0x200000b4       0x38 build\motor\src\cmd.o
                0x200000b4                gF103
 .data.gMotor   0x200000ec       0x28 build\motor\src\pwm.o
                0x200000ec                gMotor
 .data.gPWM1    0x20000114       0x30 build\motor\src\pwm.o
                0x20000114                gPWM1
 .data.stable_time
                0x20000144        0x4 build\motor\src\vout.o
                0x20000144                stable_time
 .data.gVout    0x20000148       0x20 build\motor\src\vout.o
                0x20000148                gVout
 .data.gPGA_ports
                0x20000168       0x40 build\motor\src\pga.o
                0x20000168                gPGA_ports
 .data.ds18b20  0x200001a8        0x8 build\motor\src\ds18b20.o
                0x200001a8                ds18b20
 .data.PrevXferComplete
                0x200001b0        0x1 build\usb_hid\src\entry.o
                0x200001b0                PrevXferComplete
 *fill*         0x200001b1        0x3 00
 .data.GPIO_PORT
                0x200001b4       0x10 build\usb_hid\src\stm3210b_eval.o
                0x200001b4                GPIO_PORT
 .data.CustomHID_StringSerial
                0x200001c4       0x1c build\usb_hid\src\usb_desc.o
                0x200001c4                CustomHID_StringSerial
 .data.pEpInt_IN
                0x200001e0       0x1c build\usb_hid\src\usb_istr.o
                0x200001e0                pEpInt_IN
 .data.pEpInt_OUT
                0x200001fc       0x1c build\usb_hid\src\usb_istr.o
                0x200001fc                pEpInt_OUT
 .data.Config_Descriptor
                0x20000218        0x8 build\usb_hid\src\usb_prop.o
                0x20000218                Config_Descriptor
 .data.Device_Property
                0x20000220       0x30 build\usb_hid\src\usb_prop.o
                0x20000220                Device_Property
 .data.User_Standard_Requests
                0x20000250       0x24 build\usb_hid\src\usb_prop.o
                0x20000250                User_Standard_Requests
 .data.CustomHID_Report_Descriptor
                0x20000274        0x8 build\usb_hid\src\usb_prop.o
                0x20000274                CustomHID_Report_Descriptor
 .data.Device_Descriptor
                0x2000027c        0x8 build\usb_hid\src\usb_prop.o
                0x2000027c                Device_Descriptor
 .data.String_Descriptor
                0x20000284       0x20 build\usb_hid\src\usb_prop.o
                0x20000284                String_Descriptor
 .data.CustomHID_Hid_Descriptor
                0x200002a4        0x8 build\usb_hid\src\usb_prop.o
                0x200002a4                CustomHID_Hid_Descriptor
 .data.Device_Table
                0x200002ac        0x4 build\usb_hid\src\usb_prop.o
                0x200002ac                Device_Table
 .data.rt_object_container
                0x200002b0       0x50 build\src\object.o
                0x200002b0                rt_object_container
 *(.gnu.linkonce.d*)
                0x20000300                . = ALIGN (0x4)
                0x20000300                _edata = .

.igot.plt       0x20000300        0x0 load address 0x08009fc0
 .igot.plt      0x00000000        0x0 d:/gcc-arm-embed/bin/../lib/gcc/arm-none-eabi/4.7.3/armv7-m/crtbegin.o

.stack          0x20000300      0x400 load address 0x08009fc0
                0x20000700                . = (. + _system_stack_size)
 *fill*         0x20000300      0x400 00
                0x20000700                . = ALIGN (0x4)
                0x20000700                _estack = .
                0x20000700                __bss_start = .

.bss            0x20000700     0x145c load address 0x0800a3c0
                0x20000700                . = ALIGN (0x4)
                0x20000700                _sbss = .
 *(.bss)
 *(.bss.*)
 .bss.pollar_flag
                0x20000700        0x4 build\motor\src\pwm.o
                0x20000700                pollar_flag
 .bss.zero_flag
                0x20000704        0x4 build\motor\src\pwm.o
                0x20000704                zero_flag
 .bss.Vout_Value
                0x20000708        0x4 build\motor\src\vout.o
                0x20000708                Vout_Value
 .bss.TimingDelay
                0x2000070c        0x4 build\usb_hid\src\entry.o
                0x2000070c                TimingDelay
 .bss.Data_Mul_MaxPacketSize
                0x20000710        0x1 build\usb_hid\src\usb_core.o
                0x20000710                Data_Mul_MaxPacketSize
 *fill*         0x20000711        0x3 00
 .bss.sem_printf
                0x20000714        0x4 build\usb_hid\src\usb_endp.o
                0x20000714                sem_printf
 .bss.Request   0x20000718        0x1 build\usb_hid\src\usb_prop.o
                0x20000718                Request
 *fill*         0x20000719        0x3 00
 .bss.bDeviceState
                0x2000071c        0x4 build\usb_hid\src\usb_pwr.o
                0x2000071c                bDeviceState
 .bss.rt_tick   0x20000720        0x4 build\src\clock.o
 .bss.idle      0x20000724       0x78 build\src\idle.o
 .bss.rt_thread_idle_hook
                0x2000079c        0x4 build\src\idle.o
 .bss.rt_thread_stack
                0x200007a0      0x100 build\src\idle.o
 .bss._errno    0x200008a0        0x4 build\src\kservice.o
 .bss.rt_log_buf.4957
                0x200008a4       0x80 build\src\kservice.o
 .bss._console_device
                0x20000924        0x4 build\src\kservice.o
 .bss.lfree     0x20000928        0x4 build\src\mem.o
 .bss.used_mem  0x2000092c        0x4 build\src\mem.o
 .bss.rt_malloc_hook
                0x20000930        0x4 build\src\mem.o
 .bss.mem_size_aligned
                0x20000934        0x4 build\src\mem.o
 .bss.heap_end  0x20000938        0x4 build\src\mem.o
 .bss.heap_sem  0x2000093c       0x20 build\src\mem.o
 .bss.rt_free_hook
                0x2000095c        0x4 build\src\mem.o
 .bss.heap_ptr  0x20000960        0x4 build\src\mem.o
 .bss.max_mem   0x20000964        0x4 build\src\mem.o
 .bss.rt_object_attach_hook
                0x20000968        0x4 build\src\object.o
 .bss.rt_object_detach_hook
                0x2000096c        0x4 build\src\object.o
 .bss.rt_scheduler_lock_nest
                0x20000970        0x2 build\src\scheduler.o
 *fill*         0x20000972        0x2 00
 .bss.rt_scheduler_hook
                0x20000974        0x4 build\src\scheduler.o
 .bss.rt_timer_list
                0x20000978        0x8 build\src\timer.o
 .bss.random_nr.4783
                0x20000980        0x4 build\src\timer.o
 .bss.rt_timer_timeout_hook
                0x20000984        0x4 build\src\timer.o
 .bss.rt_exception_hook
                0x20000988        0x4 build\libcpu\arm\cortex-m3\cpuport.o
 *(COMMON)
 COMMON         0x2000098c      0x240 build\drivers\usart.o
                0x2000098c                uart3_int_rx
                0x200009d0                serial1
                0x20000a4c                uart2_int_rx
                0x20000a90                serial3
                0x20000b0c                uart1_int_rx
                0x20000b50                serial2
 COMMON         0x20000bcc      0x4c4 build\motor\src\adc.o
                0x20000bcc                gData
                0x20000c88                ad_sample_thread
                0x20000d00                ad_sample_stack
                0x20000f00                filter_buffer
 COMMON         0x20001090      0x6a4 build\motor\src\cmd.o
                0x20001090                gConsole
                0x20001098                cmd_thread
                0x20001110                gCmd_dealer
                0x20001534                cmd_stack
 COMMON         0x20001734      0x278 build\motor\src\pwm.o
                0x20001734                event_thread
                0x200017ac                event_stack
 COMMON         0x200019ac        0x2 build\usb_hid\src\usb_core.o
                0x200019ac                StatusInfo
 *fill*         0x200019ae        0x2 00
 COMMON         0x200019b0       0x32 build\usb_hid\src\usb_init.o
                0x200019b0                SaveState
                0x200019b4                pProperty
                0x200019b8                EPindex
                0x200019bc                Device_Info
                0x200019d8                pUser_Standard_Requests
                0x200019dc                pInformation
                0x200019e0                wInterrupt_Mask
 COMMON         0x200019e2        0x4 build\usb_hid\src\usb_int.o
                0x200019e2                SaveRState
                0x200019e4                SaveTState
 COMMON         0x200019e6        0x2 build\usb_hid\src\usb_istr.o
                0x200019e6                wIstr
 COMMON         0x200019e8       0x45 build\usb_hid\src\usb_prop.o
                0x200019e8                ProtocolValue
                0x200019ec                Report_Buf
                0x20001a2c                EXTI_Enable
 COMMON         0x20001a2d        0x1 build\src\irq.o
                0x20001a2d                rt_interrupt_nest
 *fill*         0x20001a2e        0x2 00
 COMMON         0x20001a30        0xc build\src\object.o
                0x20001a30                rt_object_put_hook
                0x20001a34                rt_object_take_hook
                0x20001a38                rt_object_trytake_hook
 COMMON         0x20001a3c      0x114 build\src\scheduler.o
                0x20001a3c                rt_thread_priority_table
                0x20001b3c                rt_current_priority
                0x20001b40                rt_current_thread
                0x20001b44                rt_thread_ready_priority_group
                0x20001b48                rt_thread_defunct
 COMMON         0x20001b50        0xc build\libcpu\arm\cortex-m3\cpuport.o
                0x20001b50                rt_interrupt_to_thread
                0x20001b54                rt_interrupt_from_thread
                0x20001b58                rt_thread_switch_interrupt_flag
                0x20001b5c                . = ALIGN (0x4)
                0x20001b5c                _ebss = .
 *(.bss.init)
                0x20001b5c                __bss_end = .
                0x20001b5c                _end = .

.stab
 *(.stab)

.stabstr
 *(.stabstr)

.stab.excl
 *(.stab.excl)

.stab.exclstr
 *(.stab.exclstr)

.stab.index
 *(.stab.index)

.stab.indexstr
 *(.stab.indexstr)

.comment        0x00000000       0x70
 *(.comment)
 .comment       0x00000000       0x70 build\applications\application.o
                                 0x71 (size before relaxing)
 .comment       0x00000000       0x71 build\applications\startup.o
 .comment       0x00000000       0x71 build\drivers\board.o
 .comment       0x00000000       0x71 build\drivers\stm32f10x_it.o
 .comment       0x00000000       0x71 build\drivers\led.o
 .comment       0x00000000       0x71 build\drivers\usart.o
 .comment       0x00000000       0x71 build\Libraries\CMSIS\CM3\DeviceSupport\ST\STM32F10x\system_stm32f10x.o
 .comment       0x00000000       0x71 build\Libraries\STM32F10x_StdPeriph_Driver\src\stm32f10x_rcc.o
 .comment       0x00000000       0x71 build\Libraries\STM32F10x_StdPeriph_Driver\src\stm32f10x_exti.o
 .comment       0x00000000       0x71 build\Libraries\STM32F10x_StdPeriph_Driver\src\stm32f10x_adc.o
 .comment       0x00000000       0x71 build\Libraries\STM32F10x_StdPeriph_Driver\src\stm32f10x_tim.o
 .comment       0x00000000       0x71 build\Libraries\STM32F10x_StdPeriph_Driver\src\stm32f10x_flash.o
 .comment       0x00000000       0x71 build\Libraries\STM32F10x_StdPeriph_Driver\src\stm32f10x_gpio.o
 .comment       0x00000000       0x71 build\Libraries\STM32F10x_StdPeriph_Driver\src\stm32f10x_usart.o
 .comment       0x00000000       0x71 build\Libraries\STM32F10x_StdPeriph_Driver\src\stm32f10x_dma.o
 .comment       0x00000000       0x71 build\Libraries\STM32F10x_StdPeriph_Driver\src\misc.o
 .comment       0x00000000       0x71 build\motor\src\adc.o
 .comment       0x00000000       0x71 build\motor\src\cmd.o
 .comment       0x00000000       0x71 build\motor\src\counter.o
 .comment       0x00000000       0x71 build\motor\src\entry.o
 .comment       0x00000000       0x71 build\motor\src\pwm.o
 .comment       0x00000000       0x71 build\motor\src\vout.o
 .comment       0x00000000       0x71 build\motor\src\pga.o
 .comment       0x00000000       0x71 build\motor\src\ds18b20.o
 .comment       0x00000000       0x71 build\usb_hid\src\entry.o
 .comment       0x00000000       0x71 build\usb_hid\src\hw_config.o
 .comment       0x00000000       0x71 build\usb_hid\src\stm3210b_eval.o
 .comment       0x00000000       0x71 build\usb_hid\src\stm32_it.o
 .comment       0x00000000       0x71 build\usb_hid\src\usb_core.o
 .comment       0x00000000       0x71 build\usb_hid\src\usb_desc.o
 .comment       0x00000000       0x71 build\usb_hid\src\usb_endp.o
 .comment       0x00000000       0x71 build\usb_hid\src\usb_init.o
 .comment       0x00000000       0x71 build\usb_hid\src\usb_int.o
 .comment       0x00000000       0x71 build\usb_hid\src\usb_istr.o
 .comment       0x00000000       0x71 build\usb_hid\src\usb_mem.o
 .comment       0x00000000       0x71 build\usb_hid\src\usb_prop.o
 .comment       0x00000000       0x71 build\usb_hid\src\usb_pwr.o
 .comment       0x00000000       0x71 build\usb_hid\src\usb_regs.o
 .comment       0x00000000       0x71 build\usb_hid\src\usb_sil.o
 .comment       0x00000000       0x71 build\src\clock.o
 .comment       0x00000000       0x71 build\src\device.o
 .comment       0x00000000       0x71 build\src\idle.o
 .comment       0x00000000       0x71 build\src\ipc.o
 .comment       0x00000000       0x71 build\src\irq.o
 .comment       0x00000000       0x71 build\src\kservice.o
 .comment       0x00000000       0x71 build\src\mem.o
 .comment       0x00000000       0x71 build\src\object.o
 .comment       0x00000000       0x71 build\src\scheduler.o
 .comment       0x00000000       0x71 build\src\thread.o
 .comment       0x00000000       0x71 build\src\timer.o
 .comment       0x00000000       0x71 build\libcpu\arm\cortex-m3\cpuport.o
 .comment       0x00000000       0x71 build\components\drivers\serial\serial.o
 .comment       0x00000000       0x71 build\components\drivers\src\dataqueue.o
 .comment       0x00000000       0x71 build\components\libc\minilibc\stdlib.o
 .comment       0x00000000       0x71 build\components\libc\minilibc\string.o

.ARM.attributes
                0x00000000       0x29
 .ARM.attributes
                0x00000000       0x33 build\applications\application.o
 .ARM.attributes
                0x00000033       0x33 build\applications\startup.o
 .ARM.attributes
                0x00000066       0x33 build\drivers\board.o
 .ARM.attributes
                0x00000099       0x33 build\drivers\stm32f10x_it.o
 .ARM.attributes
                0x000000cc       0x33 build\drivers\led.o
 .ARM.attributes
                0x000000ff       0x33 build\drivers\usart.o
 .ARM.attributes
                0x00000132       0x33 build\Libraries\CMSIS\CM3\DeviceSupport\ST\STM32F10x\system_stm32f10x.o
 .ARM.attributes
                0x00000165       0x33 build\Libraries\STM32F10x_StdPeriph_Driver\src\stm32f10x_rcc.o
 .ARM.attributes
                0x00000198       0x33 build\Libraries\STM32F10x_StdPeriph_Driver\src\stm32f10x_exti.o
 .ARM.attributes
                0x000001cb       0x33 build\Libraries\STM32F10x_StdPeriph_Driver\src\stm32f10x_adc.o
 .ARM.attributes
                0x000001fe       0x33 build\Libraries\STM32F10x_StdPeriph_Driver\src\stm32f10x_tim.o
 .ARM.attributes
                0x00000231       0x33 build\Libraries\STM32F10x_StdPeriph_Driver\src\stm32f10x_flash.o
 .ARM.attributes
                0x00000264       0x33 build\Libraries\STM32F10x_StdPeriph_Driver\src\stm32f10x_gpio.o
 .ARM.attributes
                0x00000297       0x33 build\Libraries\STM32F10x_StdPeriph_Driver\src\stm32f10x_usart.o
 .ARM.attributes
                0x000002ca       0x33 build\Libraries\STM32F10x_StdPeriph_Driver\src\stm32f10x_dma.o
 .ARM.attributes
                0x000002fd       0x33 build\Libraries\STM32F10x_StdPeriph_Driver\src\misc.o
 .ARM.attributes
                0x00000330       0x21 build\Libraries\CMSIS\CM3\DeviceSupport\ST\STM32F10x\startup\gcc_ride7\startup_stm32f10x_md.o
 .ARM.attributes
                0x00000351       0x33 build\motor\src\adc.o
 .ARM.attributes
                0x00000384       0x33 build\motor\src\cmd.o
 .ARM.attributes
                0x000003b7       0x33 build\motor\src\counter.o
 .ARM.attributes
                0x000003ea       0x33 build\motor\src\entry.o
 .ARM.attributes
                0x0000041d       0x33 build\motor\src\pwm.o
 .ARM.attributes
                0x00000450       0x33 build\motor\src\vout.o
 .ARM.attributes
                0x00000483       0x33 build\motor\src\pga.o
 .ARM.attributes
                0x000004b6       0x33 build\motor\src\ds18b20.o
 .ARM.attributes
                0x000004e9       0x33 build\usb_hid\src\entry.o
 .ARM.attributes
                0x0000051c       0x33 build\usb_hid\src\hw_config.o
 .ARM.attributes
                0x0000054f       0x33 build\usb_hid\src\stm3210b_eval.o
 .ARM.attributes
                0x00000582       0x33 build\usb_hid\src\stm32_it.o
 .ARM.attributes
                0x000005b5       0x33 build\usb_hid\src\usb_core.o
 .ARM.attributes
                0x000005e8       0x33 build\usb_hid\src\usb_desc.o
 .ARM.attributes
                0x0000061b       0x33 build\usb_hid\src\usb_endp.o
 .ARM.attributes
                0x0000064e       0x33 build\usb_hid\src\usb_init.o
 .ARM.attributes
                0x00000681       0x33 build\usb_hid\src\usb_int.o
 .ARM.attributes
                0x000006b4       0x33 build\usb_hid\src\usb_istr.o
 .ARM.attributes
                0x000006e7       0x33 build\usb_hid\src\usb_mem.o
 .ARM.attributes
                0x0000071a       0x33 build\usb_hid\src\usb_prop.o
 .ARM.attributes
                0x0000074d       0x33 build\usb_hid\src\usb_pwr.o
 .ARM.attributes
                0x00000780       0x33 build\usb_hid\src\usb_regs.o
 .ARM.attributes
                0x000007b3       0x33 build\usb_hid\src\usb_sil.o
 .ARM.attributes
                0x000007e6       0x33 build\src\clock.o
 .ARM.attributes
                0x00000819       0x33 build\src\device.o
 .ARM.attributes
                0x0000084c       0x33 build\src\idle.o
 .ARM.attributes
                0x0000087f       0x33 build\src\ipc.o
 .ARM.attributes
                0x000008b2       0x33 build\src\irq.o
 .ARM.attributes
                0x000008e5       0x33 build\src\kservice.o
 .ARM.attributes
                0x00000918       0x33 build\src\mem.o
 .ARM.attributes
                0x0000094b       0x33 build\src\object.o
 .ARM.attributes
                0x0000097e       0x33 build\src\scheduler.o
 .ARM.attributes
                0x000009b1       0x33 build\src\thread.o
 .ARM.attributes
                0x000009e4       0x33 build\src\timer.o
 .ARM.attributes
                0x00000a17       0x33 build\libcpu\arm\cortex-m3\cpuport.o
 .ARM.attributes
                0x00000a4a       0x21 build\libcpu\arm\cortex-m3\context_gcc.o
 .ARM.attributes
                0x00000a6b       0x33 build\components\drivers\serial\serial.o
 .ARM.attributes
                0x00000a9e       0x33 build\components\drivers\src\dataqueue.o
 .ARM.attributes
                0x00000ad1       0x33 build\components\libc\minilibc\stdlib.o
 .ARM.attributes
                0x00000b04       0x33 build\components\libc\minilibc\string.o

.debug
 *(.debug)

.line
 *(.line)

.debug_srcinfo
 *(.debug_srcinfo)

.debug_sfnames
 *(.debug_sfnames)

.debug_aranges
 *(.debug_aranges)

.debug_pubnames
 *(.debug_pubnames)

.debug_info
 *(.debug_info .gnu.linkonce.wi.*)

.debug_abbrev
 *(.debug_abbrev)

.debug_line
 *(.debug_line)

.debug_frame
 *(.debug_frame)

.debug_str
 *(.debug_str)

.debug_loc
 *(.debug_loc)

.debug_macinfo
 *(.debug_macinfo)

.debug_weaknames
 *(.debug_weaknames)

.debug_funcnames
 *(.debug_funcnames)

.debug_typenames
 *(.debug_typenames)

.debug_varnames
 *(.debug_varnames)
OUTPUT(rtthread-stm32.elf elf32-littlearm)

Cross Reference Table

Symbol                                            File
ADC1ConvertedValue                                build\usb_hid\src\hw_config.o
ADC1ConvertedVoltage                              build\usb_hid\src\hw_config.o
ADC1_2_IRQHandler                                 build\Libraries\CMSIS\CM3\DeviceSupport\ST\STM32F10x\startup\gcc_ride7\startup_stm32f10x_md.o
ADC_AnalogWatchdogCmd                             build\Libraries\STM32F10x_StdPeriph_Driver\src\stm32f10x_adc.o
ADC_AnalogWatchdogSingleChannelConfig             build\Libraries\STM32F10x_StdPeriph_Driver\src\stm32f10x_adc.o
ADC_AnalogWatchdogThresholdsConfig                build\Libraries\STM32F10x_StdPeriph_Driver\src\stm32f10x_adc.o
ADC_AutoInjectedConvCmd                           build\Libraries\STM32F10x_StdPeriph_Driver\src\stm32f10x_adc.o
ADC_ClearFlag                                     build\Libraries\STM32F10x_StdPeriph_Driver\src\stm32f10x_adc.o
ADC_ClearITPendingBit                             build\Libraries\STM32F10x_StdPeriph_Driver\src\stm32f10x_adc.o
ADC_Cmd                                           build\Libraries\STM32F10x_StdPeriph_Driver\src\stm32f10x_adc.o
                                                  build\motor\src\adc.o
ADC_Configuration                                 build\usb_hid\src\hw_config.o
ADC_ConvertedValueX                               build\usb_hid\src\hw_config.o
ADC_ConvertedValueX_1                             build\usb_hid\src\hw_config.o
ADC_DMACmd                                        build\Libraries\STM32F10x_StdPeriph_Driver\src\stm32f10x_adc.o
                                                  build\motor\src\adc.o
ADC_DeInit                                        build\Libraries\STM32F10x_StdPeriph_Driver\src\stm32f10x_adc.o
ADC_DiscModeChannelCountConfig                    build\Libraries\STM32F10x_StdPeriph_Driver\src\stm32f10x_adc.o
ADC_DiscModeCmd                                   build\Libraries\STM32F10x_StdPeriph_Driver\src\stm32f10x_adc.o
ADC_ExternalTrigConvCmd                           build\Libraries\STM32F10x_StdPeriph_Driver\src\stm32f10x_adc.o
ADC_ExternalTrigInjectedConvCmd                   build\Libraries\STM32F10x_StdPeriph_Driver\src\stm32f10x_adc.o
ADC_ExternalTrigInjectedConvConfig                build\Libraries\STM32F10x_StdPeriph_Driver\src\stm32f10x_adc.o
ADC_GetCalibrationStatus                          build\Libraries\STM32F10x_StdPeriph_Driver\src\stm32f10x_adc.o
                                                  build\motor\src\adc.o
ADC_GetConversionValue                            build\Libraries\STM32F10x_StdPeriph_Driver\src\stm32f10x_adc.o
ADC_GetDualModeConversionValue                    build\Libraries\STM32F10x_StdPeriph_Driver\src\stm32f10x_adc.o
ADC_GetFlagStatus                                 build\Libraries\STM32F10x_StdPeriph_Driver\src\stm32f10x_adc.o
ADC_GetITStatus                                   build\Libraries\STM32F10x_StdPeriph_Driver\src\stm32f10x_adc.o
ADC_GetInjectedConversionValue                    build\Libraries\STM32F10x_StdPeriph_Driver\src\stm32f10x_adc.o
ADC_GetResetCalibrationStatus                     build\Libraries\STM32F10x_StdPeriph_Driver\src\stm32f10x_adc.o
                                                  build\motor\src\adc.o
ADC_GetSoftwareStartConvStatus                    build\Libraries\STM32F10x_StdPeriph_Driver\src\stm32f10x_adc.o
ADC_GetSoftwareStartInjectedConvCmdStatus         build\Libraries\STM32F10x_StdPeriph_Driver\src\stm32f10x_adc.o
ADC_ITConfig                                      build\Libraries\STM32F10x_StdPeriph_Driver\src\stm32f10x_adc.o
ADC_Init                                          build\Libraries\STM32F10x_StdPeriph_Driver\src\stm32f10x_adc.o
                                                  build\motor\src\adc.o
ADC_InjectedChannelConfig                         build\Libraries\STM32F10x_StdPeriph_Driver\src\stm32f10x_adc.o
ADC_InjectedDiscModeCmd                           build\Libraries\STM32F10x_StdPeriph_Driver\src\stm32f10x_adc.o
ADC_InjectedSequencerLengthConfig                 build\Libraries\STM32F10x_StdPeriph_Driver\src\stm32f10x_adc.o
ADC_RegularChannelConfig                          build\Libraries\STM32F10x_StdPeriph_Driver\src\stm32f10x_adc.o
                                                  build\motor\src\adc.o
ADC_ResetCalibration                              build\Libraries\STM32F10x_StdPeriph_Driver\src\stm32f10x_adc.o
                                                  build\motor\src\adc.o
ADC_SetInjectedOffset                             build\Libraries\STM32F10x_StdPeriph_Driver\src\stm32f10x_adc.o
ADC_SoftwareStartConvCmd                          build\Libraries\STM32F10x_StdPeriph_Driver\src\stm32f10x_adc.o
                                                  build\usb_hid\src\usb_prop.o
                                                  build\motor\src\adc.o
ADC_SoftwareStartInjectedConvCmd                  build\Libraries\STM32F10x_StdPeriph_Driver\src\stm32f10x_adc.o
ADC_StartCalibration                              build\Libraries\STM32F10x_StdPeriph_Driver\src\stm32f10x_adc.o
                                                  build\motor\src\adc.o
ADC_StructInit                                    build\Libraries\STM32F10x_StdPeriph_Driver\src\stm32f10x_adc.o
ADC_TempSensorVrefintCmd                          build\Libraries\STM32F10x_StdPeriph_Driver\src\stm32f10x_adc.o