Archive member included because of file (symbol)

c:/gcc-arm/bin/../lib/gcc/arm-none-eabi/4.7.3/armv7-m\libgcc.a(_arm_addsubdf3.o)
                              build\components\libc\minilibc\math.o (__aeabi_dsub)
c:/gcc-arm/bin/../lib/gcc/arm-none-eabi/4.7.3/armv7-m\libgcc.a(_arm_muldivdf3.o)
                              build\components\libc\minilibc\math.o (__aeabi_dmul)
c:/gcc-arm/bin/../lib/gcc/arm-none-eabi/4.7.3/armv7-m\libgcc.a(_arm_fixdfsi.o)
                              build\components\libc\minilibc\math.o (__aeabi_d2iz)
c:/gcc-arm/bin/../lib/gcc/arm-none-eabi/4.7.3/../../../../arm-none-eabi/lib/armv7-m\libc.a(lib_a-__atexit.o)
                              c:/gcc-arm/bin/../lib/gcc/arm-none-eabi/4.7.3/../../../../arm-none-eabi/lib/armv7-m/crt0.o (__register_exitproc)
c:/gcc-arm/bin/../lib/gcc/arm-none-eabi/4.7.3/../../../../arm-none-eabi/lib/armv7-m\libc.a(lib_a-exit.o)
                              c:/gcc-arm/bin/../lib/gcc/arm-none-eabi/4.7.3/../../../../arm-none-eabi/lib/armv7-m/crt0.o (exit)
c:/gcc-arm/bin/../lib/gcc/arm-none-eabi/4.7.3/../../../../arm-none-eabi/lib/armv7-m\libc.a(lib_a-fini.o)
                              c:/gcc-arm/bin/../lib/gcc/arm-none-eabi/4.7.3/../../../../arm-none-eabi/lib/armv7-m/crt0.o (__libc_fini_array)
c:/gcc-arm/bin/../lib/gcc/arm-none-eabi/4.7.3/../../../../arm-none-eabi/lib/armv7-m\libc.a(lib_a-impure.o)
                              c:/gcc-arm/bin/../lib/gcc/arm-none-eabi/4.7.3/../../../../arm-none-eabi/lib/armv7-m\libc.a(lib_a-__atexit.o) (_global_impure_ptr)
c:/gcc-arm/bin/../lib/gcc/arm-none-eabi/4.7.3/../../../../arm-none-eabi/lib/armv7-m\libc.a(lib_a-init.o)
                              c:/gcc-arm/bin/../lib/gcc/arm-none-eabi/4.7.3/../../../../arm-none-eabi/lib/armv7-m/crt0.o (__libc_init_array)
c:/gcc-arm/bin/../lib/gcc/arm-none-eabi/4.7.3/../../../../arm-none-eabi/lib/armv7-m\libc.a(lib_a-__call_atexit.o)
                              c:/gcc-arm/bin/../lib/gcc/arm-none-eabi/4.7.3/../../../../arm-none-eabi/lib/armv7-m\libc.a(lib_a-exit.o) (__call_exitprocs)
c:/gcc-arm/bin/../lib/gcc/arm-none-eabi/4.7.3/../../../../arm-none-eabi/lib/armv7-m\libc.a(lib_a-atexit.o)
                              c:/gcc-arm/bin/../lib/gcc/arm-none-eabi/4.7.3/../../../../arm-none-eabi/lib/armv7-m\libc.a(lib_a-__call_atexit.o) (atexit)

Allocating common symbols
Common symbol       size              file

SaveRState          0x2               build\usb_hid\src\usb_int.o
rt_interrupt_to_thread
                    0x4               build\libcpu\arm\cortex-m3\cpuport.o
rt_interrupt_from_thread
                    0x4               build\libcpu\arm\cortex-m3\cpuport.o
SaveState           0x2               build\usb_hid\src\usb_init.o
ProtocolValue       0x4               build\usb_hid\src\usb_prop.o
gConsole            0x8               build\motor\src\cmd.o
rt_thread_switch_interrupt_flag
                    0x4               build\libcpu\arm\cortex-m3\cpuport.o
wIstr               0x2               build\usb_hid\src\usb_istr.o
pProperty           0x4               build\usb_hid\src\usb_init.o
uart3_int_rx        0x44              build\drivers\usart.o
EPindex             0x1               build\usb_hid\src\usb_init.o
Report_Buf          0x40              build\usb_hid\src\usb_prop.o
cmd_thread          0x78              build\motor\src\cmd.o
rt_thread_priority_table
                    0x100             build\src\scheduler.o
serial1             0x7c              build\drivers\usart.o
rt_object_put_hook  0x4               build\src\object.o
SaveTState          0x2               build\usb_hid\src\usb_int.o
gData               0xbc              build\motor\src\adc.o
gCmd_dealer         0x424             build\motor\src\cmd.o
Device_Info         0x1c              build\usb_hid\src\usb_init.o
rt_current_priority
                    0x1               build\src\scheduler.o
pUser_Standard_Requests
                    0x4               build\usb_hid\src\usb_init.o
ad_sample_thread    0x78              build\motor\src\adc.o
event_thread        0x78              build\motor\src\pwm.o
EXTI_Enable         0x1               build\usb_hid\src\usb_prop.o
uart2_int_rx        0x44              build\drivers\usart.o
cmd_stack           0x200             build\motor\src\cmd.o
StatusInfo          0x2               build\usb_hid\src\usb_core.o
pInformation        0x4               build\usb_hid\src\usb_init.o
ResumeS             0x2               build\usb_hid\src\usb_pwr.o
rt_interrupt_nest   0x1               build\src\irq.o
serial3             0x7c              build\drivers\usart.o
rt_object_take_hook
                    0x4               build\src\object.o
rt_current_thread   0x4               build\src\scheduler.o
rt_thread_ready_priority_group
                    0x4               build\src\scheduler.o
rt_thread_defunct   0x8               build\src\scheduler.o
uart1_int_rx        0x44              build\drivers\usart.o
ad_sample_stack     0x200             build\motor\src\adc.o
[...]
Memory Configuration

Name             Origin             Length             Attributes
CODE             0x08000000         0x00010000         xr
DATA             0x20000000         0x00005000         rw
*default*        0x00000000         0xffffffff

Linker script and memory map

LOAD c:/gcc-arm/bin/../lib/gcc/arm-none-eabi/4.7.3/armv7-m/crti.o
LOAD c:/gcc-arm/bin/../lib/gcc/arm-none-eabi/4.7.3/armv7-m/crtbegin.o
LOAD c:/gcc-arm/bin/../lib/gcc/arm-none-eabi/4.7.3/../../../../arm-none-eabi/lib/armv7-m/crt0.o
LOAD build\applications\application.o
LOAD build\applications\startup.o
LOAD build\drivers\board.o
LOAD build\drivers\stm32f10x_it.o
LOAD build\drivers\led.o
LOAD build\drivers\usart.o
LOAD build\Libraries\CMSIS\CM3\DeviceSupport\ST\STM32F10x\system_stm32f10x.o
LOAD build\Libraries\STM32F10x_StdPeriph_Driver\src\stm32f10x_crc.o
LOAD build\Libraries\STM32F10x_StdPeriph_Driver\src\stm32f10x_rcc.o
LOAD build\Libraries\STM32F10x_StdPeriph_Driver\src\stm32f10x_wwdg.o
LOAD build\Libraries\STM32F10x_StdPeriph_Driver\src\stm32f10x_pwr.o
LOAD build\Libraries\STM32F10x_StdPeriph_Driver\src\stm32f10x_exti.o
LOAD build\Libraries\STM32F10x_StdPeriph_Driver\src\stm32f10x_bkp.o
LOAD build\Libraries\STM32F10x_StdPeriph_Driver\src\stm32f10x_i2c.o
LOAD build\Libraries\STM32F10x_StdPeriph_Driver\src\stm32f10x_adc.o
LOAD build\Libraries\STM32F10x_StdPeriph_Driver\src\stm32f10x_dac.o
LOAD build\Libraries\STM32F10x_StdPeriph_Driver\src\stm32f10x_rtc.o
LOAD build\Libraries\STM32F10x_StdPeriph_Driver\src\stm32f10x_fsmc.o
LOAD build\Libraries\STM32F10x_StdPeriph_Driver\src\stm32f10x_tim.o
LOAD build\Libraries\STM32F10x_StdPeriph_Driver\src\stm32f10x_iwdg.o
LOAD build\Libraries\STM32F10x_StdPeriph_Driver\src\stm32f10x_spi.o
LOAD build\Libraries\STM32F10x_StdPeriph_Driver\src\stm32f10x_flash.o
LOAD build\Libraries\STM32F10x_StdPeriph_Driver\src\stm32f10x_sdio.o
LOAD build\Libraries\STM32F10x_StdPeriph_Driver\src\stm32f10x_gpio.o
LOAD build\Libraries\STM32F10x_StdPeriph_Driver\src\stm32f10x_usart.o
LOAD build\Libraries\STM32F10x_StdPeriph_Driver\src\stm32f10x_dbgmcu.o
LOAD build\Libraries\STM32F10x_StdPeriph_Driver\src\stm32f10x_dma.o
LOAD build\Libraries\STM32F10x_StdPeriph_Driver\src\stm32f10x_can.o
LOAD build\Libraries\STM32F10x_StdPeriph_Driver\src\stm32f10x_cec.o
LOAD build\Libraries\STM32F10x_StdPeriph_Driver\src\misc.o
LOAD build\Libraries\CMSIS\CM3\DeviceSupport\ST\STM32F10x\startup\gcc_ride7\startup_stm32f10x_md.o
LOAD build\motor\src\adc.o
LOAD build\motor\src\cmd.o
LOAD build\motor\src\counter.o
LOAD build\motor\src\entry.o
LOAD build\motor\src\flash.o
LOAD build\motor\src\pwm.o
LOAD build\motor\src\vout.o
LOAD build\motor\src\pga.o
LOAD build\motor\src\ds18b20.o
LOAD build\usb_hid\src\entry.o
LOAD build\usb_hid\src\hw_config.o
LOAD build\usb_hid\src\stm3210b_eval.o
LOAD build\usb_hid\src\stm32_it.o
LOAD build\usb_hid\src\usb_core.o
LOAD build\usb_hid\src\usb_desc.o
LOAD build\usb_hid\src\usb_endp.o
LOAD build\usb_hid\src\usb_init.o
LOAD build\usb_hid\src\usb_int.o
LOAD build\usb_hid\src\usb_istr.o
LOAD build\usb_hid\src\usb_mem.o
LOAD build\usb_hid\src\usb_prop.o
LOAD build\usb_hid\src\usb_pwr.o
LOAD build\usb_hid\src\usb_regs.o
LOAD build\usb_hid\src\usb_sil.o
LOAD build\src\clock.o
LOAD build\src\device.o
LOAD build\src\idle.o
LOAD build\src\ipc.o
LOAD build\src\irq.o
LOAD build\src\kservice.o
LOAD build\src\mem.o
LOAD build\src\mempool.o
LOAD build\src\object.o
LOAD build\src\scheduler.o
LOAD build\src\thread.o
LOAD build\src\timer.o
LOAD build\libcpu\arm\cortex-m3\cpuport.o
LOAD build\libcpu\arm\cortex-m3\context_gcc.o
LOAD build\libcpu\arm\common\backtrace.o
LOAD build\libcpu\arm\common\div0.o
LOAD build\libcpu\arm\common\showmem.o
LOAD build\components\drivers\serial\serial.o
LOAD build\components\drivers\src\completion.o
LOAD build\components\drivers\src\dataqueue.o
LOAD build\components\drivers\src\pipe.o
LOAD build\components\drivers\src\ringbuffer.o
LOAD build\components\libc\minilibc\ctype.o
LOAD build\components\libc\minilibc\math.o
LOAD build\components\libc\minilibc\qsort.o
LOAD build\components\libc\minilibc\rand.o
LOAD build\components\libc\minilibc\stdlib.o
LOAD build\components\libc\minilibc\string.o
LOAD build\components\libc\minilibc\time.o
START GROUP
LOAD c:/gcc-arm/bin/../lib/gcc/arm-none-eabi/4.7.3/armv7-m\libgcc.a
LOAD c:/gcc-arm/bin/../lib/gcc/arm-none-eabi/4.7.3/../../../../arm-none-eabi/lib/armv7-m\libc.a
END GROUP
LOAD c:/gcc-arm/bin/../lib/gcc/arm-none-eabi/4.7.3/armv7-m/crtend.o
LOAD c:/gcc-arm/bin/../lib/gcc/arm-none-eabi/4.7.3/armv7-m/crtn.o
                0x00000400                _system_stack_size = 0x400

.text           0x08000000     0xa128
                0x08000000                . = ALIGN (0x4)
                0x08000000                _stext = .
 *(.isr_vector)
 .isr_vector    0x08000000      0x10c build\Libraries\CMSIS\CM3\DeviceSupport\ST\STM32F10x\startup\gcc_ride7\startup_stm32f10x_md.o
                0x08000000                g_pfnVectors
                0x0800010c                . = ALIGN (0x4)
 *(.text)
 .text          0x0800010c       0xd0 build\libcpu\arm\cortex-m3\context_gcc.o
                0x0800010c                rt_hw_interrupt_disable
                0x08000114                rt_hw_interrupt_enable
                0x0800011a                rt_hw_context_switch_interrupt
                0x0800011a                rt_hw_context_switch
                0x0800013a                PendSV_Handler
                0x08000176                rt_hw_context_switch_to
                0x080001a0                rt_hw_interrupt_thread_switch
                0x080001a4                HardFault_Handler
                0x080001b8                rt_hw_interrupt_check
 *(.text.*)
 .text.rt_init_thread_entry
                0x080001dc        0x4 build\applications\application.o
                0x080001dc                rt_init_thread_entry
 .text.led_thread_entry
                0x080001e0       0x20 build\applications\application.o
 .text.rt_application_init
                0x08000200      0x110 build\applications\application.o
                0x08000200                rt_application_init
 .text.assert_failed
                0x08000310       0x2c build\applications\startup.o
                0x08000310                assert_failed
 .text.rtthread_startup
                0x0800033c       0x3c build\applications\startup.o
                0x0800033c                rtthread_startup
 .text.startup.main
                0x08000378       0x10 build\applications\startup.o
                0x08000378                main
 .text.NVIC_Configuration
                0x08000388        0xc build\drivers\board.o
                0x08000388                NVIC_Configuration
 .text.SysTick_Handler
                0x08000394       0x14 build\drivers\board.o
                0x08000394                SysTick_Handler
 .text.rt_hw_board_init
                0x080003a8       0x54 build\drivers\board.o
                0x080003a8                rt_hw_board_init
 .text.NMI_Handler
                0x080003fc        0x4 build\drivers\stm32f10x_it.o
                0x080003fc                NMI_Handler
 .text.MemManage_Handler
                0x08000400        0x4 build\drivers\stm32f10x_it.o
                0x08000400                MemManage_Handler
 .text.BusFault_Handler
                0x08000404        0x4 build\drivers\stm32f10x_it.o
                0x08000404                BusFault_Handler
 .text.UsageFault_Handler
                0x08000408        0x4 build\drivers\stm32f10x_it.o
                0x08000408                UsageFault_Handler
 .text.SVC_Handler
                0x0800040c        0x4 build\drivers\stm32f10x_it.o
                0x0800040c                SVC_Handler
 .text.DebugMon_Handler
                0x08000410        0x4 build\drivers\stm32f10x_it.o
                0x08000410                DebugMon_Handler
 .text.rt_hw_led_init
                0x08000414       0x48 build\drivers\led.o
                0x08000414                rt_hw_led_init
 .text.rt_hw_led_on
                0x0800045c       0x44 build\drivers\led.o
                0x0800045c                rt_hw_led_on
 .text.rt_hw_led_off
                0x080004a0       0x28 build\drivers\led.o
                0x080004a0                rt_hw_led_off
 .text.stm32_getc
                0x080004c8       0x48 build\drivers\usart.o
 .text.stm32_putc
                0x08000510       0x48 build\drivers\usart.o
 .text.stm32_control
                0x08000558       0x7c build\drivers\usart.o
 .text.stm32_configure
                0x080005d4       0xb4 build\drivers\usart.o
 .text.NVIC_Configuration.isra.0
                0x08000688       0x24 build\drivers\usart.o
 .text.USART1_IRQHandler
                0x080006ac       0x50 build\drivers\usart.o
                0x080006ac                USART1_IRQHandler
 .text.USART2_IRQHandler
                0x080006fc       0x50 build\drivers\usart.o
                0x080006fc                USART2_IRQHandler
 .text.USART3_IRQHandler
                0x0800074c       0x50 build\drivers\usart.o
                0x0800074c                USART3_IRQHandler
 .text.rt_hw_usart_init
                0x0800079c      0x1c0 build\drivers\usart.o
                0x0800079c                rt_hw_usart_init
 .text.SystemInit
                0x0800095c      0x120 build\Libraries\CMSIS\CM3\DeviceSupport\ST\STM32F10x\system_stm32f10x.o
                0x0800095c                SystemInit
 .text.RCC_USBCLKConfig
                0x08000a7c       0x20 build\Libraries\STM32F10x_StdPeriph_Driver\src\stm32f10x_rcc.o
                0x08000a7c                RCC_USBCLKConfig
 .text.RCC_ADCCLKConfig
                0x08000a9c       0x3c build\Libraries\STM32F10x_StdPeriph_Driver\src\stm32f10x_rcc.o
                0x08000a9c                RCC_ADCCLKConfig
 .text.RCC_GetClocksFreq
                0x08000ad8       0xa8 build\Libraries\STM32F10x_StdPeriph_Driver\src\stm32f10x_rcc.o
                0x08000ad8                RCC_GetClocksFreq
 .text.RCC_AHBPeriphClockCmd
                0x08000b80       0x58 build\Libraries\STM32F10x_StdPeriph_Driver\src\stm32f10x_rcc.o
                0x08000b80                RCC_AHBPeriphClockCmd
 .text.RCC_APB2PeriphClockCmd
                0x08000bd8       0x58 build\Libraries\STM32F10x_StdPeriph_Driver\src\stm32f10x_rcc.o
                0x08000bd8                RCC_APB2PeriphClockCmd
 .text.RCC_APB1PeriphClockCmd
                0x08000c30       0x5c build\Libraries\STM32F10x_StdPeriph_Driver\src\stm32f10x_rcc.o
                0x08000c30                RCC_APB1PeriphClockCmd
 .text.RCC_APB2PeriphResetCmd
                0x08000c8c       0x58 build\Libraries\STM32F10x_StdPeriph_Driver\src\stm32f10x_rcc.o
                0x08000c8c                RCC_APB2PeriphResetCmd
 .text.RCC_APB1PeriphResetCmd
                0x08000ce4       0x5c build\Libraries\STM32F10x_StdPeriph_Driver\src\stm32f10x_rcc.o
                0x08000ce4                RCC_APB1PeriphResetCmd
 .text.EXTI_ClearITPendingBit
                0x08000d40       0x24 build\Libraries\STM32F10x_StdPeriph_Driver\src\stm32f10x_exti.o
                0x08000d40                EXTI_ClearITPendingBit
 .text.ADC_DeInit
                0x08000d64       0x80 build\Libraries\STM32F10x_StdPeriph_Driver\src\stm32f10x_adc.o
                0x08000d64                ADC_DeInit
 .text.ADC_Init
                0x08000de4      0x138 build\Libraries\STM32F10x_StdPeriph_Driver\src\stm32f10x_adc.o
                0x08000de4                ADC_Init
 .text.ADC_Cmd  0x08000f1c       0x60 build\Libraries\STM32F10x_StdPeriph_Driver\src\stm32f10x_adc.o
                0x08000f1c                ADC_Cmd
 .text.ADC_DMACmd
                0x08000f7c       0x54 build\Libraries\STM32F10x_StdPeriph_Driver\src\stm32f10x_adc.o
                0x08000f7c                ADC_DMACmd
 .text.ADC_ResetCalibration
                0x08000fd0       0x40 build\Libraries\STM32F10x_StdPeriph_Driver\src\stm32f10x_adc.o
                0x08000fd0                ADC_ResetCalibration
 .text.ADC_GetResetCalibrationStatus
                0x08001010       0x40 build\Libraries\STM32F10x_StdPeriph_Driver\src\stm32f10x_adc.o
                0x08001010                ADC_GetResetCalibrationStatus
 .text.ADC_StartCalibration
                0x08001050       0x40 build\Libraries\STM32F10x_StdPeriph_Driver\src\stm32f10x_adc.o
                0x08001050                ADC_StartCalibration
 .text.ADC_GetCalibrationStatus
                0x08001090       0x40 build\Libraries\STM32F10x_StdPeriph_Driver\src\stm32f10x_adc.o
                0x08001090                ADC_GetCalibrationStatus
 .text.ADC_SoftwareStartConvCmd
                0x080010d0       0x60 build\Libraries\STM32F10x_StdPeriph_Driver\src\stm32f10x_adc.o
                0x080010d0                ADC_SoftwareStartConvCmd
 .text.ADC_RegularChannelConfig
                0x08001130      0x10c build\Libraries\STM32F10x_StdPeriph_Driver\src\stm32f10x_adc.o
                0x08001130                ADC_RegularChannelConfig
 .text.TIM_DeInit
                0x0800123c      0x26c build\Libraries\STM32F10x_StdPeriph_Driver\src\stm32f10x_tim.o
                0x0800123c                TIM_DeInit
 .text.TIM_TimeBaseInit
                0x080014a8      0x1e0 build\Libraries\STM32F10x_StdPeriph_Driver\src\stm32f10x_tim.o
                0x080014a8                TIM_TimeBaseInit
 .text.TIM_OC1Init
                0x08001688      0x210 build\Libraries\STM32F10x_StdPeriph_Driver\src\stm32f10x_tim.o
                0x08001688                TIM_OC1Init
 .text.TIM_Cmd  0x08001898      0x108 build\Libraries\STM32F10x_StdPeriph_Driver\src\stm32f10x_tim.o
                0x08001898                TIM_Cmd
 .text.TIM_CtrlPWMOutputs
                0x080019a0       0x84 build\Libraries\STM32F10x_StdPeriph_Driver\src\stm32f10x_tim.o
                0x080019a0                TIM_CtrlPWMOutputs
 .text.TIM_ITConfig
                0x08001a24      0x11c build\Libraries\STM32F10x_StdPeriph_Driver\src\stm32f10x_tim.o
                0x08001a24                TIM_ITConfig
 .text.TIM_ETRConfig
                0x08001b40       0xb8 build\Libraries\STM32F10x_StdPeriph_Driver\src\stm32f10x_tim.o
                0x08001b40                TIM_ETRConfig
 .text.TIM_ETRClockMode2Config
                0x08001bf8       0xb4 build\Libraries\STM32F10x_StdPeriph_Driver\src\stm32f10x_tim.o
                0x08001bf8                TIM_ETRClockMode2Config
 .text.TIM_ARRPreloadConfig
                0x08001cac      0x108 build\Libraries\STM32F10x_StdPeriph_Driver\src\stm32f10x_tim.o
                0x08001cac                TIM_ARRPreloadConfig
 .text.TIM_CCxCmd
                0x08001db4      0x108 build\Libraries\STM32F10x_StdPeriph_Driver\src\stm32f10x_tim.o
                0x08001db4                TIM_CCxCmd
 .text.TIM_SetCounter
                0x08001ebc       0xe0 build\Libraries\STM32F10x_StdPeriph_Driver\src\stm32f10x_tim.o
                0x08001ebc                TIM_SetCounter
 .text.TIM_SetAutoreload
                0x08001f9c       0xe0 build\Libraries\STM32F10x_StdPeriph_Driver\src\stm32f10x_tim.o
                0x08001f9c                TIM_SetAutoreload
 .text.TIM_SetCompare1
                0x0800207c       0xc8 build\Libraries\STM32F10x_StdPeriph_Driver\src\stm32f10x_tim.o
                0x0800207c                TIM_SetCompare1
 .text.TIM_ClearFlag
                0x08002144       0xf4 build\Libraries\STM32F10x_StdPeriph_Driver\src\stm32f10x_tim.o
                0x08002144                TIM_ClearFlag
 .text.TIM_ClearITPendingBit
                0x08002238       0xf4 build\Libraries\STM32F10x_StdPeriph_Driver\src\stm32f10x_tim.o
                0x08002238                TIM_ClearITPendingBit
 .text.FLASH_UnlockBank1
                0x0800232c       0x20 build\Libraries\STM32F10x_StdPeriph_Driver\src\stm32f10x_flash.o
                0x0800232c                FLASH_UnlockBank1
 .text.FLASH_LockBank1
                0x0800234c       0x14 build\Libraries\STM32F10x_StdPeriph_Driver\src\stm32f10x_flash.o
                0x0800234c                FLASH_LockBank1
 .text.FLASH_GetBank1Status
                0x08002360       0x2c build\Libraries\STM32F10x_StdPeriph_Driver\src\stm32f10x_flash.o
                0x08002360                FLASH_GetBank1Status
 .text.FLASH_WaitForLastOperation
                0x0800238c       0x40 build\Libraries\STM32F10x_StdPeriph_Driver\src\stm32f10x_flash.o
                0x0800238c                FLASH_WaitForLastOperation
 .text.FLASH_ProgramWord
                0x080023cc       0x90 build\Libraries\STM32F10x_StdPeriph_Driver\src\stm32f10x_flash.o
                0x080023cc                FLASH_ProgramWord
 .text.GPIO_Init
                0x0800245c      0x338 build\Libraries\STM32F10x_StdPeriph_Driver\src\stm32f10x_gpio.o
                0x0800245c                GPIO_Init
 .text.GPIO_ReadInputDataBit
                0x08002794       0xcc build\Libraries\STM32F10x_StdPeriph_Driver\src\stm32f10x_gpio.o
                0x08002794                GPIO_ReadInputDataBit
 .text.GPIO_SetBits
                0x08002860       0x78 build\Libraries\STM32F10x_StdPeriph_Driver\src\stm32f10x_gpio.o
                0x08002860                GPIO_SetBits
 .text.GPIO_ResetBits
                0x080028d8       0x78 build\Libraries\STM32F10x_StdPeriph_Driver\src\stm32f10x_gpio.o
                0x080028d8                GPIO_ResetBits
 .text.GPIO_PinRemapConfig
                0x08002950      0x260 build\Libraries\STM32F10x_StdPeriph_Driver\src\stm32f10x_gpio.o
                0x08002950                GPIO_PinRemapConfig
 .text.USART_Init
                0x08002bb0      0x1e8 build\Libraries\STM32F10x_StdPeriph_Driver\src\stm32f10x_usart.o
                0x08002bb0                USART_Init
 .text.USART_Cmd
                0x08002d98       0x7c build\Libraries\STM32F10x_StdPeriph_Driver\src\stm32f10x_usart.o
                0x08002d98                USART_Cmd
 .text.USART_ITConfig
                0x08002e14      0x118 build\Libraries\STM32F10x_StdPeriph_Driver\src\stm32f10x_usart.o
                0x08002e14                USART_ITConfig
 .text.USART_GetITStatus
                0x08002f2c      0x144 build\Libraries\STM32F10x_StdPeriph_Driver\src\stm32f10x_usart.o
                0x08002f2c                USART_GetITStatus
 .text.USART_ClearITPendingBit
                0x08003070       0xbc build\Libraries\STM32F10x_StdPeriph_Driver\src\stm32f10x_usart.o
                0x08003070                USART_ClearITPendingBit
 .text.DMA_DeInit
                0x0800312c      0x224 build\Libraries\STM32F10x_StdPeriph_Driver\src\stm32f10x_dma.o
                0x0800312c                DMA_DeInit
 .text.DMA_Init
                0x08003350      0x1a0 build\Libraries\STM32F10x_StdPeriph_Driver\src\stm32f10x_dma.o
                0x08003350                DMA_Init
 .text.DMA_Cmd  0x080034f0       0xc0 build\Libraries\STM32F10x_StdPeriph_Driver\src\stm32f10x_dma.o
                0x080034f0                DMA_Cmd
 .text.NVIC_PriorityGroupConfig
                0x080035b0       0x44 build\Libraries\STM32F10x_StdPeriph_Driver\src\misc.o
                0x080035b0                NVIC_PriorityGroupConfig
 .text.NVIC_Init
                0x080035f4       0xb0 build\Libraries\STM32F10x_StdPeriph_Driver\src\misc.o
                0x080035f4                NVIC_Init
 .text.NVIC_SetVectorTable
                0x080036a4       0x48 build\Libraries\STM32F10x_StdPeriph_Driver\src\misc.o
                0x080036a4                NVIC_SetVectorTable
 .text.Reset_Handler
                0x080036ec       0x4c build\Libraries\CMSIS\CM3\DeviceSupport\ST\STM32F10x\startup\gcc_ride7\startup_stm32f10x_md.o
                0x080036ec                Reset_Handler
 .text.Default_Handler
                0x08003738        0x4 build\Libraries\CMSIS\CM3\DeviceSupport\ST\STM32F10x\startup\gcc_ride7\startup_stm32f10x_md.o
                0x08003738                EXTI2_IRQHandler
                0x08003738                TIM1_CC_IRQHandler
                0x08003738                PVD_IRQHandler
                0x08003738                EXTI3_IRQHandler
                0x08003738                EXTI0_IRQHandler
                0x08003738                I2C2_EV_IRQHandler
                0x08003738                ADC1_2_IRQHandler
                0x08003738                SPI1_IRQHandler
                0x08003738                TAMPER_IRQHandler
                0x08003738                DMA1_Channel4_IRQHandler
                0x08003738                RTC_IRQHandler
                0x08003738                DMA1_Channel7_IRQHandler
                0x08003738                CAN1_RX1_IRQHandler
                0x08003738                TIM4_IRQHandler
                0x08003738                I2C1_EV_IRQHandler
                0x08003738                DMA1_Channel6_IRQHandler
                0x08003738                TIM3_IRQHandler
                0x08003738                RCC_IRQHandler
                0x08003738                TIM1_TRG_COM_IRQHandler
                0x08003738                DMA1_Channel1_IRQHandler
                0x08003738                Default_Handler
                0x08003738                EXTI9_5_IRQHandler
                0x08003738                SPI2_IRQHandler
                0x08003738                DMA1_Channel5_IRQHandler
                0x08003738                USB_HP_CAN1_TX_IRQHandler
                0x08003738                DMA1_Channel3_IRQHandler
                0x08003738                TIM1_UP_IRQHandler
                0x08003738                WWDG_IRQHandler
                0x08003738                TIM1_BRK_IRQHandler
                0x08003738                EXTI1_IRQHandler
                0x08003738                RTCAlarm_IRQHandler
                0x08003738                I2C2_ER_IRQHandler
                0x08003738                DMA1_Channel2_IRQHandler
                0x08003738                CAN1_SCE_IRQHandler
                0x08003738                FLASH_IRQHandler
                0x08003738                I2C1_ER_IRQHandler
 .text.data_t_run
                0x0800373c       0x10 build\motor\src\adc.o
                0x0800373c                data_t_run
 .text.data_t_stop
                0x0800374c       0x10 build\motor\src\adc.o
                0x0800374c                data_t_stop
 .text.data_t_set_manual
                0x0800375c       0x2c build\motor\src\adc.o
                0x0800375c                data_t_set_manual
 .text.data_t_sample
                0x08003788       0xd8 build\motor\src\adc.o
                0x08003788                data_t_sample
 .text.get_temp
                0x08003860       0x10 build\motor\src\adc.o
                0x08003860                get_temp
 .text.data_t_format
                0x08003870       0x44 build\motor\src\adc.o
                0x08003870                data_t_format
 .text.data_t_upload
                0x080038b4        0xc build\motor\src\adc.o
                0x080038b4                data_t_upload
 .text.data_t_reset
                0x080038c0       0x1c build\motor\src\adc.o
                0x080038c0                data_t_reset
 .text.data_t_init
                0x080038dc       0x94 build\motor\src\adc.o
                0x080038dc                data_t_init
 .text.data_t_set_channel
                0x08003970       0x14 build\motor\src\adc.o
                0x08003970                data_t_set_channel
 .text.data_t_set_interval
                0x08003984       0x1c build\motor\src\adc.o
                0x08003984                data_t_set_interval
 .text.data_t_cfg
                0x080039a0        0xc build\motor\src\adc.o
                0x080039a0                data_t_cfg
 .text.data_t_service
                0x080039ac       0x30 build\motor\src\adc.o
                0x080039ac                data_t_service
 .text.set_SW.part.1
                0x080039dc       0x18 build\motor\src\adc.o
 .text.switch_485
                0x080039f4       0x38 build\motor\src\adc.o
                0x080039f4                switch_485
 .text.switch_232
                0x08003a2c       0x3c build\motor\src\adc.o
                0x08003a2c                switch_232
 .text.switch_CAN
                0x08003a68       0x3c build\motor\src\adc.o
                0x08003a68                switch_CAN
 .text.switch_NTC
                0x08003aa4       0x3c build\motor\src\adc.o
                0x08003aa4                switch_NTC
 .text.switch_R
                0x08003ae0       0x50 build\motor\src\adc.o
                0x08003ae0                switch_R
 .text.switch_UI
                0x08003b30       0x50 build\motor\src\adc.o
                0x08003b30                switch_UI
 .text.switch_RAT
                0x08003b80       0xb4 build\motor\src\adc.o
                0x08003b80                switch_RAT
 .text.RCC_ADC_init
                0x08003c34       0x38 build\motor\src\adc.o
                0x08003c34                RCC_ADC_init
 .text.swR_init
                0x08003c6c       0x34 build\motor\src\adc.o
                0x08003c6c                swR_init
 .text.GPIO_ADC_init
                0x08003ca0       0x84 build\motor\src\adc.o
                0x08003ca0                GPIO_ADC_init
 .text.DMA_ADC_init
                0x08003d24       0x5c build\motor\src\adc.o
                0x08003d24                DMA_ADC_init
 .text.adc_config
                0x08003d80      0x128 build\motor\src\adc.o
                0x08003d80                adc_config
 .text.sample_temp
                0x08003ea8       0x84 build\motor\src\adc.o
                0x08003ea8                sample_temp
 .text.ad_sample_thread_entry
                0x08003f2c       0x28 build\motor\src\adc.o
                0x08003f2c                ad_sample_thread_entry
 .text.has_cmd_
                0x08003f54       0x14 build\motor\src\cmd.o
                0x08003f54                has_cmd_
 .text.append_  0x08003f68       0x7c build\motor\src\cmd.o
                0x08003f68                append_
 .text.get_calibr
                0x08003fe4       0x38 build\motor\src\cmd.o
                0x08003fe4                get_calibr
 .text.flash    0x0800401c       0x34 build\motor\src\cmd.o
                0x0800401c                flash
 .text.set_calibr
                0x08004050       0x4c build\motor\src\cmd.o
                0x08004050                set_calibr
 .text.console_srv
                0x0800409c       0x6c build\motor\src\cmd.o
                0x0800409c                console_srv
 .text.deal_cmd__
                0x08004108       0x5c build\motor\src\cmd.o
                0x08004108                deal_cmd__
 .text.deal_cmd_
                0x08004164       0xa8 build\motor\src\cmd.o
                0x08004164                deal_cmd_
 .text.vout_srv
                0x0800420c        0xc build\motor\src\cmd.o
                0x0800420c                vout_srv
 .text.adc_srv  0x08004218        0xc build\motor\src\cmd.o
                0x08004218                adc_srv
 .text.motor_srv
                0x08004224        0xc build\motor\src\cmd.o
                0x08004224                motor_srv
 .text.calib_srv
                0x08004230        0xc build\motor\src\cmd.o
                0x08004230                calib_srv
 .text.cmd_dealer_init
                0x0800423c       0x4c build\motor\src\cmd.o
                0x0800423c                cmd_dealer_init
 .text.cmd_thread_entry
                0x08004288       0x38 build\motor\src\cmd.o
                0x08004288                cmd_thread_entry
 .text.TIM2_IRQHandler
                0x080042c0       0x90 build\motor\src\counter.o
                0x080042c0                TIM2_IRQHandler
 .text.tim2_IRQ_init
                0x08004350       0x2c build\motor\src\counter.o
                0x08004350                tim2_IRQ_init
 .text.tim2_init
                0x0800437c       0xd4 build\motor\src\counter.o
                0x0800437c                tim2_init
 .text.RCC_Configuration_motor
                0x08004450        0x8 build\motor\src\entry.o
                0x08004450                RCC_Configuration_motor
 .text.hardware_init
                0x08004458       0x28 build\motor\src\entry.o
                0x08004458                hardware_init
 .text.motor_set_auto
                0x08004480       0x34 build\motor\src\pwm.o
                0x08004480                motor_set_auto
 .text.motor_setup
                0x080044b4       0x14 build\motor\src\pwm.o
                0x080044b4                motor_setup
 .text.middle_Y_led
                0x080044c8        0x8 build\motor\src\pwm.o
                0x080044c8                middle_Y_led
 .text.middle_N_led
                0x080044d0        0x8 build\motor\src\pwm.o
                0x080044d0                middle_N_led
 .text.middle_status_update
                0x080044d8       0x34 build\motor\src\pwm.o
                0x080044d8                middle_status_update
 .text.EXTI15_10_IRQHandler
                0x0800450c       0x38 build\motor\src\pwm.o
                0x0800450c                EXTI15_10_IRQHandler
 .text.EXTI4_IRQHandler
                0x08004544       0x38 build\motor\src\pwm.o
                0x08004544                EXTI4_IRQHandler
 .text.pwm_accl
                0x0800457c       0x2c build\motor\src\pwm.o
                0x0800457c                pwm_accl
 .text.pwm_dccl
                0x080045a8       0x24 build\motor\src\pwm.o
                0x080045a8                pwm_dccl
 .text.motor_accl
                0x080045cc       0x38 build\motor\src\pwm.o
                0x080045cc                motor_accl
 .text.pwm_stop
                0x08004604       0x44 build\motor\src\pwm.o
                0x08004604                pwm_stop
 .text.motor_stop
                0x08004648       0x18 build\motor\src\pwm.o
                0x08004648                motor_stop
 .text.pollar_service
                0x08004660       0x8c build\motor\src\pwm.o
                0x08004660                pollar_service
 .text.event_thread_entry
                0x080046ec       0x1c build\motor\src\pwm.o
                0x080046ec                event_thread_entry
 .text.pwm_run  0x08004708       0x34 build\motor\src\pwm.o
                0x08004708                pwm_run
 .text.pwm_set_forward
                0x0800473c       0x14 build\motor\src\pwm.o
                0x0800473c                pwm_set_forward
 .text.pwm_set_backward
                0x08004750       0x14 build\motor\src\pwm.o
                0x08004750                pwm_set_backward
 .text.motor_run
                0x08004764       0x5c build\motor\src\pwm.o
                0x08004764                motor_run
 .text.motor_move
                0x080047c0       0x80 build\motor\src\pwm.o
                0x080047c0                motor_move
 .text.vout_set
                0x08004840       0x34 build\motor\src\vout.o
                0x08004840                vout_set
 .text.RCC_vout_init
                0x08004874        0xc build\motor\src\vout.o
                0x08004874                RCC_vout_init
 .text.GPIO_vout_init
                0x08004880       0x2c build\motor\src\vout.o
                0x08004880                GPIO_vout_init
 .text.t1c1_init
                0x080048ac       0x88 build\motor\src\vout.o
                0x080048ac                t1c1_init
 .text.vout_init
                0x08004934       0x14 build\motor\src\vout.o
                0x08004934                vout_init
 .text.vout_adj
                0x08004948       0x3c build\motor\src\vout.o
                0x08004948                vout_adj
 .text.vout_decrease
                0x08004984       0x24 build\motor\src\vout.o
                0x08004984                vout_decrease
 .text.vout_increase
                0x080049a8       0x24 build\motor\src\vout.o
                0x080049a8                vout_increase
 .text.RCC_pga_init
                0x080049cc        0x8 build\motor\src\pga.o
                0x080049cc                RCC_pga_init
 .text.GPIO_pga_init
                0x080049d4       0xc4 build\motor\src\pga.o
                0x080049d4                GPIO_pga_init
 .text.pga_init
                0x08004a98       0x10 build\motor\src\pga.o
                0x08004a98                pga_init
 .text.write_sport
                0x08004aa8       0x98 build\motor\src\pga.o
                0x08004aa8                write_sport
 .text.pga_set  0x08004b40       0x8c build\motor\src\pga.o
                0x08004b40                pga_set
 .text.usb_init
                0x08004bcc       0x30 build\usb_hid\src\entry.o
                0x08004bcc                usb_init
 .text.Delay    0x08004bfc       0x24 build\usb_hid\src\entry.o
                0x08004bfc                Delay
 .text.IntToUnicode
                0x08004c20       0x78 build\usb_hid\src\hw_config.o
 .text.Set_USBClock
                0x08004c98       0x18 build\usb_hid\src\hw_config.o
                0x08004c98                Set_USBClock
 .text.USB_Interrupts_Config
                0x08004cb0       0x40 build\usb_hid\src\hw_config.o
                0x08004cb0                USB_Interrupts_Config
 .text.USB_Cable_Config
                0x08004cf0       0x24 build\usb_hid\src\hw_config.o
                0x08004cf0                USB_Cable_Config
 .text.GPIO_Configuration
                0x08004d14       0x34 build\usb_hid\src\hw_config.o
                0x08004d14                GPIO_Configuration
 .text.Set_System
                0x08004d48       0x1c build\usb_hid\src\hw_config.o
                0x08004d48                Set_System
 .text.Get_SerialNum
                0x08004d64       0x44 build\usb_hid\src\hw_config.o
                0x08004d64                Get_SerialNum
 .text.STM_EVAL_LEDOn
                0x08004da8       0x1c build\usb_hid\src\stm3210b_eval.o
                0x08004da8                STM_EVAL_LEDOn
 .text.STM_EVAL_LEDOff
                0x08004dc4       0x1c build\usb_hid\src\stm3210b_eval.o
                0x08004dc4                STM_EVAL_LEDOff
 .text.USB_LP_CAN1_RX0_IRQHandler
                0x08004de0        0x4 build\usb_hid\src\stm32_it.o
                0x08004de0                USB_LP_CAN1_RX0_IRQHandler
 .text.USBWakeUp_IRQHandler
                0x08004de4        0x8 build\usb_hid\src\stm32_it.o
                0x08004de4                USBWakeUp_IRQHandler
 .text.Standard_GetConfiguration
                0x08004dec       0x28 build\usb_hid\src\usb_core.o
                0x08004dec                Standard_GetConfiguration
 .text.Standard_GetInterface
                0x08004e14       0x28 build\usb_hid\src\usb_core.o
                0x08004e14                Standard_GetInterface
 .text.Standard_GetStatus
                0x08004e3c       0xa0 build\usb_hid\src\usb_core.o
                0x08004e3c                Standard_GetStatus
 .text.DataStageIn
                0x08004edc       0xb4 build\usb_hid\src\usb_core.o
 .text.Standard_SetConfiguration
                0x08004f90       0x3c build\usb_hid\src\usb_core.o
                0x08004f90                Standard_SetConfiguration
 .text.Standard_SetInterface
                0x08004fcc       0x50 build\usb_hid\src\usb_core.o
                0x08004fcc                Standard_SetInterface
 .text.Standard_ClearFeature
                0x0800501c       0xe8 build\usb_hid\src\usb_core.o
                0x0800501c                Standard_ClearFeature
 .text.Standard_SetEndPointFeature
                0x08005104       0x98 build\usb_hid\src\usb_core.o
                0x08005104                Standard_SetEndPointFeature
 .text.Standard_GetDescriptorData
                0x0800519c       0x1c build\usb_hid\src\usb_core.o
                0x0800519c                Standard_GetDescriptorData
 .text.Post0_Process
                0x080051b8       0x44 build\usb_hid\src\usb_core.o
                0x080051b8                Post0_Process
 .text.Out0_Process
                0x080051fc       0xe4 build\usb_hid\src\usb_core.o
                0x080051fc                Out0_Process
 .text.Setup0_Process
                0x080052e0      0x370 build\usb_hid\src\usb_core.o
                0x080052e0                Setup0_Process
 .text.SetDeviceAddress
                0x08005650       0xa8 build\usb_hid\src\usb_core.o
                0x08005650                SetDeviceAddress
 .text.In0_Process
                0x080056f8       0x60 build\usb_hid\src\usb_core.o
                0x080056f8                In0_Process
 .text.NOP_Process
                0x08005758        0x4 build\usb_hid\src\usb_core.o
                0x08005758                NOP_Process
 .text.print2usb
                0x0800575c       0x74 build\usb_hid\src\usb_endp.o
                0x0800575c                print2usb
 .text.EP1_OUT_Callback
                0x080057d0       0x38 build\usb_hid\src\usb_endp.o
                0x080057d0                EP1_OUT_Callback
 .text.EP2_IN_Callback
                0x08005808       0x10 build\usb_hid\src\usb_endp.o
                0x08005808                EP2_IN_Callback
 .text.USB_Init
                0x08005818       0x44 build\usb_hid\src\usb_init.o
                0x08005818                USB_Init
 .text.CTR_LP   0x0800585c      0x1b4 build\usb_hid\src\usb_int.o
                0x0800585c                CTR_LP
 .text.USB_Istr
                0x08005a10       0x58 build\usb_hid\src\usb_istr.o
                0x08005a10                USB_Istr
 .text.UserToPMABufferCopy
                0x08005a68       0x78 build\usb_hid\src\usb_mem.o
                0x08005a68                UserToPMABufferCopy
 .text.PMAToUserBufferCopy
                0x08005ae0       0x50 build\usb_hid\src\usb_mem.o
                0x08005ae0                PMAToUserBufferCopy
 .text.CustomHID_SetDeviceAddress
                0x08005b30       0x10 build\usb_hid\src\usb_prop.o
                0x08005b30                CustomHID_SetDeviceAddress
 .text.CustomHID_Status_Out
                0x08005b40        0x4 build\usb_hid\src\usb_prop.o
                0x08005b40                CustomHID_Status_Out
 .text.CustomHID_Data_Setup
                0x08005b44       0x6c build\usb_hid\src\usb_prop.o
                0x08005b44                CustomHID_Data_Setup
 .text.CustomHID_SetReport_Feature
                0x08005bb0       0x18 build\usb_hid\src\usb_prop.o
                0x08005bb0                CustomHID_SetReport_Feature
 .text.CustomHID_NoData_Setup
                0x08005bc8       0x28 build\usb_hid\src\usb_prop.o
                0x08005bc8                CustomHID_NoData_Setup
 .text.CustomHID_Get_Interface_Setting
                0x08005bf0        0xc build\usb_hid\src\usb_prop.o
                0x08005bf0                CustomHID_Get_Interface_Setting
 .text.CustomHID_GetProtocolValue
                0x08005bfc       0x18 build\usb_hid\src\usb_prop.o
                0x08005bfc                CustomHID_GetProtocolValue
 .text.CustomHID_GetHIDDescriptor
                0x08005c14        0xc build\usb_hid\src\usb_prop.o
                0x08005c14                CustomHID_GetHIDDescriptor
 .text.CustomHID_GetReportDescriptor
                0x08005c20        0xc build\usb_hid\src\usb_prop.o
                0x08005c20                CustomHID_GetReportDescriptor
 .text.CustomHID_GetStringDescriptor
                0x08005c2c       0x20 build\usb_hid\src\usb_prop.o
                0x08005c2c                CustomHID_GetStringDescriptor
 .text.CustomHID_GetConfigDescriptor
                0x08005c4c        0xc build\usb_hid\src\usb_prop.o
                0x08005c4c                CustomHID_GetConfigDescriptor
 .text.CustomHID_GetDeviceDescriptor
                0x08005c58        0xc build\usb_hid\src\usb_prop.o
                0x08005c58                CustomHID_GetDeviceDescriptor
 .text.CustomHID_Status_In
                0x08005c64       0x88 build\usb_hid\src\usb_prop.o
                0x08005c64                CustomHID_Status_In
 .text.CustomHID_Reset
                0x08005cec       0xc0 build\usb_hid\src\usb_prop.o
                0x08005cec                CustomHID_Reset
 .text.CustomHID_init
                0x08005dac       0x28 build\usb_hid\src\usb_prop.o
                0x08005dac                CustomHID_init
 .text.CustomHID_SetConfiguration
                0x08005dd4       0x28 build\usb_hid\src\usb_prop.o
                0x08005dd4                CustomHID_SetConfiguration
 .text.PowerOn  0x08005dfc       0x40 build\usb_hid\src\usb_pwr.o
                0x08005dfc                PowerOn
 .text.SetBTABLE
                0x08005e3c       0x14 build\usb_hid\src\usb_regs.o
                0x08005e3c                SetBTABLE
 .text.SetEPType
                0x08005e50       0x18 build\usb_hid\src\usb_regs.o
                0x08005e50                SetEPType
 .text.SetEPTxStatus
                0x08005e68       0x40 build\usb_hid\src\usb_regs.o
                0x08005e68                SetEPTxStatus
 .text.SetEPRxStatus
                0x08005ea8       0x40 build\usb_hid\src\usb_regs.o
                0x08005ea8                SetEPRxStatus
 .text.SetEPTxValid
                0x08005ee8       0x24 build\usb_hid\src\usb_regs.o
                0x08005ee8                SetEPTxValid
 .text.SetEPRxValid
                0x08005f0c       0x24 build\usb_hid\src\usb_regs.o
                0x08005f0c                SetEPRxValid
 .text.Clear_Status_Out
                0x08005f30       0x20 build\usb_hid\src\usb_regs.o
                0x08005f30                Clear_Status_Out
 .text.ClearDTOG_RX
                0x08005f50       0x24 build\usb_hid\src\usb_regs.o
                0x08005f50                ClearDTOG_RX
 .text.ClearDTOG_TX
                0x08005f74       0x24 build\usb_hid\src\usb_regs.o
                0x08005f74                ClearDTOG_TX
 .text.SetEPTxAddr
                0x08005f98       0x24 build\usb_hid\src\usb_regs.o
                0x08005f98                SetEPTxAddr
 .text.SetEPRxAddr
                0x08005fbc       0x28 build\usb_hid\src\usb_regs.o
                0x08005fbc                SetEPRxAddr
 .text.GetEPTxAddr
                0x08005fe4       0x20 build\usb_hid\src\usb_regs.o
                0x08005fe4                GetEPTxAddr
 .text.GetEPRxAddr
                0x08006004       0x20 build\usb_hid\src\usb_regs.o
                0x08006004                GetEPRxAddr
 .text.SetEPTxCount
                0x08006024       0x20 build\usb_hid\src\usb_regs.o
                0x08006024                SetEPTxCount
 .text.SetEPRxCount
                0x08006044       0x44 build\usb_hid\src\usb_regs.o
                0x08006044                SetEPRxCount
 .text.GetEPRxCount
                0x08006088       0x24 build\usb_hid\src\usb_regs.o
                0x08006088                GetEPRxCount
 .text.ByteSwap
                0x080060ac        0xc build\usb_hid\src\usb_regs.o
                0x080060ac                ByteSwap
 .text.USB_SIL_Init
                0x080060b8       0x2c build\usb_hid\src\usb_sil.o
                0x080060b8                USB_SIL_Init
 .text.USB_SIL_Read
                0x080060e4       0x24 build\usb_hid\src\usb_sil.o
                0x080060e4                USB_SIL_Read
 .text.rt_tick_get
                0x08006108        0xc build\src\clock.o
                0x08006108                rt_tick_get
 .text.rt_tick_increase
                0x08006114       0x2c build\src\clock.o
                0x08006114                rt_tick_increase
 .text.rt_device_find
                0x08006140       0x5c build\src\device.o
                0x08006140                rt_device_find
 .text.rt_device_register
                0x0800619c       0x2c build\src\device.o
                0x0800619c                rt_device_register
 .text.rt_device_open
                0x080061c8       0x9c build\src\device.o
                0x080061c8                rt_device_open
 .text.rt_device_close
                0x08006264       0x48 build\src\device.o
                0x08006264                rt_device_close
 .text.rt_device_write
                0x080062ac       0x58 build\src\device.o
                0x080062ac                rt_device_write
 .text.rt_thread_idle_excute
                0x08006304       0xa4 build\src\idle.o
                0x08006304                rt_thread_idle_excute
 .text.rt_thread_idle_entry
                0x080063a8       0x14 build\src\idle.o
 .text.rt_thread_idle_init
                0x080063bc       0x48 build\src\idle.o
                0x080063bc                rt_thread_idle_init
 .text.rt_sem_init
                0x08006404       0x50 build\src\ipc.o
                0x08006404                rt_sem_init
 .text.rt_sem_create
                0x08006454       0x70 build\src\ipc.o
                0x08006454                rt_sem_create
 .text.rt_sem_take
                0x080064c4      0x15c build\src\ipc.o
                0x080064c4                rt_sem_take
 .text.rt_sem_release
                0x08006620       0x44 build\src\ipc.o
                0x08006620                rt_sem_release
 .text.rt_interrupt_enter
                0x08006664       0x20 build\src\irq.o
                0x08006664                rt_interrupt_enter
 .text.rt_interrupt_leave
                0x08006684       0x20 build\src\irq.o
                0x08006684                rt_interrupt_leave
 .text.rt_interrupt_get_nest
                0x080066a4        0xc build\src\irq.o
                0x080066a4                rt_interrupt_get_nest
 .text.print_number
                0x080066b0      0x278 build\src\kservice.o
 .text.vsnprintf
                0x08006928      0x4ac build\src\kservice.o
 .text.rt_set_errno
                0x08006dd4       0x20 build\src\kservice.o
                0x08006dd4                rt_set_errno
 .text.rt_memset
                0x08006df4       0xf0 build\src\kservice.o
                0x08006df4                rt_memset
                0x08006df4                memset
 .text.rt_strncpy
                0x08006ee4       0x84 build\src\kservice.o
                0x08006ee4                rt_strncpy
 .text.rt_strncmp
                0x08006f68       0x5c build\src\kservice.o
                0x08006f68                rt_strncmp
 .text.rt_strlen
                0x08006fc4       0x18 build\src\kservice.o
                0x08006fc4                strlen
                0x08006fc4                rt_strlen
 .text.rt_vsprintf
                0x08006fdc       0x14 build\src\kservice.o
                0x08006fdc                rt_vsprintf
                0x08006fdc                vsprintf
 .text.rt_sprintf
                0x08006ff0       0x20 build\src\kservice.o
                0x08006ff0                sprintf
                0x08006ff0                rt_sprintf
 .text.rt_console_set_device
                0x08007010       0x28 build\src\kservice.o
                0x08007010                rt_console_set_device
 .text.rt_hw_console_output
                0x08007038        0x4 build\src\kservice.o
                0x08007038                rt_hw_console_output
 .text.rt_kprintf
                0x0800703c       0x48 build\src\kservice.o
                0x0800703c                rt_kprintf
 .text.rt_show_version
                0x08007084       0x4c build\src\kservice.o
                0x08007084                rt_show_version
 .text.plug_holes
                0x080070d0       0xe4 build\src\mem.o
 .text.rt_system_heap_init
                0x080071b4       0xd4 build\src\mem.o
                0x080071b4                rt_system_heap_init
 .text.rt_malloc
                0x08007288      0x224 build\src\mem.o
                0x08007288                rt_malloc
 .text.rt_free  0x080074ac      0x174 build\src\mem.o
                0x080074ac                rt_free
 .text.rt_object_init
                0x08007620       0x4c build\src\object.o
                0x08007620                rt_object_init
 .text.rt_object_detach
                0x0800766c       0x5c build\src\object.o
                0x0800766c                rt_object_detach
 .text.rt_object_allocate
                0x080076c8       0xa0 build\src\object.o
                0x080076c8                rt_object_allocate
 .text.rt_object_delete
                0x08007768       0x90 build\src\object.o
                0x08007768                rt_object_delete
 .text.rt_object_is_systemobject
                0x080077f8       0x3c build\src\object.o
                0x080077f8                rt_object_is_systemobject
 .text.rt_system_scheduler_init
                0x08007834       0x58 build\src\scheduler.o
                0x08007834                rt_system_scheduler_init
 .text.rt_system_scheduler_start
                0x0800788c       0x60 build\src\scheduler.o
                0x0800788c                rt_system_scheduler_start
 .text.rt_schedule
                0x080078ec      0x120 build\src\scheduler.o
                0x080078ec                rt_schedule
 .text.rt_schedule_insert_thread
                0x08007a0c       0x6c build\src\scheduler.o
                0x08007a0c                rt_schedule_insert_thread
 .text.rt_schedule_remove_thread
                0x08007a78       0x78 build\src\scheduler.o
                0x08007a78                rt_schedule_remove_thread
 .text.rt_enter_critical
                0x08007af0       0x1c build\src\scheduler.o
                0x08007af0                rt_enter_critical
 .text.rt_exit_critical
                0x08007b0c       0x38 build\src\scheduler.o
                0x08007b0c                rt_exit_critical
 .text.rt_thread_timeout
                0x08007b44       0x80 build\src\thread.o
                0x08007b44                rt_thread_timeout
 .text.rt_thread_exit
                0x08007bc4       0x70 build\src\thread.o
 .text._rt_thread_init.isra.0
                0x08007c34       0xa0 build\src\thread.o
 .text.rt_thread_init
                0x08007cd4       0x88 build\src\thread.o
                0x08007cd4                rt_thread_init
 .text.rt_thread_self
                0x08007d5c        0xc build\src\thread.o
                0x08007d5c                rt_thread_self
 .text.rt_thread_create
                0x08007d68       0x4c build\src\thread.o
                0x08007d68                rt_thread_create
 .text.rt_thread_yield
                0x08007db4       0x5c build\src\thread.o
                0x08007db4                rt_thread_yield
 .text.rt_thread_suspend
                0x08007e10       0x5c build\src\thread.o
                0x08007e10                rt_thread_suspend
 .text.rt_thread_sleep
                0x08007e6c       0x74 build\src\thread.o
                0x08007e6c                rt_thread_sleep
 .text.rt_thread_delay
                0x08007ee0        0x4 build\src\thread.o
                0x08007ee0                rt_thread_delay
 .text.rt_thread_resume
                0x08007ee4       0x84 build\src\thread.o
                0x08007ee4                rt_thread_resume
 .text.rt_thread_startup
                0x08007f68       0x88 build\src\thread.o
                0x08007f68                rt_thread_startup
 .text.rt_timer_init
                0x08007ff0       0x60 build\src\timer.o
                0x08007ff0                rt_timer_init
 .text.rt_timer_start
                0x08008050      0x100 build\src\timer.o
                0x08008050                rt_timer_start
 .text.rt_timer_control
                0x08008150       0x64 build\src\timer.o
                0x08008150                rt_timer_control
 .text.rt_timer_check
                0x080081b4       0x90 build\src\timer.o
                0x080081b4                rt_timer_check
 .text.rt_system_timer_init
                0x08008244        0x4 build\src\timer.o
                0x08008244                rt_system_timer_init
 .text.rt_system_timer_thread_init
                0x08008248        0x4 build\src\timer.o
                0x08008248                rt_system_timer_thread_init
 .text.rt_hw_stack_init
                0x0800824c       0x60 build\libcpu\arm\cortex-m3\cpuport.o
                0x0800824c                rt_hw_stack_init
 .text.rt_hw_hard_fault_exception
                0x080082ac       0x88 build\libcpu\arm\cortex-m3\cpuport.o
                0x080082ac                rt_hw_hard_fault_exception
 .text.rt_serial_close
                0x08008334       0x58 build\components\drivers\serial\serial.o
 .text.rt_serial_open
                0x0800838c       0x58 build\components\drivers\serial\serial.o
 .text.rt_serial_write
                0x080083e4      0x288 build\components\drivers\serial\serial.o
 .text.rt_serial_read
                0x0800866c      0x188 build\components\drivers\serial\serial.o
 .text.rt_serial_control
                0x080087f4       0x68 build\components\drivers\serial\serial.o
 .text.rt_serial_init
                0x0800885c       0xbc build\components\drivers\serial\serial.o
 .text.rt_hw_serial_register
                0x08008918       0x80 build\components\drivers\serial\serial.o
                0x08008918                rt_hw_serial_register
 .text.rt_hw_serial_isr
                0x08008998       0x9c build\components\drivers\serial\serial.o
                0x08008998                rt_hw_serial_isr
 .text.rt_data_queue_init
                0x08008a34       0x70 build\components\drivers\src\dataqueue.o
                0x08008a34                rt_data_queue_init
 .text.rt_data_queue_push
                0x08008aa4      0x158 build\components\drivers\src\dataqueue.o
                0x08008aa4                rt_data_queue_push
 .text.rt_data_queue_pop
                0x08008bfc      0x1b4 build\components\drivers\src\dataqueue.o
                0x08008bfc                rt_data_queue_pop
 .text.atoi     0x08008db0       0x5c build\components\libc\minilibc\stdlib.o
                0x08008db0                atoi
 .text.strncpy  0x08008e0c        0x4 build\components\libc\minilibc\string.o
                0x08008e0c                strncpy
 .text.strcmp   0x08008e10       0x24 build\components\libc\minilibc\string.o
                0x08008e10                strcmp
 .text.strncmp  0x08008e34       0x5c build\components\libc\minilibc\string.o
                0x08008e34                strncmp
 .text.strchr   0x08008e90       0x28 build\components\libc\minilibc\string.o
                0x08008e90                strchr
 *(.rodata)
 .rodata        0x08008eb8        0x8 build\drivers\usart.o
 .rodata        0x08008ec0       0x28 build\motor\src\pwm.o
 *(.rodata*)
 .rodata.str1.4
                0x08008ee8       0x21 build\applications\application.o
                                 0x24 (size before relaxing)
 *fill*         0x08008f09        0x3 00000000
 .rodata.str1.4
                0x08008f0c       0x4e build\applications\startup.o
                                 0x50 (size before relaxing)
 *fill*         0x08008f5a        0x2 00000000
 .rodata.str1.4
                0x08008f5c        0x6 build\drivers\board.o
                                  0x8 (size before relaxing)
 *fill*         0x08008f62        0x2 00000000
 .rodata.__FUNCTION__.7354
                0x08008f64        0xc build\drivers\usart.o
 .rodata.stm32_uart_ops
                0x08008f70       0x14 build\drivers\usart.o
 .rodata.__FUNCTION__.7313
                0x08008f84       0x10 build\drivers\usart.o
 .rodata.str1.4
                0x08008f94       0x52 build\drivers\usart.o
                                 0x5c (size before relaxing)
 *fill*         0x08008fe6        0x2 00000000
 .rodata.__FUNCTION__.7328
                0x08008fe8       0x10 build\drivers\usart.o
 .rodata.__FUNCTION__.7341
                0x08008ff8        0xc build\drivers\usart.o
 .rodata.str1.4
                0x08009004       0x39 build\Libraries\STM32F10x_StdPeriph_Driver\src\stm32f10x_rcc.o
                                 0x3c (size before relaxing)
 *fill*         0x0800903d        0x3 00000000
 .rodata.str1.4
                0x08009040       0x3a build\Libraries\STM32F10x_StdPeriph_Driver\src\stm32f10x_exti.o
                                 0x3c (size before relaxing)
 *fill*         0x0800907a        0x2 00000000
 .rodata.str1.4
                0x0800907c       0x39 build\Libraries\STM32F10x_StdPeriph_Driver\src\stm32f10x_adc.o
                                 0x3c (size before relaxing)
 *fill*         0x080090b5        0x3 00000000
 .rodata.str1.4
                0x080090b8       0x39 build\Libraries\STM32F10x_StdPeriph_Driver\src\stm32f10x_tim.o
                                 0x3c (size before relaxing)
 *fill*         0x080090f1        0x3 00000000
 .rodata.str1.4
                0x080090f4       0x3b build\Libraries\STM32F10x_StdPeriph_Driver\src\stm32f10x_flash.o
                                 0x3c (size before relaxing)
 *fill*         0x0800912f        0x1 00000000
 .rodata.str1.4
                0x08009130       0x3a build\Libraries\STM32F10x_StdPeriph_Driver\src\stm32f10x_gpio.o
                                 0x3c (size before relaxing)
 *fill*         0x0800916a        0x2 00000000
 .rodata.str1.4
                0x0800916c       0x3b build\Libraries\STM32F10x_StdPeriph_Driver\src\stm32f10x_usart.o
                                 0x3c (size before relaxing)
 *fill*         0x080091a7        0x1 00000000
 .rodata.str1.4
                0x080091a8       0x39 build\Libraries\STM32F10x_StdPeriph_Driver\src\stm32f10x_dma.o
                                 0x3c (size before relaxing)
 *fill*         0x080091e1        0x3 00000000
 .rodata.str1.4
                0x080091e4       0x30 build\Libraries\STM32F10x_StdPeriph_Driver\src\misc.o
 .rodata.str1.4
                0x08009214       0xa0 build\motor\src\adc.o
 .rodata.str1.4
                0x080092b4      0x108 build\motor\src\cmd.o
 .rodata.str1.4
                0x080093bc       0x1a build\motor\src\entry.o
                                 0x1c (size before relaxing)
 *fill*         0x080093d6        0x2 00000000
 .rodata.str1.4
                0x080093d8      0x171 build\motor\src\pwm.o
                                0x17c (size before relaxing)
 *fill*         0x08009549        0x3 00000000
 .rodata.str1.4
                0x0800954c       0x54 build\motor\src\vout.o
                                 0x58 (size before relaxing)
 .rodata.str1.4
                0x080095a0       0x8a build\motor\src\pga.o
                                 0x8c (size before relaxing)
 *fill*         0x0800962a        0x2 00000000
 .rodata.str1.4
                0x0800962c        0x4 build\usb_hid\src\entry.o
 .rodata.GPIO_PIN
                0x08009630        0x8 build\usb_hid\src\stm3210b_eval.o
                0x08009630                GPIO_PIN
 .rodata.CustomHID_DeviceDescriptor
                0x08009638       0x14 build\usb_hid\src\usb_desc.o
                0x08009638                CustomHID_DeviceDescriptor
 .rodata.CustomHID_StringProduct
                0x0800964c       0x20 build\usb_hid\src\usb_desc.o
                0x0800964c                CustomHID_StringProduct
 .rodata.CustomHID_StringVendor
                0x0800966c       0x28 build\usb_hid\src\usb_desc.o
                0x0800966c                CustomHID_StringVendor
 .rodata.CustomHID_ReportDescriptor
                0x08009694       0xa4 build\usb_hid\src\usb_desc.o
                0x08009694                CustomHID_ReportDescriptor
 .rodata.CustomHID_ConfigDescriptor
                0x08009738       0x2c build\usb_hid\src\usb_desc.o
                0x08009738                CustomHID_ConfigDescriptor
 .rodata.CustomHID_StringLangID
                0x08009764        0x4 build\usb_hid\src\usb_desc.o
                0x08009764                CustomHID_StringLangID
 .rodata.__FUNCTION__.4698
                0x08009768       0x10 build\src\device.o
 .rodata.str1.4
                0x08009778       0x46 build\src\device.o
                                 0x68 (size before relaxing)
 *fill*         0x080097be        0x2 00000000
 .rodata.__FUNCTION__.4667
                0x080097c0       0x10 build\src\device.o
 .rodata.__FUNCTION__.4676
                0x080097d0       0x10 build\src\device.o
 .rodata.str1.4
                0x080097e0       0x2a build\src\idle.o
                                 0x50 (size before relaxing)
 *fill*         0x0800980a        0x2 00000000
 .rodata.__FUNCTION__.4684
                0x0800980c       0x18 build\src\idle.o
 .rodata.__FUNCTION__.4755
                0x08009824        0xc build\src\ipc.o
 .rodata.str1.4
                0x08009830        0xf build\src\ipc.o
                                 0x58 (size before relaxing)
 *fill*         0x0800983f        0x1 00000000
 .rodata.__FUNCTION__.4730
                0x08009840       0x10 build\src\ipc.o
 .rodata.__FUNCTION__.4711
                0x08009850        0xc build\src\ipc.o
 .rodata.small_digits.4834
                0x0800985c       0x14 build\src\kservice.o
 .rodata.large_digits.4835
                0x08009870       0x14 build\src\kservice.o
 .rodata.str1.4
                0x08009884       0x8e build\src\kservice.o
                                 0x90 (size before relaxing)
 *fill*         0x08009912        0x2 00000000
 .rodata.__FUNCTION__.4735
                0x08009914        0xc build\src\mem.o
 .rodata.__FUNCTION__.4702
                0x08009920        0xc build\src\mem.o
 .rodata.str1.4
                0x0800992c      0x215 build\src\mem.o
                                0x260 (size before relaxing)
 *fill*         0x08009b41        0x3 00000000
 .rodata.__FUNCTION__.4722
                0x08009b44       0x14 build\src\mem.o
 .rodata.__FUNCTION__.4794
                0x08009b58        0x8 build\src\mem.o
 .rodata.__FUNCTION__.4741
                0x08009b60       0x14 build\src\object.o
 .rodata.__FUNCTION__.4753
                0x08009b74       0x1c build\src\object.o
 .rodata.str1.4
                0x08009b90       0x3d build\src\object.o
                                 0x88 (size before relaxing)
 *fill*         0x08009bcd        0x3 00000000
 .rodata.__FUNCTION__.4719
                0x08009bd0       0x14 build\src\object.o
 .rodata.__FUNCTION__.4731
                0x08009be4       0x14 build\src\object.o
 .rodata.__FUNCTION__.4690
                0x08009bf8       0x1c build\src\scheduler.o
 .rodata.str1.4
                0x08009c14       0x65 build\src\scheduler.o
                                 0x88 (size before relaxing)
 *fill*         0x08009c79        0x3 00000000
 .rodata.rt_lowest_bitmap
                0x08009c7c      0x100 build\src\scheduler.o
                0x08009c7c                rt_lowest_bitmap
 .rodata.__FUNCTION__.4724
                0x08009d7c       0x1c build\src\scheduler.o
 .rodata.__FUNCTION__.4733
                0x08009d98       0x1c build\src\scheduler.o
 .rodata.__FUNCTION__.4690
                0x08009db4       0x10 build\src\thread.o
 .rodata.__FUNCTION__.4797
                0x08009dc4       0x14 build\src\thread.o
 .rodata.__FUNCTION__.4806
                0x08009dd8       0x14 build\src\thread.o
 .rodata.__FUNCTION__.4815
                0x08009dec       0x14 build\src\thread.o
 .rodata.str1.4
                0x08009e00       0x7f build\src\thread.o
                                 0xb4 (size before relaxing)
 *fill*         0x08009e7f        0x1 00000000
 .rodata.__FUNCTION__.4769
                0x08009e80       0x10 build\src\thread.o
 .rodata.__FUNCTION__.4706
                0x08009e90       0x10 build\src\thread.o
 .rodata.__FUNCTION__.4721
                0x08009ea0       0x14 build\src\thread.o
 .rodata.__FUNCTION__.4742
                0x08009eb4       0x10 build\src\timer.o
 .rodata.__FUNCTION__.4703
                0x08009ec4       0x10 build\src\timer.o
 .rodata.str1.4
                0x08009ed4       0x37 build\src\timer.o
                                 0x58 (size before relaxing)
 *fill*         0x08009f0b        0x1 00000000
 .rodata.__FUNCTION__.4768
                0x08009f0c       0x14 build\src\timer.o
 .rodata.str1.4
                0x08009f20       0xa9 build\libcpu\arm\cortex-m3\cpuport.o
                                 0xd0 (size before relaxing)
 *fill*         0x08009fc9        0x3 00000000
 .rodata.__FUNCTION__.4846
                0x08009fcc       0x10 build\components\drivers\serial\serial.o
 .rodata.__FUNCTION__.4856
                0x08009fdc       0x10 build\components\drivers\serial\serial.o
 .rodata.__FUNCTION__.4870
                0x08009fec       0x10 build\components\drivers\serial\serial.o
 .rodata.__FUNCTION__.4916
                0x08009ffc       0x14 build\components\drivers\serial\serial.o
 .rodata.__FUNCTION__.4941
                0x0800a010       0x14 build\components\drivers\serial\serial.o
 .rodata.__FUNCTION__.4932
                0x0800a024       0x18 build\components\drivers\serial\serial.o
 .rodata.str1.4
                0x0800a03c       0x58 build\components\drivers\serial\serial.o
                                 0x9c (size before relaxing)
 .rodata.__FUNCTION__.4891
                0x0800a094       0x10 build\components\drivers\serial\serial.o
 .rodata.__FUNCTION__.4835
                0x0800a0a4       0x10 build\components\drivers\serial\serial.o
 .rodata.__FUNCTION__.4855
                0x0800a0b4       0x14 build\components\drivers\src\dataqueue.o
 .rodata.__FUNCTION__.4816
                0x0800a0c8       0x14 build\components\drivers\src\dataqueue.o
 .rodata.str1.4
                0x0800a0dc       0x38 build\components\drivers\src\dataqueue.o
                                 0x80 (size before relaxing)
 .rodata.__FUNCTION__.4831
                0x0800a114       0x14 build\components\drivers\src\dataqueue.o
 *(.glue_7)
 .glue_7        0x00000000        0x0 linker stubs
 *(.glue_7t)
 .glue_7t       0x00000000        0x0 linker stubs
 *(.gnu.linkonce.t*)
                0x0800a128                . = ALIGN (0x4)
                0x0800a128                __fsymtab_start = .
 *(FSymTab)
                0x0800a128                __fsymtab_end = .
                0x0800a128                . = ALIGN (0x4)
                0x0800a128                __vsymtab_start = .
 *(VSymTab)
                0x0800a128                __vsymtab_end = .
                0x0800a128                . = ALIGN (0x4)
                0x0800a128                . = ALIGN (0x4)
                0x0800a128                __rt_init_start = .
 *(SORT(.rti_fn*))
                0x0800a128                __rt_init_end = .
                0x0800a128                . = ALIGN (0x4)
                0x0800a128                . = ALIGN (0x4)
                0x0800a128                _etext = .
                0x0800a128                __exidx_start = .

.vfp11_veneer   0x0800a128        0x0
 .vfp11_veneer  0x00000000        0x0 linker stubs

.v4_bx          0x0800a128        0x0
 .v4_bx         0x00000000        0x0 linker stubs

.iplt           0x0800a128        0x0
 .iplt          0x00000000        0x0 c:/gcc-arm/bin/../lib/gcc/arm-none-eabi/4.7.3/armv7-m/crtbegin.o

.rel.dyn        0x0800a128        0x0
 .rel.iplt      0x00000000        0x0 c:/gcc-arm/bin/../lib/gcc/arm-none-eabi/4.7.3/armv7-m/crtbegin.o

.ARM.exidx      0x0800a128        0x0
 *(.ARM.exidx* .gnu.linkonce.armexidx.*)
                0x0800a128                _sidata = .
                0x0800a128                __exidx_end = .

.data           0x20000000      0x314 load address 0x0800a128
                0x20000000                . = ALIGN (0x4)
                0x20000000                _sdata = .
 *(.data)
 *(.data.*)
 .data.uart3    0x20000000        0x8 build\drivers\usart.o
                0x20000000                uart3
 .data.uart2    0x20000008        0x8 build\drivers\usart.o
                0x20000008                uart2
 .data.uart1    0x20000010        0x8 build\drivers\usart.o
                0x20000010                uart1
 .data.SystemCoreClock
                0x20000018        0x4 build\Libraries\CMSIS\CM3\DeviceSupport\ST\STM32F10x\system_stm32f10x.o
                0x20000018                SystemCoreClock
 .data.ADCPrescTable
                0x2000001c        0x4 build\Libraries\STM32F10x_StdPeriph_Driver\src\stm32f10x_rcc.o
 .data.APBAHBPrescTable
                0x20000020       0x10 build\Libraries\STM32F10x_StdPeriph_Driver\src\stm32f10x_rcc.o
 .data.gAdc     0x20000030       0x40 build\motor\src\adc.o
                0x20000030                gAdc
 .data.gAdc_cfg
                0x20000070       0x20 build\motor\src\adc.o
                0x20000070                gAdc_cfg
 .data.gSW      0x20000090        0x8 build\motor\src\adc.o
                0x20000090                gSW
 .data.SW_status
                0x20000098        0x1 build\motor\src\adc.o
                0x20000098                SW_status
 *fill*         0x20000099        0x3 00
 .data.gCalibr  0x2000009c       0x18 build\motor\src\cmd.o
                0x2000009c                gCalibr
 .data.gF103    0x200000b4       0x38 build\motor\src\cmd.o
                0x200000b4                gF103
 .data.gCounter_Pin
                0x200000ec        0x8 build\motor\src\counter.o
                0x200000ec                gCounter_Pin
 .data.gCounter_DirPin
                0x200000f4        0x8 build\motor\src\counter.o
                0x200000f4                gCounter_DirPin
 .data.gMotor   0x200000fc       0x28 build\motor\src\pwm.o
                0x200000fc                gMotor
 .data.gPWM1    0x20000124       0x30 build\motor\src\pwm.o
                0x20000124                gPWM1
 .data.gVout    0x20000154       0x20 build\motor\src\vout.o
                0x20000154                gVout
 .data.Vout_Value
                0x20000174        0x4 build\motor\src\vout.o
                0x20000174                Vout_Value
 .data.stable_time
                0x20000178        0x4 build\motor\src\pga.o
                0x20000178                stable_time
 .data.gPGA_ports
                0x2000017c       0x40 build\motor\src\pga.o
                0x2000017c                gPGA_ports
 .data.PrevXferComplete
                0x200001bc        0x1 build\usb_hid\src\entry.o
                0x200001bc                PrevXferComplete
 *fill*         0x200001bd        0x3 00
 .data.GPIO_PORT
                0x200001c0       0x10 build\usb_hid\src\stm3210b_eval.o
                0x200001c0                GPIO_PORT
 .data.CustomHID_StringSerial
                0x200001d0       0x1c build\usb_hid\src\usb_desc.o
                0x200001d0                CustomHID_StringSerial
 .data.pEpInt_IN
                0x200001ec       0x1c build\usb_hid\src\usb_istr.o
                0x200001ec                pEpInt_IN
 .data.pEpInt_OUT
                0x20000208       0x1c build\usb_hid\src\usb_istr.o
                0x20000208                pEpInt_OUT
 .data.Config_Descriptor
                0x20000224        0x8 build\usb_hid\src\usb_prop.o
                0x20000224                Config_Descriptor
 .data.Device_Property
                0x2000022c       0x30 build\usb_hid\src\usb_prop.o
                0x2000022c                Device_Property
 .data.User_Standard_Requests
                0x2000025c       0x24 build\usb_hid\src\usb_prop.o
                0x2000025c                User_Standard_Requests
 .data.CustomHID_Report_Descriptor
                0x20000280        0x8 build\usb_hid\src\usb_prop.o
                0x20000280                CustomHID_Report_Descriptor
 .data.Device_Descriptor
                0x20000288        0x8 build\usb_hid\src\usb_prop.o
                0x20000288                Device_Descriptor
 .data.String_Descriptor
                0x20000290       0x20 build\usb_hid\src\usb_prop.o
                0x20000290                String_Descriptor
 .data.CustomHID_Hid_Descriptor
                0x200002b0        0x8 build\usb_hid\src\usb_prop.o
                0x200002b0                CustomHID_Hid_Descriptor
 .data.Device_Table
                0x200002b8        0x4 build\usb_hid\src\usb_prop.o
                0x200002b8                Device_Table
 .data.rt_object_container
                0x200002bc       0x50 build\src\object.o
                0x200002bc                rt_object_container
 .data.rt_timer_list
                0x2000030c        0x8 build\src\timer.o
 *(.gnu.linkonce.d*)
                0x20000314                . = ALIGN (0x4)
                0x20000314                _edata = .

.igot.plt       0x20000314        0x0 load address 0x0800a43c
 .igot.plt      0x00000000        0x0 c:/gcc-arm/bin/../lib/gcc/arm-none-eabi/4.7.3/armv7-m/crtbegin.o

.stack          0x20000314      0x400 load address 0x0800a43c
                0x20000714                . = (. + _system_stack_size)
 *fill*         0x20000314      0x400 00
                0x20000714                . = ALIGN (0x4)
                0x20000714                _estack = .
                0x20000714                __bss_start = .

.bss            0x20000714     0x16d0 load address 0x0800a83c
                0x20000714                . = ALIGN (0x4)
                0x20000714                _sbss = .
 *(.bss)
 *(.bss.*)
 .bss.led_stack
                0x20000714      0x200 build\applications\application.o
 .bss.led_thread
                0x20000914       0x78 build\applications\application.o
 .bss.gThermo_flag
                0x2000098c        0x4 build\motor\src\adc.o
                0x2000098c                gThermo_flag
 .bss.gSW_status
                0x20000990        0x4 build\motor\src\adc.o
                0x20000990                gSW_status
 .bss.status_tim3
                0x20000994        0x4 build\motor\src\counter.o
                0x20000994                status_tim3
 .bss.pollar_flag
                0x20000998        0x4 build\motor\src\pwm.o
                0x20000998                pollar_flag
 .bss.zero_flag
                0x2000099c        0x4 build\motor\src\pwm.o
                0x2000099c                zero_flag
 .bss.TimingDelay
                0x200009a0        0x4 build\usb_hid\src\entry.o
                0x200009a0                TimingDelay
 .bss.Data_Mul_MaxPacketSize
                0x200009a4        0x1 build\usb_hid\src\usb_core.o
                0x200009a4                Data_Mul_MaxPacketSize
 *fill*         0x200009a5        0x3 00
 .bss.sem_printf
                0x200009a8        0x4 build\usb_hid\src\usb_endp.o
                0x200009a8                sem_printf
 .bss.Request   0x200009ac        0x1 build\usb_hid\src\usb_prop.o
                0x200009ac                Request
 *fill*         0x200009ad        0x3 00
 .bss.bDeviceState
                0x200009b0        0x4 build\usb_hid\src\usb_pwr.o
                0x200009b0                bDeviceState
 .bss.rt_tick   0x200009b4        0x4 build\src\clock.o
 .bss.idle      0x200009b8       0x78 build\src\idle.o
 .bss.rt_thread_idle_hook
                0x20000a30        0x4 build\src\idle.o
 .bss.rt_thread_stack
                0x20000a34      0x100 build\src\idle.o
 .bss._errno    0x20000b34        0x4 build\src\kservice.o
 .bss.rt_log_buf.4943
                0x20000b38       0x80 build\src\kservice.o
 .bss._console_device
                0x20000bb8        0x4 build\src\kservice.o
 .bss.mem_size_aligned
                0x20000bbc        0x4 build\src\mem.o
 .bss.lfree     0x20000bc0        0x4 build\src\mem.o
 .bss.used_mem  0x20000bc4        0x4 build\src\mem.o
 .bss.rt_malloc_hook
                0x20000bc8        0x4 build\src\mem.o
 .bss.heap_end  0x20000bcc        0x4 build\src\mem.o
 .bss.heap_sem  0x20000bd0       0x20 build\src\mem.o
 .bss.rt_free_hook
                0x20000bf0        0x4 build\src\mem.o
 .bss.heap_ptr  0x20000bf4        0x4 build\src\mem.o
 .bss.max_mem   0x20000bf8        0x4 build\src\mem.o
 .bss.rt_object_attach_hook
                0x20000bfc        0x4 build\src\object.o
 .bss.rt_object_detach_hook
                0x20000c00        0x4 build\src\object.o
 .bss.rt_scheduler_lock_nest
                0x20000c04        0x2 build\src\scheduler.o
 *fill*         0x20000c06        0x2 00
 .bss.rt_scheduler_hook
                0x20000c08        0x4 build\src\scheduler.o
 .bss.rt_timer_timeout_hook
                0x20000c0c        0x4 build\src\timer.o
 .bss.rt_exception_hook
                0x20000c10        0x4 build\libcpu\arm\cortex-m3\cpuport.o
 *(COMMON)
 COMMON         0x20000c14      0x240 build\drivers\usart.o
                0x20000c14                uart3_int_rx
                0x20000c58                serial1
                0x20000cd4                uart2_int_rx
                0x20000d18                serial3
                0x20000d94                uart1_int_rx
                0x20000dd8                serial2
 COMMON         0x20000e54      0x4c4 build\motor\src\adc.o
                0x20000e54                gData
                0x20000f10                ad_sample_thread
                0x20000f88                ad_sample_stack
                0x20001188                filter_buffer
 COMMON         0x20001318      0x6a4 build\motor\src\cmd.o
                0x20001318                gConsole
                0x20001320                cmd_thread
                0x20001398                gCmd_dealer
                0x200017bc                cmd_stack
 COMMON         0x200019bc      0x278 build\motor\src\pwm.o
                0x200019bc                event_thread
                0x20001a34                event_stack
 COMMON         0x20001c34        0x2 build\usb_hid\src\usb_core.o
                0x20001c34                StatusInfo
 *fill*         0x20001c36        0x2 00
 COMMON         0x20001c38       0x32 build\usb_hid\src\usb_init.o
                0x20001c38                SaveState
                0x20001c3c                pProperty
                0x20001c40                EPindex
                0x20001c44                Device_Info
                0x20001c60                pUser_Standard_Requests
                0x20001c64                pInformation
                0x20001c68                wInterrupt_Mask
 COMMON         0x20001c6a        0x4 build\usb_hid\src\usb_int.o
                0x20001c6a                SaveRState
                0x20001c6c                SaveTState
 COMMON         0x20001c6e        0x2 build\usb_hid\src\usb_istr.o
                0x20001c6e                wIstr
 COMMON         0x20001c70       0x45 build\usb_hid\src\usb_prop.o
                0x20001c70                ProtocolValue
                0x20001c74                Report_Buf
                0x20001cb4                EXTI_Enable
 COMMON         0x20001cb5        0x1 build\src\irq.o
                0x20001cb5                rt_interrupt_nest
 *fill*         0x20001cb6        0x2 00
 COMMON         0x20001cb8        0xc build\src\object.o
                0x20001cb8                rt_object_put_hook
                0x20001cbc                rt_object_take_hook
                0x20001cc0                rt_object_trytake_hook
 COMMON         0x20001cc4      0x114 build\src\scheduler.o
                0x20001cc4                rt_thread_priority_table
                0x20001dc4                rt_current_priority
                0x20001dc8                rt_current_thread
                0x20001dcc                rt_thread_ready_priority_group
                0x20001dd0                rt_thread_defunct
 COMMON         0x20001dd8        0xc build\libcpu\arm\cortex-m3\cpuport.o
                0x20001dd8                rt_interrupt_to_thread
                0x20001ddc                rt_interrupt_from_thread
                0x20001de0                rt_thread_switch_interrupt_flag
                0x20001de4                . = ALIGN (0x4)
                0x20001de4                _ebss = .
 *(.bss.init)
                0x20001de4                __bss_end = .
                0x20001de4                _end = .

.stab
 *(.stab)

.stabstr
 *(.stabstr)

.stab.excl
 *(.stab.excl)

.stab.exclstr
 *(.stab.exclstr)

.stab.index
 *(.stab.index)

.stab.indexstr
 *(.stab.indexstr)

.comment        0x00000000       0x70
 *(.comment)
 .comment       0x00000000       0x70 build\applications\application.o
                                 0x71 (size before relaxing)
 .comment       0x00000000       0x71 build\applications\startup.o
 .comment       0x00000000       0x71 build\drivers\board.o
 .comment       0x00000000       0x71 build\drivers\stm32f10x_it.o
 .comment       0x00000000       0x71 build\drivers\led.o
 .comment       0x00000000       0x71 build\drivers\usart.o
 .comment       0x00000000       0x71 build\Libraries\CMSIS\CM3\DeviceSupport\ST\STM32F10x\system_stm32f10x.o
 .comment       0x00000000       0x71 build\Libraries\STM32F10x_StdPeriph_Driver\src\stm32f10x_rcc.o
 .comment       0x00000000       0x71 build\Libraries\STM32F10x_StdPeriph_Driver\src\stm32f10x_exti.o
 .comment       0x00000000       0x71 build\Libraries\STM32F10x_StdPeriph_Driver\src\stm32f10x_adc.o
 .comment       0x00000000       0x71 build\Libraries\STM32F10x_StdPeriph_Driver\src\stm32f10x_tim.o
 .comment       0x00000000       0x71 build\Libraries\STM32F10x_StdPeriph_Driver\src\stm32f10x_flash.o
 .comment       0x00000000       0x71 build\Libraries\STM32F10x_StdPeriph_Driver\src\stm32f10x_gpio.o
 .comment       0x00000000       0x71 build\Libraries\STM32F10x_StdPeriph_Driver\src\stm32f10x_usart.o
 .comment       0x00000000       0x71 build\Libraries\STM32F10x_StdPeriph_Driver\src\stm32f10x_dma.o
 .comment       0x00000000       0x71 build\Libraries\STM32F10x_StdPeriph_Driver\src\misc.o
 .comment       0x00000000       0x71 build\motor\src\adc.o
 .comment       0x00000000       0x71 build\motor\src\cmd.o
 .comment       0x00000000       0x71 build\motor\src\counter.o
 .comment       0x00000000       0x71 build\motor\src\entry.o
 .comment       0x00000000       0x71 build\motor\src\pwm.o
 .comment       0x00000000       0x71 build\motor\src\vout.o
 .comment       0x00000000       0x71 build\motor\src\pga.o
 .comment       0x00000000       0x71 build\usb_hid\src\entry.o
 .comment       0x00000000       0x71 build\usb_hid\src\hw_config.o
 .comment       0x00000000       0x71 build\usb_hid\src\stm3210b_eval.o
 .comment       0x00000000       0x71 build\usb_hid\src\stm32_it.o
 .comment       0x00000000       0x71 build\usb_hid\src\usb_core.o
 .comment       0x00000000       0x71 build\usb_hid\src\usb_desc.o
 .comment       0x00000000       0x71 build\usb_hid\src\usb_endp.o
 .comment       0x00000000       0x71 build\usb_hid\src\usb_init.o
 .comment       0x00000000       0x71 build\usb_hid\src\usb_int.o
 .comment       0x00000000       0x71 build\usb_hid\src\usb_istr.o
 .comment       0x00000000       0x71 build\usb_hid\src\usb_mem.o
 .comment       0x00000000       0x71 build\usb_hid\src\usb_prop.o
 .comment       0x00000000       0x71 build\usb_hid\src\usb_pwr.o
 .comment       0x00000000       0x71 build\usb_hid\src\usb_regs.o
 .comment       0x00000000       0x71 build\usb_hid\src\usb_sil.o
 .comment       0x00000000       0x71 build\src\clock.o
 .comment       0x00000000       0x71 build\src\device.o
 .comment       0x00000000       0x71 build\src\idle.o
 .comment       0x00000000       0x71 build\src\ipc.o
 .comment       0x00000000       0x71 build\src\irq.o
 .comment       0x00000000       0x71 build\src\kservice.o
 .comment       0x00000000       0x71 build\src\mem.o
 .comment       0x00000000       0x71 build\src\object.o
 .comment       0x00000000       0x71 build\src\scheduler.o
 .comment       0x00000000       0x71 build\src\thread.o
 .comment       0x00000000       0x71 build\src\timer.o
 .comment       0x00000000       0x71 build\libcpu\arm\cortex-m3\cpuport.o
 .comment       0x00000000       0x71 build\components\drivers\serial\serial.o
 .comment       0x00000000       0x71 build\components\drivers\src\dataqueue.o
 .comment       0x00000000       0x71 build\components\libc\minilibc\stdlib.o
 .comment       0x00000000       0x71 build\components\libc\minilibc\string.o

.ARM.attributes
                0x00000000       0x29
 .ARM.attributes
                0x00000000       0x33 build\applications\application.o
 .ARM.attributes
                0x00000033       0x33 build\applications\startup.o
 .ARM.attributes
                0x00000066       0x33 build\drivers\board.o
 .ARM.attributes
                0x00000099       0x33 build\drivers\stm32f10x_it.o
 .ARM.attributes
                0x000000cc       0x33 build\drivers\led.o
 .ARM.attributes
                0x000000ff       0x33 build\drivers\usart.o
 .ARM.attributes
                0x00000132       0x33 build\Libraries\CMSIS\CM3\DeviceSupport\ST\STM32F10x\system_stm32f10x.o
 .ARM.attributes
                0x00000165       0x33 build\Libraries\STM32F10x_StdPeriph_Driver\src\stm32f10x_rcc.o
 .ARM.attributes
                0x00000198       0x33 build\Libraries\STM32F10x_StdPeriph_Driver\src\stm32f10x_exti.o
 .ARM.attributes
                0x000001cb       0x33 build\Libraries\STM32F10x_StdPeriph_Driver\src\stm32f10x_adc.o
 .ARM.attributes
                0x000001fe       0x33 build\Libraries\STM32F10x_StdPeriph_Driver\src\stm32f10x_tim.o
 .ARM.attributes
                0x00000231       0x33 build\Libraries\STM32F10x_StdPeriph_Driver\src\stm32f10x_flash.o
 .ARM.attributes
                0x00000264       0x33 build\Libraries\STM32F10x_StdPeriph_Driver\src\stm32f10x_gpio.o
 .ARM.attributes
                0x00000297       0x33 build\Libraries\STM32F10x_StdPeriph_Driver\src\stm32f10x_usart.o
 .ARM.attributes
                0x000002ca       0x33 build\Libraries\STM32F10x_StdPeriph_Driver\src\stm32f10x_dma.o
 .ARM.attributes
                0x000002fd       0x33 build\Libraries\STM32F10x_StdPeriph_Driver\src\misc.o
 .ARM.attributes
                0x00000330       0x21 build\Libraries\CMSIS\CM3\DeviceSupport\ST\STM32F10x\startup\gcc_ride7\startup_stm32f10x_md.o
 .ARM.attributes
                0x00000351       0x33 build\motor\src\adc.o
 .ARM.attributes
                0x00000384       0x33 build\motor\src\cmd.o
 .ARM.attributes
                0x000003b7       0x33 build\motor\src\counter.o
 .ARM.attributes
                0x000003ea       0x33 build\motor\src\entry.o
 .ARM.attributes
                0x0000041d       0x33 build\motor\src\pwm.o
 .ARM.attributes
                0x00000450       0x33 build\motor\src\vout.o
 .ARM.attributes
                0x00000483       0x33 build\motor\src\pga.o
 .ARM.attributes
                0x000004b6       0x33 build\usb_hid\src\entry.o
 .ARM.attributes
                0x000004e9       0x33 build\usb_hid\src\hw_config.o
 .ARM.attributes
                0x0000051c       0x33 build\usb_hid\src\stm3210b_eval.o
 .ARM.attributes
                0x0000054f       0x33 build\usb_hid\src\stm32_it.o
 .ARM.attributes
                0x00000582       0x33 build\usb_hid\src\usb_core.o
 .ARM.attributes
                0x000005b5       0x33 build\usb_hid\src\usb_desc.o
 .ARM.attributes
                0x000005e8       0x33 build\usb_hid\src\usb_endp.o
 .ARM.attributes
                0x0000061b       0x33 build\usb_hid\src\usb_init.o
 .ARM.attributes
                0x0000064e       0x33 build\usb_hid\src\usb_int.o
 .ARM.attributes
                0x00000681       0x33 build\usb_hid\src\usb_istr.o
 .ARM.attributes
                0x000006b4       0x33 build\usb_hid\src\usb_mem.o
 .ARM.attributes
                0x000006e7       0x33 build\usb_hid\src\usb_prop.o
 .ARM.attributes
                0x0000071a       0x33 build\usb_hid\src\usb_pwr.o
 .ARM.attributes
                0x0000074d       0x33 build\usb_hid\src\usb_regs.o
 .ARM.attributes
                0x00000780       0x33 build\usb_hid\src\usb_sil.o
 .ARM.attributes
                0x000007b3       0x33 build\src\clock.o
 .ARM.attributes
                0x000007e6       0x33 build\src\device.o
 .ARM.attributes
                0x00000819       0x33 build\src\idle.o
 .ARM.attributes
                0x0000084c       0x33 build\src\ipc.o
 .ARM.attributes
                0x0000087f       0x33 build\src\irq.o
 .ARM.attributes
                0x000008b2       0x33 build\src\kservice.o
 .ARM.attributes
                0x000008e5       0x33 build\src\mem.o
 .ARM.attributes
                0x00000918       0x33 build\src\object.o
 .ARM.attributes
                0x0000094b       0x33 build\src\scheduler.o
 .ARM.attributes
                0x0000097e       0x33 build\src\thread.o
 .ARM.attributes
                0x000009b1       0x33 build\src\timer.o
 .ARM.attributes
                0x000009e4       0x33 build\libcpu\arm\cortex-m3\cpuport.o
 .ARM.attributes
                0x00000a17       0x21 build\libcpu\arm\cortex-m3\context_gcc.o
 .ARM.attributes
                0x00000a38       0x33 build\components\drivers\serial\serial.o
 .ARM.attributes
                0x00000a6b       0x33 build\components\drivers\src\dataqueue.o
 .ARM.attributes
                0x00000a9e       0x33 build\components\libc\minilibc\stdlib.o
 .ARM.attributes
                0x00000ad1       0x33 build\components\libc\minilibc\string.o

.debug
 *(.debug)

.line
 *(.line)

.debug_srcinfo
 *(.debug_srcinfo)

.debug_sfnames
 *(.debug_sfnames)

.debug_aranges
 *(.debug_aranges)

.debug_pubnames
 *(.debug_pubnames)

.debug_info
 *(.debug_info .gnu.linkonce.wi.*)

.debug_abbrev
 *(.debug_abbrev)

.debug_line
 *(.debug_line)

.debug_frame
 *(.debug_frame)

.debug_str
 *(.debug_str)

.debug_loc
 *(.debug_loc)

.debug_macinfo
 *(.debug_macinfo)

.debug_weaknames
 *(.debug_weaknames)

.debug_funcnames
 *(.debug_funcnames)

.debug_typenames
 *(.debug_typenames)

.debug_varnames
 *(.debug_varnames)
OUTPUT(rtthread-stm32.elf elf32-littlearm)

Cross Reference Table

Symbol                                            File
ADC1ConvertedValue                                build\usb_hid\src\hw_config.o
ADC1ConvertedVoltage                              build\usb_hid\src\hw_config.o
ADC1_2_IRQHandler                                 build\Libraries\CMSIS\CM3\DeviceSupport\ST\STM32F10x\startup\gcc_ride7\startup_stm32f10x_md.o
ADC_AnalogWatchdogCmd                             build\Libraries\STM32F10x_StdPeriph_Driver\src\stm32f10x_adc.o
ADC_AnalogWatchdogSingleChannelConfig             build\Libraries\STM32F10x_StdPeriph_Driver\src\stm32f10x_adc.o
ADC_AnalogWatchdogThresholdsConfig                build\Libraries\STM32F10x_StdPeriph_Driver\src\stm32f10x_adc.o
ADC_AutoInjectedConvCmd                           build\Libraries\STM32F10x_StdPeriph_Driver\src\stm32f10x_adc.o
ADC_ClearFlag                                     build\Libraries\STM32F10x_StdPeriph_Driver\src\stm32f10x_adc.o
ADC_ClearITPendingBit                             build\Libraries\STM32F10x_StdPeriph_Driver\src\stm32f10x_adc.o
ADC_Cmd                                           build\Libraries\STM32F10x_StdPeriph_Driver\src\stm32f10x_adc.o
                                                  build\motor\src\adc.o
ADC_Configuration                                 build\usb_hid\src\hw_config.o
ADC_ConvertedValueX                               build\usb_hid\src\hw_config.o
ADC_ConvertedValueX_1                             build\usb_hid\src\hw_config.o
ADC_DMACmd                                        build\Libraries\STM32F10x_StdPeriph_Driver\src\stm32f10x_adc.o
                                                  build\motor\src\adc.o
ADC_DeInit                                        build\Libraries\STM32F10x_StdPeriph_Driver\src\stm32f10x_adc.o
                                                  build\motor\src\adc.o
ADC_DiscModeChannelCountConfig                    build\Libraries\STM32F10x_StdPeriph_Driver\src\stm32f10x_adc.o
ADC_DiscModeCmd                                   build\Libraries\STM32F10x_StdPeriph_Driver\src\stm32f10x_adc.o
ADC_ExternalTrigConvCmd                           build\Libraries\STM32F10x_StdPeriph_Driver\src\stm32f10x_adc.o
ADC_ExternalTrigInjectedConvCmd                   build\Libraries\STM32F10x_StdPeriph_Driver\src\stm32f10x_adc.o
ADC_ExternalTrigInjectedConvConfig                build\Libraries\STM32F10x_StdPeriph_Driver\src\stm32f10x_adc.o
ADC_GetCalibrationStatus                          build\Libraries\STM32F10x_StdPeriph_Driver\src\stm32f10x_adc.o
                                                  build\motor\src\adc.o
ADC_GetConversionValue                            build\Libraries\STM32F10x_StdPeriph_Driver\src\stm32f10x_adc.o
ADC_GetDualModeConversionValue                    build\Libraries\STM32F10x_StdPeriph_Driver\src\stm32f10x_adc.o
ADC_GetFlagStatus                                 build\Libraries\STM32F10x_StdPeriph_Driver\src\stm32f10x_adc.o
ADC_GetITStatus                                   build\Libraries\STM32F10x_StdPeriph_Driver\src\stm32f10x_adc.o
ADC_GetInjectedConversionValue                    build\Libraries\STM32F10x_StdPeriph_Driver\src\stm32f10x_adc.o
ADC_GetResetCalibrationStatus                     build\Libraries\STM32F10x_StdPeriph_Driver\src\stm32f10x_adc.o
                                                  build\motor\src\adc.o
ADC_GetSoftwareStartConvStatus                    build\Libraries\STM32F10x_StdPeriph_Driver\src\stm32f10x_adc.o
ADC_GetSoftwareStartInjectedConvCmdStatus         build\Libraries\STM32F10x_StdPeriph_Driver\src\stm32f10x_adc.o
ADC_ITConfig                                      build\Libraries\STM32F10x_StdPeriph_Driver\src\stm32f10x_adc.o
ADC_Init                                          build\Libraries\STM32F10x_StdPeriph_Driver\src\stm32f10x_adc.o
                                                  build\motor\src\adc.o
ADC_InjectedChannelConfig                         build\Libraries\STM32F10x_StdPeriph_Driver\src\stm32f10x_adc.o
ADC_InjectedDiscModeCmd                           build\Libraries\STM32F10x_StdPeriph_Driver\src\stm32f10x_adc.o
ADC_InjectedSequencerLengthConfig                 build\Libraries\STM32F10x_StdPeriph_Driver\src\stm32f10x_adc.o
ADC_RegularChannelConfig                          build\Libraries\STM32F10x_StdPeriph_Driver\src\stm32f10x_adc.o
                                                  build\motor\src\adc.o
ADC_ResetCalibration                              build\Libraries\STM32F10x_StdPeriph_Driver\src\stm32f10x_adc.o
                                                  build\motor\src\adc.o
ADC_SetInjectedOffset                             build\Libraries\STM32F10x_StdPeriph_Driver\src\stm32f10x_adc.o
ADC_SoftwareStartConvCmd                          build\Libraries\STM32F10x_StdPeriph_Driver\src\stm32f10x_adc.o
                                                  build\usb_hid\src\usb_prop.o
                                                  build\motor\src\adc.o
ADC_SoftwareStartInjectedConvCmd                  build\Libraries\STM32F10x_StdPeriph_Driver\src\stm32f10x_adc.o
ADC_StartCalibration                              build\Libraries\STM32F10x_StdPeriph_Driver\src\stm32f10x_adc.o